Archive member included to satisfy reference by file (symbol)

c:/ac6/systemworkbench/plugins/fr.ac6.mcu.externaltools.arm-none.win32_1.17.0.201812190825/tools/compiler/bin/../lib/gcc/arm-none-eabi/7.3.1/../../../../arm-none-eabi/lib/thumb/v7e-m/fpv4-sp/hard\libc.a(lib_a-exit.o)
                              c:/ac6/systemworkbench/plugins/fr.ac6.mcu.externaltools.arm-none.win32_1.17.0.201812190825/tools/compiler/bin/../lib/gcc/arm-none-eabi/7.3.1/../../../../arm-none-eabi/lib/thumb/v7e-m/fpv4-sp/hard/rdimon-crt0.o (exit)
c:/ac6/systemworkbench/plugins/fr.ac6.mcu.externaltools.arm-none.win32_1.17.0.201812190825/tools/compiler/bin/../lib/gcc/arm-none-eabi/7.3.1/../../../../arm-none-eabi/lib/thumb/v7e-m/fpv4-sp/hard\libc.a(lib_a-impure.o)
                              c:/ac6/systemworkbench/plugins/fr.ac6.mcu.externaltools.arm-none.win32_1.17.0.201812190825/tools/compiler/bin/../lib/gcc/arm-none-eabi/7.3.1/../../../../arm-none-eabi/lib/thumb/v7e-m/fpv4-sp/hard\libc.a(lib_a-exit.o) (_global_impure_ptr)
c:/ac6/systemworkbench/plugins/fr.ac6.mcu.externaltools.arm-none.win32_1.17.0.201812190825/tools/compiler/bin/../lib/gcc/arm-none-eabi/7.3.1/../../../../arm-none-eabi/lib/thumb/v7e-m/fpv4-sp/hard\libc.a(lib_a-init.o)
                              c:/ac6/systemworkbench/plugins/fr.ac6.mcu.externaltools.arm-none.win32_1.17.0.201812190825/tools/compiler/bin/../lib/gcc/arm-none-eabi/7.3.1/../../../../arm-none-eabi/lib/thumb/v7e-m/fpv4-sp/hard/rdimon-crt0.o (__libc_init_array)
c:/ac6/systemworkbench/plugins/fr.ac6.mcu.externaltools.arm-none.win32_1.17.0.201812190825/tools/compiler/bin/../lib/gcc/arm-none-eabi/7.3.1/../../../../arm-none-eabi/lib/thumb/v7e-m/fpv4-sp/hard\libc.a(lib_a-memset.o)
                              c:/ac6/systemworkbench/plugins/fr.ac6.mcu.externaltools.arm-none.win32_1.17.0.201812190825/tools/compiler/bin/../lib/gcc/arm-none-eabi/7.3.1/../../../../arm-none-eabi/lib/thumb/v7e-m/fpv4-sp/hard/rdimon-crt0.o (memset)
c:/ac6/systemworkbench/plugins/fr.ac6.mcu.externaltools.arm-none.win32_1.17.0.201812190825/tools/compiler/bin/../lib/gcc/arm-none-eabi/7.3.1/../../../../arm-none-eabi/lib/thumb/v7e-m/fpv4-sp/hard\libc.a(lib_a-__call_atexit.o)
                              c:/ac6/systemworkbench/plugins/fr.ac6.mcu.externaltools.arm-none.win32_1.17.0.201812190825/tools/compiler/bin/../lib/gcc/arm-none-eabi/7.3.1/../../../../arm-none-eabi/lib/thumb/v7e-m/fpv4-sp/hard\libc.a(lib_a-exit.o) (__call_exitprocs)
c:/ac6/systemworkbench/plugins/fr.ac6.mcu.externaltools.arm-none.win32_1.17.0.201812190825/tools/compiler/bin/../lib/gcc/arm-none-eabi/7.3.1/../../../../arm-none-eabi/lib/thumb/v7e-m/fpv4-sp/hard\libc.a(lib_a-atexit.o)
                              c:/ac6/systemworkbench/plugins/fr.ac6.mcu.externaltools.arm-none.win32_1.17.0.201812190825/tools/compiler/bin/../lib/gcc/arm-none-eabi/7.3.1/../../../../arm-none-eabi/lib/thumb/v7e-m/fpv4-sp/hard\libc.a(lib_a-__call_atexit.o) (atexit)
c:/ac6/systemworkbench/plugins/fr.ac6.mcu.externaltools.arm-none.win32_1.17.0.201812190825/tools/compiler/bin/../lib/gcc/arm-none-eabi/7.3.1/../../../../arm-none-eabi/lib/thumb/v7e-m/fpv4-sp/hard\libc.a(lib_a-fini.o)
                              c:/ac6/systemworkbench/plugins/fr.ac6.mcu.externaltools.arm-none.win32_1.17.0.201812190825/tools/compiler/bin/../lib/gcc/arm-none-eabi/7.3.1/../../../../arm-none-eabi/lib/thumb/v7e-m/fpv4-sp/hard\libc.a(lib_a-__call_atexit.o) (__libc_fini_array)
c:/ac6/systemworkbench/plugins/fr.ac6.mcu.externaltools.arm-none.win32_1.17.0.201812190825/tools/compiler/bin/../lib/gcc/arm-none-eabi/7.3.1/../../../../arm-none-eabi/lib/thumb/v7e-m/fpv4-sp/hard\libc.a(lib_a-lock.o)
                              c:/ac6/systemworkbench/plugins/fr.ac6.mcu.externaltools.arm-none.win32_1.17.0.201812190825/tools/compiler/bin/../lib/gcc/arm-none-eabi/7.3.1/../../../../arm-none-eabi/lib/thumb/v7e-m/fpv4-sp/hard\libc.a(lib_a-__call_atexit.o) (__retarget_lock_acquire_recursive)
c:/ac6/systemworkbench/plugins/fr.ac6.mcu.externaltools.arm-none.win32_1.17.0.201812190825/tools/compiler/bin/../lib/gcc/arm-none-eabi/7.3.1/../../../../arm-none-eabi/lib/thumb/v7e-m/fpv4-sp/hard\libc.a(lib_a-__atexit.o)
                              c:/ac6/systemworkbench/plugins/fr.ac6.mcu.externaltools.arm-none.win32_1.17.0.201812190825/tools/compiler/bin/../lib/gcc/arm-none-eabi/7.3.1/../../../../arm-none-eabi/lib/thumb/v7e-m/fpv4-sp/hard\libc.a(lib_a-atexit.o) (__register_exitproc)
c:/ac6/systemworkbench/plugins/fr.ac6.mcu.externaltools.arm-none.win32_1.17.0.201812190825/tools/compiler/bin/../lib/gcc/arm-none-eabi/7.3.1/../../../../arm-none-eabi/lib/thumb/v7e-m/fpv4-sp/hard\librdimon.a(rdimon-syscalls.o)
                              c:/ac6/systemworkbench/plugins/fr.ac6.mcu.externaltools.arm-none.win32_1.17.0.201812190825/tools/compiler/bin/../lib/gcc/arm-none-eabi/7.3.1/../../../../arm-none-eabi/lib/thumb/v7e-m/fpv4-sp/hard/rdimon-crt0.o (initialise_monitor_handles)
[...]
Memory Configuration

Name             Origin             Length             Attributes
RAM              0x20000000         0x00020000         xrw
ROM              0x08000000         0x00080000         xr
*default*        0x00000000         0xffffffff

Linker script and memory map

LOAD c:/ac6/systemworkbench/plugins/fr.ac6.mcu.externaltools.arm-none.win32_1.17.0.201812190825/tools/compiler/bin/../lib/gcc/arm-none-eabi/7.3.1/thumb/v7e-m/fpv4-sp/hard/crti.o
LOAD c:/ac6/systemworkbench/plugins/fr.ac6.mcu.externaltools.arm-none.win32_1.17.0.201812190825/tools/compiler/bin/../lib/gcc/arm-none-eabi/7.3.1/thumb/v7e-m/fpv4-sp/hard/crtbegin.o
LOAD c:/ac6/systemworkbench/plugins/fr.ac6.mcu.externaltools.arm-none.win32_1.17.0.201812190825/tools/compiler/bin/../lib/gcc/arm-none-eabi/7.3.1/../../../../arm-none-eabi/lib/thumb/v7e-m/fpv4-sp/hard/rdimon-crt0.o
LOAD c:/ac6/systemworkbench/plugins/fr.ac6.mcu.externaltools.arm-none.win32_1.17.0.201812190825/tools/compiler/bin/../lib/gcc/arm-none-eabi/7.3.1/../../../../arm-none-eabi/lib/thumb/v7e-m/fpv4-sp/hard\libc.a
LOAD c:/ac6/systemworkbench/plugins/fr.ac6.mcu.externaltools.arm-none.win32_1.17.0.201812190825/tools/compiler/bin/../lib/gcc/arm-none-eabi/7.3.1/../../../../arm-none-eabi/lib/thumb/v7e-m/fpv4-sp/hard\librdimon.a
LOAD StdPeriph_Driver/Third_party/FreeRTOS/org/Source/croutine.o
LOAD StdPeriph_Driver/Third_party/FreeRTOS/org/Source/event_groups.o
LOAD StdPeriph_Driver/Third_party/FreeRTOS/org/Source/list.o
LOAD StdPeriph_Driver/Third_party/FreeRTOS/org/Source/queue.o
LOAD StdPeriph_Driver/Third_party/FreeRTOS/org/Source/stream_buffer.o
LOAD StdPeriph_Driver/Third_party/FreeRTOS/org/Source/tasks.o
LOAD StdPeriph_Driver/Third_party/FreeRTOS/org/Source/timers.o
LOAD StdPeriph_Driver/Third_party/FreeRTOS/org/Source/portable/GCC/ARM_CM4F/port.o
LOAD StdPeriph_Driver/Third_party/FreeRTOS/org/Source/portable/MemMang/heap_4.o
LOAD StdPeriph_Driver/Third_party/SEGGER/Config/SEGGER_SYSVIEW_Config_FreeRTOS.o
LOAD StdPeriph_Driver/Third_party/SEGGER/OS/SEGGER_SYSVIEW_FreeRTOS.o
LOAD StdPeriph_Driver/Third_party/SEGGER/SEGGER/SEGGER_RTT.o
LOAD StdPeriph_Driver/Third_party/SEGGER/SEGGER/SEGGER_SYSVIEW.o
LOAD StdPeriph_Driver/src/misc.o
LOAD StdPeriph_Driver/src/stm32f4xx_adc.o
LOAD StdPeriph_Driver/src/stm32f4xx_can.o
LOAD StdPeriph_Driver/src/stm32f4xx_cec.o
LOAD StdPeriph_Driver/src/stm32f4xx_crc.o
LOAD StdPeriph_Driver/src/stm32f4xx_cryp.o
LOAD StdPeriph_Driver/src/stm32f4xx_cryp_aes.o
LOAD StdPeriph_Driver/src/stm32f4xx_cryp_des.o
LOAD StdPeriph_Driver/src/stm32f4xx_cryp_tdes.o
LOAD StdPeriph_Driver/src/stm32f4xx_dac.o
LOAD StdPeriph_Driver/src/stm32f4xx_dbgmcu.o
LOAD StdPeriph_Driver/src/stm32f4xx_dcmi.o
LOAD StdPeriph_Driver/src/stm32f4xx_dfsdm.o
LOAD StdPeriph_Driver/src/stm32f4xx_dma.o
LOAD StdPeriph_Driver/src/stm32f4xx_dma2d.o
LOAD StdPeriph_Driver/src/stm32f4xx_dsi.o
LOAD StdPeriph_Driver/src/stm32f4xx_exti.o
LOAD StdPeriph_Driver/src/stm32f4xx_flash.o
LOAD StdPeriph_Driver/src/stm32f4xx_flash_ramfunc.o
LOAD StdPeriph_Driver/src/stm32f4xx_fmc.o
LOAD StdPeriph_Driver/src/stm32f4xx_fmip2c.o
LOAD StdPeriph_Driver/src/stm32f4xx_fsmc.o
LOAD StdPeriph_Driver/src/stm32f4xx_gpio.o
LOAD StdPeriph_Driver/src/stm32f4xx_hash.o
LOAD StdPeriph_Driver/src/stm32f4xx_hash_md5.o
LOAD StdPeriph_Driver/src/stm32f4xx_hash_sha1.o
LOAD StdPeriph_Driver/src/stm32f4xx_i2c.o
LOAD StdPeriph_Driver/src/stm32f4xx_iwdg.o
LOAD StdPeriph_Driver/src/stm32f4xx_lptim.o
LOAD StdPeriph_Driver/src/stm32f4xx_ltdc.o
LOAD StdPeriph_Driver/src/stm32f4xx_pwr.o
LOAD StdPeriph_Driver/src/stm32f4xx_qspi.o
LOAD StdPeriph_Driver/src/stm32f4xx_rcc.o
LOAD StdPeriph_Driver/src/stm32f4xx_rng.o
LOAD StdPeriph_Driver/src/stm32f4xx_rtc.o
LOAD StdPeriph_Driver/src/stm32f4xx_sai.o
LOAD StdPeriph_Driver/src/stm32f4xx_sdio.o
LOAD StdPeriph_Driver/src/stm32f4xx_spdifrx.o
LOAD StdPeriph_Driver/src/stm32f4xx_spi.o
LOAD StdPeriph_Driver/src/stm32f4xx_syscfg.o
LOAD StdPeriph_Driver/src/stm32f4xx_tim.o
LOAD StdPeriph_Driver/src/stm32f4xx_usart.o
LOAD StdPeriph_Driver/src/stm32f4xx_wwdg.o
LOAD Third_party/FreeRTOS/org/Source/croutine.o
LOAD Third_party/FreeRTOS/org/Source/event_groups.o
LOAD Third_party/FreeRTOS/org/Source/list.o
LOAD Third_party/FreeRTOS/org/Source/queue.o
LOAD Third_party/FreeRTOS/org/Source/stream_buffer.o
LOAD Third_party/FreeRTOS/org/Source/tasks.o
LOAD Third_party/FreeRTOS/org/Source/timers.o
LOAD Third_party/FreeRTOS/org/Source/portable/GCC/ARM_CM4F/port.o
LOAD Third_party/FreeRTOS/org/Source/portable/MemMang/heap_4.o
LOAD Third_party/SEGGER/Config/SEGGER_SYSVIEW_Config_FreeRTOS.o
LOAD Third_party/SEGGER/OS/SEGGER_SYSVIEW_FreeRTOS.o
LOAD Third_party/SEGGER/SEGGER/SEGGER_RTT.o
LOAD Third_party/SEGGER/SEGGER/SEGGER_SYSVIEW.o
LOAD src/002LED_BUTTON.o
LOAD src/system_stm32f4xx.o
LOAD startup/startup_stm32.o
LOAD c:/ac6/systemworkbench/plugins/fr.ac6.mcu.externaltools.arm-none.win32_1.17.0.201812190825/tools/compiler/bin/../lib/gcc/arm-none-eabi/7.3.1/../../../../arm-none-eabi/lib/thumb/v7e-m/fpv4-sp/hard\libm.a
START GROUP
LOAD c:/ac6/systemworkbench/plugins/fr.ac6.mcu.externaltools.arm-none.win32_1.17.0.201812190825/tools/compiler/bin/../lib/gcc/arm-none-eabi/7.3.1/thumb/v7e-m/fpv4-sp/hard\libgcc.a
LOAD c:/ac6/systemworkbench/plugins/fr.ac6.mcu.externaltools.arm-none.win32_1.17.0.201812190825/tools/compiler/bin/../lib/gcc/arm-none-eabi/7.3.1/../../../../arm-none-eabi/lib/thumb/v7e-m/fpv4-sp/hard\libc.a
END GROUP
START GROUP
LOAD c:/ac6/systemworkbench/plugins/fr.ac6.mcu.externaltools.arm-none.win32_1.17.0.201812190825/tools/compiler/bin/../lib/gcc/arm-none-eabi/7.3.1/thumb/v7e-m/fpv4-sp/hard\libgcc.a
LOAD c:/ac6/systemworkbench/plugins/fr.ac6.mcu.externaltools.arm-none.win32_1.17.0.201812190825/tools/compiler/bin/../lib/gcc/arm-none-eabi/7.3.1/../../../../arm-none-eabi/lib/thumb/v7e-m/fpv4-sp/hard\libc.a
LOAD c:/ac6/systemworkbench/plugins/fr.ac6.mcu.externaltools.arm-none.win32_1.17.0.201812190825/tools/compiler/bin/../lib/gcc/arm-none-eabi/7.3.1/../../../../arm-none-eabi/lib/thumb/v7e-m/fpv4-sp/hard\librdimon.a
END GROUP
LOAD c:/ac6/systemworkbench/plugins/fr.ac6.mcu.externaltools.arm-none.win32_1.17.0.201812190825/tools/compiler/bin/../lib/gcc/arm-none-eabi/7.3.1/thumb/v7e-m/fpv4-sp/hard/crtend.o
LOAD c:/ac6/systemworkbench/plugins/fr.ac6.mcu.externaltools.arm-none.win32_1.17.0.201812190825/tools/compiler/bin/../lib/gcc/arm-none-eabi/7.3.1/thumb/v7e-m/fpv4-sp/hard/crtn.o
                0x20020000                _estack = 0x20020000
                0x00000000                _Min_Heap_Size = 0x0
                0x00000400                _Min_Stack_Size = 0x400

.isr_vector     0x08000000      0x1c4
                0x08000000                . = ALIGN (0x4)
 *(.isr_vector)
 .isr_vector    0x08000000      0x1c4 startup/startup_stm32.o
                0x08000000                g_pfnVectors
                0x080001c4                . = ALIGN (0x4)

.text           0x080001d0     0x37dc
                0x080001d0                . = ALIGN (0x4)
 *(.text)
 .text          0x080001d0       0x40 c:/ac6/systemworkbench/plugins/fr.ac6.mcu.externaltools.arm-none.win32_1.17.0.201812190825/tools/compiler/bin/../lib/gcc/arm-none-eabi/7.3.1/thumb/v7e-m/fpv4-sp/hard/crtbegin.o
 .text          0x08000210      0x134 c:/ac6/systemworkbench/plugins/fr.ac6.mcu.externaltools.arm-none.win32_1.17.0.201812190825/tools/compiler/bin/../lib/gcc/arm-none-eabi/7.3.1/../../../../arm-none-eabi/lib/thumb/v7e-m/fpv4-sp/hard\libc.a(lib_a-memcpy.o)
                0x08000210                memcpy
 *(.text*)
 .text.__libc_init_array
                0x08000344       0x48 c:/ac6/systemworkbench/plugins/fr.ac6.mcu.externaltools.arm-none.win32_1.17.0.201812190825/tools/compiler/bin/../lib/gcc/arm-none-eabi/7.3.1/../../../../arm-none-eabi/lib/thumb/v7e-m/fpv4-sp/hard\libc.a(lib_a-init.o)
                0x08000344                __libc_init_array
 .text.memset   0x0800038c       0x94 c:/ac6/systemworkbench/plugins/fr.ac6.mcu.externaltools.arm-none.win32_1.17.0.201812190825/tools/compiler/bin/../lib/gcc/arm-none-eabi/7.3.1/../../../../arm-none-eabi/lib/thumb/v7e-m/fpv4-sp/hard\libc.a(lib_a-memset.o)
                0x0800038c                memset
 .text.startup.register_fini
                0x08000420       0x14 c:/ac6/systemworkbench/plugins/fr.ac6.mcu.externaltools.arm-none.win32_1.17.0.201812190825/tools/compiler/bin/../lib/gcc/arm-none-eabi/7.3.1/../../../../arm-none-eabi/lib/thumb/v7e-m/fpv4-sp/hard\libc.a(lib_a-__call_atexit.o)
 .text.atexit   0x08000434        0xc c:/ac6/systemworkbench/plugins/fr.ac6.mcu.externaltools.arm-none.win32_1.17.0.201812190825/tools/compiler/bin/../lib/gcc/arm-none-eabi/7.3.1/../../../../arm-none-eabi/lib/thumb/v7e-m/fpv4-sp/hard\libc.a(lib_a-atexit.o)
                0x08000434                atexit
 .text.__libc_fini_array
                0x08000440       0x34 c:/ac6/systemworkbench/plugins/fr.ac6.mcu.externaltools.arm-none.win32_1.17.0.201812190825/tools/compiler/bin/../lib/gcc/arm-none-eabi/7.3.1/../../../../arm-none-eabi/lib/thumb/v7e-m/fpv4-sp/hard\libc.a(lib_a-fini.o)
                0x08000440                __libc_fini_array
 .text.__retarget_lock_acquire_recursive
                0x08000474        0x4 c:/ac6/systemworkbench/plugins/fr.ac6.mcu.externaltools.arm-none.win32_1.17.0.201812190825/tools/compiler/bin/../lib/gcc/arm-none-eabi/7.3.1/../../../../arm-none-eabi/lib/thumb/v7e-m/fpv4-sp/hard\libc.a(lib_a-lock.o)
                0x08000474                __retarget_lock_acquire_recursive
 .text.__retarget_lock_release_recursive
                0x08000478        0x4 c:/ac6/systemworkbench/plugins/fr.ac6.mcu.externaltools.arm-none.win32_1.17.0.201812190825/tools/compiler/bin/../lib/gcc/arm-none-eabi/7.3.1/../../../../arm-none-eabi/lib/thumb/v7e-m/fpv4-sp/hard\libc.a(lib_a-lock.o)
                0x08000478                __retarget_lock_release_recursive
 .text.__register_exitproc
                0x0800047c       0xc0 c:/ac6/systemworkbench/plugins/fr.ac6.mcu.externaltools.arm-none.win32_1.17.0.201812190825/tools/compiler/bin/../lib/gcc/arm-none-eabi/7.3.1/../../../../arm-none-eabi/lib/thumb/v7e-m/fpv4-sp/hard\libc.a(lib_a-__atexit.o)
                0x0800047c                __register_exitproc
 .text.vListInitialise
                0x0800053c       0x40 StdPeriph_Driver/Third_party/FreeRTOS/org/Source/list.o
                0x0800053c                vListInitialise
 .text.vListInitialiseItem
                0x0800057c       0x1a StdPeriph_Driver/Third_party/FreeRTOS/org/Source/list.o
                0x0800057c                vListInitialiseItem
 .text.vListInsertEnd
                0x08000596       0x48 StdPeriph_Driver/Third_party/FreeRTOS/org/Source/list.o
                0x08000596                vListInsertEnd
 .text.uxListRemove
                0x080005de       0x54 StdPeriph_Driver/Third_party/FreeRTOS/org/Source/list.o
                0x080005de                uxListRemove
 .text.xTaskCreate
                0x08000632       0x82 StdPeriph_Driver/Third_party/FreeRTOS/org/Source/tasks.o
                0x08000632                xTaskCreate
 .text.prvInitialiseNewTask
                0x080006b4      0x11c StdPeriph_Driver/Third_party/FreeRTOS/org/Source/tasks.o
 .text.prvAddNewTaskToReadyList
                0x080007d0       0xfc StdPeriph_Driver/Third_party/FreeRTOS/org/Source/tasks.o
 .text.vTaskStartScheduler
                0x080008cc       0xb4 StdPeriph_Driver/Third_party/FreeRTOS/org/Source/tasks.o
                0x080008cc                vTaskStartScheduler
 .text.vTaskSuspendAll
                0x08000980       0x1c StdPeriph_Driver/Third_party/FreeRTOS/org/Source/tasks.o
                0x08000980                vTaskSuspendAll
 .text.xTaskResumeAll
                0x0800099c      0x124 StdPeriph_Driver/Third_party/FreeRTOS/org/Source/tasks.o
                0x0800099c                xTaskResumeAll
 .text.xTaskGetTickCountFromISR
                0x08000ac0       0x24 StdPeriph_Driver/Third_party/FreeRTOS/org/Source/tasks.o
                0x08000ac0                xTaskGetTickCountFromISR
 .text.xTaskIncrementTick
                0x08000ae4      0x130 StdPeriph_Driver/Third_party/FreeRTOS/org/Source/tasks.o
                0x08000ae4                xTaskIncrementTick
 .text.vTaskSwitchContext
                0x08000c14       0xdc StdPeriph_Driver/Third_party/FreeRTOS/org/Source/tasks.o
                0x08000c14                vTaskSwitchContext
 .text.prvIdleTask
                0x08000cf0       0x24 StdPeriph_Driver/Third_party/FreeRTOS/org/Source/tasks.o
 .text.prvInitialiseTaskLists
                0x08000d14       0x80 StdPeriph_Driver/Third_party/FreeRTOS/org/Source/tasks.o
 .text.prvCheckTasksWaitingTermination
                0x08000d94       0x58 StdPeriph_Driver/Third_party/FreeRTOS/org/Source/tasks.o
 .text.prvDeleteTCB
                0x08000dec       0x20 StdPeriph_Driver/Third_party/FreeRTOS/org/Source/tasks.o
 .text.prvResetNextTaskUnblockTime
                0x08000e0c       0x40 StdPeriph_Driver/Third_party/FreeRTOS/org/Source/tasks.o
 .text.pxPortInitialiseStack
                0x08000e4c       0x68 StdPeriph_Driver/Third_party/FreeRTOS/org/Source/portable/GCC/ARM_CM4F/port.o
                0x08000e4c                pxPortInitialiseStack
 .text.prvTaskExitError
                0x08000eb4       0x54 StdPeriph_Driver/Third_party/FreeRTOS/org/Source/portable/GCC/ARM_CM4F/port.o
 *fill*         0x08000f08        0x8 
 .text.SVC_Handler
                0x08000f10       0x28 StdPeriph_Driver/Third_party/FreeRTOS/org/Source/portable/GCC/ARM_CM4F/port.o
                0x08000f10                SVC_Handler
 .text.prvPortStartFirstTask
                0x08000f38       0x28 StdPeriph_Driver/Third_party/FreeRTOS/org/Source/portable/GCC/ARM_CM4F/port.o
 .text.xPortStartScheduler
                0x08000f60      0x13c StdPeriph_Driver/Third_party/FreeRTOS/org/Source/portable/GCC/ARM_CM4F/port.o
                0x08000f60                xPortStartScheduler
 .text.vPortEnterCritical
                0x0800109c       0x5c StdPeriph_Driver/Third_party/FreeRTOS/org/Source/portable/GCC/ARM_CM4F/port.o
                0x0800109c                vPortEnterCritical
 .text.vPortExitCritical
                0x080010f8       0x50 StdPeriph_Driver/Third_party/FreeRTOS/org/Source/portable/GCC/ARM_CM4F/port.o
                0x080010f8                vPortExitCritical
 *fill*         0x08001148        0x8 
 .text.PendSV_Handler
                0x08001150       0x68 StdPeriph_Driver/Third_party/FreeRTOS/org/Source/portable/GCC/ARM_CM4F/port.o
                0x08001150                PendSV_Handler
 .text.SysTick_Handler
                0x080011b8       0x50 StdPeriph_Driver/Third_party/FreeRTOS/org/Source/portable/GCC/ARM_CM4F/port.o
                0x080011b8                SysTick_Handler
 .text.vPortSetupTimerInterrupt
                0x08001208       0x48 StdPeriph_Driver/Third_party/FreeRTOS/org/Source/portable/GCC/ARM_CM4F/port.o
                0x08001208                vPortSetupTimerInterrupt
 .text.vPortEnableVFP
                0x08001250       0x14 StdPeriph_Driver/Third_party/FreeRTOS/org/Source/portable/GCC/ARM_CM4F/port.o
 .text.vPortValidateInterruptPriority
                0x08001264       0x7c StdPeriph_Driver/Third_party/FreeRTOS/org/Source/portable/GCC/ARM_CM4F/port.o
                0x08001264                vPortValidateInterruptPriority
 .text.pvPortMalloc
                0x080012e0      0x184 StdPeriph_Driver/Third_party/FreeRTOS/org/Source/portable/MemMang/heap_4.o
                0x080012e0                pvPortMalloc
 .text.vPortFree
                0x08001464       0xb0 StdPeriph_Driver/Third_party/FreeRTOS/org/Source/portable/MemMang/heap_4.o
                0x08001464                vPortFree
 .text.prvHeapInit
                0x08001514       0xc4 StdPeriph_Driver/Third_party/FreeRTOS/org/Source/portable/MemMang/heap_4.o
 .text.prvInsertBlockIntoFreeList
                0x080015d8       0xb4 StdPeriph_Driver/Third_party/FreeRTOS/org/Source/portable/MemMang/heap_4.o
 .text._cbSendSystemDesc
                0x0800168c       0x1c StdPeriph_Driver/Third_party/SEGGER/Config/SEGGER_SYSVIEW_Config_FreeRTOS.o
 .text.SEGGER_SYSVIEW_Conf
                0x080016a8       0x2c StdPeriph_Driver/Third_party/SEGGER/Config/SEGGER_SYSVIEW_Config_FreeRTOS.o
                0x080016a8                SEGGER_SYSVIEW_Conf
 .text._cbSendTaskList
                0x080016d4       0x90 StdPeriph_Driver/Third_party/SEGGER/OS/SEGGER_SYSVIEW_FreeRTOS.o
 .text._cbGetTime
                0x08001764       0x76 StdPeriph_Driver/Third_party/SEGGER/OS/SEGGER_SYSVIEW_FreeRTOS.o
 *fill*         0x080017da        0x2 
 .text.SYSVIEW_AddTask
                0x080017dc       0xd0 StdPeriph_Driver/Third_party/SEGGER/OS/SEGGER_SYSVIEW_FreeRTOS.o
                0x080017dc                SYSVIEW_AddTask
 .text.SYSVIEW_SendTaskInfo
                0x080018ac       0x42 StdPeriph_Driver/Third_party/SEGGER/OS/SEGGER_SYSVIEW_FreeRTOS.o
                0x080018ac                SYSVIEW_SendTaskInfo
 *fill*         0x080018ee        0x2 
 .text._DoInit  0x080018f0       0xa4 StdPeriph_Driver/Third_party/SEGGER/SEGGER/SEGGER_RTT.o
 .text.SEGGER_RTT_ReadNoLock
                0x08001994      0x104 StdPeriph_Driver/Third_party/SEGGER/SEGGER/SEGGER_RTT.o
                0x08001994                SEGGER_RTT_ReadNoLock
 .text.SEGGER_RTT_WriteSkipNoLock
                0x08001a98      0x120 StdPeriph_Driver/Third_party/SEGGER/SEGGER/SEGGER_RTT.o
                0x08001a98                SEGGER_RTT_WriteSkipNoLock
 .text.SEGGER_RTT_ConfigUpBuffer
                0x08001bb8       0xd4 StdPeriph_Driver/Third_party/SEGGER/SEGGER/SEGGER_RTT.o
                0x08001bb8                SEGGER_RTT_ConfigUpBuffer
 .text.SEGGER_RTT_ConfigDownBuffer
                0x08001c8c       0xd4 StdPeriph_Driver/Third_party/SEGGER/SEGGER/SEGGER_RTT.o
                0x08001c8c                SEGGER_RTT_ConfigDownBuffer
 .text._EncodeStr
                0x08001d60       0x9a StdPeriph_Driver/Third_party/SEGGER/SEGGER/SEGGER_SYSVIEW.o
 .text._PreparePacket
                0x08001dfa       0x18 StdPeriph_Driver/Third_party/SEGGER/SEGGER/SEGGER_SYSVIEW.o
 .text._HandleIncomingPacket
                0x08001e12       0xb8 StdPeriph_Driver/Third_party/SEGGER/SEGGER/SEGGER_SYSVIEW.o
 *fill*         0x08001eca        0x2 
 .text._TrySendOverflowPacket
                0x08001ecc       0xe0 StdPeriph_Driver/Third_party/SEGGER/SEGGER/SEGGER_SYSVIEW.o
 .text._SendPacket
                0x08001fac      0x1a8 StdPeriph_Driver/Third_party/SEGGER/SEGGER/SEGGER_SYSVIEW.o
 .text.SEGGER_SYSVIEW_Init
                0x08002154       0x7c StdPeriph_Driver/Third_party/SEGGER/SEGGER/SEGGER_SYSVIEW.o
                0x08002154                SEGGER_SYSVIEW_Init
 .text.SEGGER_SYSVIEW_SetRAMBase
                0x080021d0       0x20 StdPeriph_Driver/Third_party/SEGGER/SEGGER/SEGGER_SYSVIEW.o
                0x080021d0                SEGGER_SYSVIEW_SetRAMBase
 .text.SEGGER_SYSVIEW_RecordVoid
                0x080021f0       0x3c StdPeriph_Driver/Third_party/SEGGER/SEGGER/SEGGER_SYSVIEW.o
                0x080021f0                SEGGER_SYSVIEW_RecordVoid
 .text.SEGGER_SYSVIEW_RecordU32
                0x0800222c       0x78 StdPeriph_Driver/Third_party/SEGGER/SEGGER/SEGGER_SYSVIEW.o
                0x0800222c                SEGGER_SYSVIEW_RecordU32
 .text.SEGGER_SYSVIEW_RecordU32x2
                0x080022a4       0xb4 StdPeriph_Driver/Third_party/SEGGER/SEGGER/SEGGER_SYSVIEW.o
                0x080022a4                SEGGER_SYSVIEW_RecordU32x2
 .text.SEGGER_SYSVIEW_Start
                0x08002358      0x178 StdPeriph_Driver/Third_party/SEGGER/SEGGER/SEGGER_SYSVIEW.o
                0x08002358                SEGGER_SYSVIEW_Start
 .text.SEGGER_SYSVIEW_Stop
                0x080024d0       0x4c StdPeriph_Driver/Third_party/SEGGER/SEGGER/SEGGER_SYSVIEW.o
                0x080024d0                SEGGER_SYSVIEW_Stop
 .text.SEGGER_SYSVIEW_GetSysDesc
                0x0800251c      0x134 StdPeriph_Driver/Third_party/SEGGER/SEGGER/SEGGER_SYSVIEW.o
                0x0800251c                SEGGER_SYSVIEW_GetSysDesc
 .text.SEGGER_SYSVIEW_SendTaskInfo
                0x08002650      0x1cc StdPeriph_Driver/Third_party/SEGGER/SEGGER/SEGGER_SYSVIEW.o
                0x08002650                SEGGER_SYSVIEW_SendTaskInfo
 .text.SEGGER_SYSVIEW_SendTaskList
                0x0800281c       0x28 StdPeriph_Driver/Third_party/SEGGER/SEGGER/SEGGER_SYSVIEW.o
                0x0800281c                SEGGER_SYSVIEW_SendTaskList
 .text.SEGGER_SYSVIEW_SendSysDesc
                0x08002844       0x48 StdPeriph_Driver/Third_party/SEGGER/SEGGER/SEGGER_SYSVIEW.o
                0x08002844                SEGGER_SYSVIEW_SendSysDesc
 .text.SEGGER_SYSVIEW_RecordSystime
                0x0800288c       0x60 StdPeriph_Driver/Third_party/SEGGER/SEGGER/SEGGER_SYSVIEW.o
                0x0800288c                SEGGER_SYSVIEW_RecordSystime
 .text.SEGGER_SYSVIEW_RecordEnterISR
                0x080028ec       0x84 StdPeriph_Driver/Third_party/SEGGER/SEGGER/SEGGER_SYSVIEW.o
                0x080028ec                SEGGER_SYSVIEW_RecordEnterISR
 .text.SEGGER_SYSVIEW_RecordExitISR
                0x08002970       0x38 StdPeriph_Driver/Third_party/SEGGER/SEGGER/SEGGER_SYSVIEW.o
                0x08002970                SEGGER_SYSVIEW_RecordExitISR
 .text.SEGGER_SYSVIEW_RecordExitISRToScheduler
                0x080029a8       0x38 StdPeriph_Driver/Third_party/SEGGER/SEGGER/SEGGER_SYSVIEW.o
                0x080029a8                SEGGER_SYSVIEW_RecordExitISRToScheduler
 .text.SEGGER_SYSVIEW_OnIdle
                0x080029e0       0x38 StdPeriph_Driver/Third_party/SEGGER/SEGGER/SEGGER_SYSVIEW.o
                0x080029e0                SEGGER_SYSVIEW_OnIdle
 .text.SEGGER_SYSVIEW_OnTaskCreate
                0x08002a18       0x88 StdPeriph_Driver/Third_party/SEGGER/SEGGER/SEGGER_SYSVIEW.o
                0x08002a18                SEGGER_SYSVIEW_OnTaskCreate
 .text.SEGGER_SYSVIEW_OnTaskStartExec
                0x08002aa0       0x88 StdPeriph_Driver/Third_party/SEGGER/SEGGER/SEGGER_SYSVIEW.o
                0x08002aa0                SEGGER_SYSVIEW_OnTaskStartExec
 .text.SEGGER_SYSVIEW_OnTaskStartReady
                0x08002b28       0x88 StdPeriph_Driver/Third_party/SEGGER/SEGGER/SEGGER_SYSVIEW.o
                0x08002b28                SEGGER_SYSVIEW_OnTaskStartReady
 .text.SEGGER_SYSVIEW_SendModule
                0x08002bb0      0x100 StdPeriph_Driver/Third_party/SEGGER/SEGGER/SEGGER_SYSVIEW.o
                0x08002bb0                SEGGER_SYSVIEW_SendModule
 .text.SEGGER_SYSVIEW_SendModuleDescription
                0x08002cb0       0x3c StdPeriph_Driver/Third_party/SEGGER/SEGGER/SEGGER_SYSVIEW.o
                0x08002cb0                SEGGER_SYSVIEW_SendModuleDescription
 .text.SEGGER_SYSVIEW_SendNumModules
                0x08002cec       0x7c StdPeriph_Driver/Third_party/SEGGER/SEGGER/SEGGER_SYSVIEW.o
                0x08002cec                SEGGER_SYSVIEW_SendNumModules
 .text.SEGGER_SYSVIEW_Warn
                0x08002d68       0xb8 StdPeriph_Driver/Third_party/SEGGER/SEGGER/SEGGER_SYSVIEW.o
                0x08002d68                SEGGER_SYSVIEW_Warn
 .text.GPIO_Init
                0x08002e20      0x11c StdPeriph_Driver/src/stm32f4xx_gpio.o
                0x08002e20                GPIO_Init
 .text.GPIO_PinAFConfig
                0x08002f3c       0x92 StdPeriph_Driver/src/stm32f4xx_gpio.o
                0x08002f3c                GPIO_PinAFConfig
 *fill*         0x08002fce        0x2 
 .text.RCC_DeInit
                0x08002fd0       0x70 StdPeriph_Driver/src/stm32f4xx_rcc.o
                0x08002fd0                RCC_DeInit
 .text.RCC_GetClocksFreq
                0x08003040      0x1f4 StdPeriph_Driver/src/stm32f4xx_rcc.o
                0x08003040                RCC_GetClocksFreq
 .text.RCC_AHB1PeriphClockCmd
                0x08003234       0x40 StdPeriph_Driver/src/stm32f4xx_rcc.o
                0x08003234                RCC_AHB1PeriphClockCmd
 .text.RCC_APB1PeriphClockCmd
                0x08003274       0x40 StdPeriph_Driver/src/stm32f4xx_rcc.o
                0x08003274                RCC_APB1PeriphClockCmd
 .text.USART_Init
                0x080032b4      0x174 StdPeriph_Driver/src/stm32f4xx_usart.o
                0x080032b4                USART_Init
 .text.USART_Cmd
                0x08003428       0x40 StdPeriph_Driver/src/stm32f4xx_usart.o
                0x08003428                USART_Cmd
 .text.main     0x08003468       0x70 src/002LED_BUTTON.o
                0x08003468                main
 .text.vTask1_Handler
                0x080034d8       0x14 src/002LED_BUTTON.o
                0x080034d8                vTask1_Handler
 .text.vTask2_Handler
                0x080034ec       0x14 src/002LED_BUTTON.o
                0x080034ec                vTask2_Handler
 .text.prvSetupUART2
                0x08003500       0x9c src/002LED_BUTTON.o
 .text.prvSetupHardware
                0x0800359c        0xc src/002LED_BUTTON.o
 .text.SystemInit
                0x080035a8       0x6c src/system_stm32f4xx.o
                0x080035a8                SystemInit
 .text.SystemCoreClockUpdate
                0x08003614      0x19c src/system_stm32f4xx.o
                0x08003614                SystemCoreClockUpdate
 .text.SetSysClock
                0x080037b0      0x12c src/system_stm32f4xx.o
 .text.Reset_Handler
                0x080038dc       0x50 startup/startup_stm32.o
                0x080038dc                Reset_Handler
 .text.Default_Handler
                0x0800392c        0x2 startup/startup_stm32.o
                0x0800392c                RTC_Alarm_IRQHandler
                0x0800392c                EXTI2_IRQHandler
                0x0800392c                TIM8_CC_IRQHandler
                0x0800392c                SPDIF_Rx_IRQHandler
                0x0800392c                DebugMon_Handler
                0x0800392c                SPI4_IRQHandler
                0x0800392c                TIM1_CC_IRQHandler
                0x0800392c                QuadSPI_IRQHandler
                0x0800392c                DMA2_Stream5_IRQHandler
                0x0800392c                HardFault_Handler
                0x0800392c                DMA1_Stream5_IRQHandler
                0x0800392c                PVD_IRQHandler
                0x0800392c                SDIO_IRQHandler
                0x0800392c                TAMP_STAMP_IRQHandler
                0x0800392c                NMI_Handler
                0x0800392c                CAN2_RX1_IRQHandler
                0x0800392c                EXTI3_IRQHandler
                0x0800392c                TIM8_TRG_COM_TIM14_IRQHandler
                0x0800392c                TIM1_UP_TIM10_IRQHandler
                0x0800392c                FMPI2C1_error_IRQHandler
                0x0800392c                TIM8_UP_TIM13_IRQHandler
                0x0800392c                I2C3_ER_IRQHandler
                0x0800392c                EXTI0_IRQHandler
                0x0800392c                I2C2_EV_IRQHandler
                0x0800392c                DMA1_Stream2_IRQHandler
                0x0800392c                CAN1_RX0_IRQHandler
                0x0800392c                FPU_IRQHandler
                0x0800392c                OTG_HS_WKUP_IRQHandler
                0x0800392c                UsageFault_Handler
                0x0800392c                CAN2_SCE_IRQHandler
                0x0800392c                DMA2_Stream2_IRQHandler
                0x0800392c                SPI1_IRQHandler
                0x0800392c                TIM6_DAC_IRQHandler
                0x0800392c                TIM1_BRK_TIM9_IRQHandler
                0x0800392c                DCMI_IRQHandler
                0x0800392c                CAN2_RX0_IRQHandler
                0x0800392c                DMA2_Stream3_IRQHandler
                0x0800392c                FMPI2C1_IRQHandler
                0x0800392c                SAI2_IRQHandler
                0x0800392c                USART6_IRQHandler
                0x0800392c                USART3_IRQHandler
                0x0800392c                CAN1_RX1_IRQHandler
                0x0800392c                UART5_IRQHandler
                0x0800392c                DMA2_Stream0_IRQHandler
                0x0800392c                TIM4_IRQHandler
                0x0800392c                I2C1_EV_IRQHandler
                0x0800392c                HDMI_CEC_IRQHandler
                0x0800392c                DMA1_Stream6_IRQHandler
                0x0800392c                DMA1_Stream1_IRQHandler
                0x0800392c                UART4_IRQHandler
                0x0800392c                TIM3_IRQHandler
                0x0800392c                RCC_IRQHandler
                0x0800392c                TIM8_BRK_TIM12_IRQHandler
                0x0800392c                Default_Handler
                0x0800392c                EXTI15_10_IRQHandler
                0x0800392c                ADC_IRQHandler
                0x0800392c                DMA1_Stream7_IRQHandler
                0x0800392c                TIM7_IRQHandler
                0x0800392c                CAN2_TX_IRQHandler
                0x0800392c                TIM5_IRQHandler
                0x0800392c                DMA2_Stream7_IRQHandler
                0x0800392c                I2C3_EV_IRQHandler
                0x0800392c                EXTI9_5_IRQHandler
                0x0800392c                RTC_WKUP_IRQHandler
                0x0800392c                SPI2_IRQHandler
                0x0800392c                OTG_HS_EP1_IN_IRQHandler
                0x0800392c                MemManage_Handler
                0x0800392c                DMA1_Stream0_IRQHandler
                0x0800392c                CAN1_TX_IRQHandler
                0x0800392c                EXTI4_IRQHandler
                0x0800392c                OTG_HS_EP1_OUT_IRQHandler
                0x0800392c                WWDG_IRQHandler
                0x0800392c                TIM2_IRQHandler
                0x0800392c                OTG_FS_WKUP_IRQHandler
                0x0800392c                TIM1_TRG_COM_TIM11_IRQHandler
                0x0800392c                OTG_HS_IRQHandler
                0x0800392c                EXTI1_IRQHandler
                0x0800392c                USART2_IRQHandler
                0x0800392c                I2C2_ER_IRQHandler
                0x0800392c                DMA2_Stream1_IRQHandler
                0x0800392c                CAN1_SCE_IRQHandler
                0x0800392c                FLASH_IRQHandler
                0x0800392c                DMA2_Stream4_IRQHandler
                0x0800392c                BusFault_Handler
                0x0800392c                USART1_IRQHandler
                0x0800392c                OTG_FS_IRQHandler
                0x0800392c                SPI3_IRQHandler
                0x0800392c                DMA1_Stream4_IRQHandler
                0x0800392c                I2C1_ER_IRQHandler
                0x0800392c                FMC_IRQHandler
                0x0800392c                DMA2_Stream6_IRQHandler
                0x0800392c                SAI1_IRQHandler
                0x0800392c                DMA1_Stream3_IRQHandler
 *fill*         0x0800392e        0x2 
 .text.memcmp   0x08003930       0x64 c:/ac6/systemworkbench/plugins/fr.ac6.mcu.externaltools.arm-none.win32_1.17.0.201812190825/tools/compiler/bin/../lib/gcc/arm-none-eabi/7.3.1/../../../../arm-none-eabi/lib/thumb/v7e-m/fpv4-sp/hard\libc.a(lib_a-memcmp.o)
                0x08003930                memcmp
 *(.glue_7)
 .glue_7        0x08003994        0x0 linker stubs
 *(.glue_7t)
 .glue_7t       0x08003994        0x0 linker stubs
 *(.eh_frame)
 .eh_frame      0x08003994        0x0 c:/ac6/systemworkbench/plugins/fr.ac6.mcu.externaltools.arm-none.win32_1.17.0.201812190825/tools/compiler/bin/../lib/gcc/arm-none-eabi/7.3.1/thumb/v7e-m/fpv4-sp/hard/crtbegin.o
 *(.init)
 .init          0x08003994        0x4 c:/ac6/systemworkbench/plugins/fr.ac6.mcu.externaltools.arm-none.win32_1.17.0.201812190825/tools/compiler/bin/../lib/gcc/arm-none-eabi/7.3.1/thumb/v7e-m/fpv4-sp/hard/crti.o
                0x08003994                _init
 .init          0x08003998        0x8 c:/ac6/systemworkbench/plugins/fr.ac6.mcu.externaltools.arm-none.win32_1.17.0.201812190825/tools/compiler/bin/../lib/gcc/arm-none-eabi/7.3.1/thumb/v7e-m/fpv4-sp/hard/crtn.o
 *(.fini)
 .fini          0x080039a0        0x4 c:/ac6/systemworkbench/plugins/fr.ac6.mcu.externaltools.arm-none.win32_1.17.0.201812190825/tools/compiler/bin/../lib/gcc/arm-none-eabi/7.3.1/thumb/v7e-m/fpv4-sp/hard/crti.o
                0x080039a0                _fini
 .fini          0x080039a4        0x8 c:/ac6/systemworkbench/plugins/fr.ac6.mcu.externaltools.arm-none.win32_1.17.0.201812190825/tools/compiler/bin/../lib/gcc/arm-none-eabi/7.3.1/thumb/v7e-m/fpv4-sp/hard/crtn.o
                0x080039ac                . = ALIGN (0x4)
                0x080039ac                _etext = .

.vfp11_veneer   0x080039ac        0x0
 .vfp11_veneer  0x080039ac        0x0 linker stubs

.v4_bx          0x080039ac        0x0
 .v4_bx         0x080039ac        0x0 linker stubs

.iplt           0x080039ac        0x0
 .iplt          0x080039ac        0x0 c:/ac6/systemworkbench/plugins/fr.ac6.mcu.externaltools.arm-none.win32_1.17.0.201812190825/tools/compiler/bin/../lib/gcc/arm-none-eabi/7.3.1/thumb/v7e-m/fpv4-sp/hard/crtbegin.o

.rodata         0x080039ac      0x104
                0x080039ac                . = ALIGN (0x4)
 *(.rodata)
 .rodata        0x080039ac        0x5 StdPeriph_Driver/Third_party/FreeRTOS/org/Source/tasks.o
 *fill*         0x080039b1        0x3 
 .rodata        0x080039b4       0x49 StdPeriph_Driver/Third_party/SEGGER/Config/SEGGER_SYSVIEW_Config_FreeRTOS.o
 *fill*         0x080039fd        0x3 
 .rodata        0x08003a00       0x60 StdPeriph_Driver/Third_party/SEGGER/OS/SEGGER_SYSVIEW_FreeRTOS.o
                0x08003a58                SYSVIEW_X_OS_TraceAPI
 .rodata        0x08003a60       0x17 StdPeriph_Driver/Third_party/SEGGER/SEGGER/SEGGER_RTT.o
 *fill*         0x08003a77        0x1 
 .rodata        0x08003a78       0x24 StdPeriph_Driver/Third_party/SEGGER/SEGGER/SEGGER_SYSVIEW.o
 .rodata        0x08003a9c        0xf src/002LED_BUTTON.o
 *(.rodata*)
 *fill*         0x08003aab        0x1 
 .rodata._global_impure_ptr
                0x08003aac        0x4 c:/ac6/systemworkbench/plugins/fr.ac6.mcu.externaltools.arm-none.win32_1.17.0.201812190825/tools/compiler/bin/../lib/gcc/arm-none-eabi/7.3.1/../../../../arm-none-eabi/lib/thumb/v7e-m/fpv4-sp/hard\libc.a(lib_a-impure.o)
                0x08003aac                _global_impure_ptr
                0x08003ab0                . = ALIGN (0x4)

.rel.dyn        0x08003ab0        0x0
 .rel.iplt      0x08003ab0        0x0 c:/ac6/systemworkbench/plugins/fr.ac6.mcu.externaltools.arm-none.win32_1.17.0.201812190825/tools/compiler/bin/../lib/gcc/arm-none-eabi/7.3.1/thumb/v7e-m/fpv4-sp/hard/crtbegin.o

.ARM.extab      0x08003ab0        0x0
                0x08003ab0                . = ALIGN (0x4)
 *(.ARM.extab* .gnu.linkonce.armextab.*)
                0x08003ab0                . = ALIGN (0x4)

.ARM            0x08003ab0        0x0
                0x08003ab0                . = ALIGN (0x4)
                0x08003ab0                __exidx_start = .
 *(.ARM.exidx*)
                0x08003ab0                __exidx_end = .
                0x08003ab0                . = ALIGN (0x4)

.preinit_array  0x08003ab0        0x0
                0x08003ab0                . = ALIGN (0x4)
                0x08003ab0                PROVIDE (__preinit_array_start = .)
 *(.preinit_array*)
                0x08003ab0                PROVIDE (__preinit_array_end = .)
                0x08003ab0                . = ALIGN (0x4)

.init_array     0x08003ab0        0x8
                0x08003ab0                . = ALIGN (0x4)
                0x08003ab0                PROVIDE (__init_array_start = .)
 *(SORT_BY_NAME(.init_array.*))
 .init_array.00000
                0x08003ab0        0x4 c:/ac6/systemworkbench/plugins/fr.ac6.mcu.externaltools.arm-none.win32_1.17.0.201812190825/tools/compiler/bin/../lib/gcc/arm-none-eabi/7.3.1/../../../../arm-none-eabi/lib/thumb/v7e-m/fpv4-sp/hard\libc.a(lib_a-__call_atexit.o)
 *(.init_array*)
 .init_array    0x08003ab4        0x4 c:/ac6/systemworkbench/plugins/fr.ac6.mcu.externaltools.arm-none.win32_1.17.0.201812190825/tools/compiler/bin/../lib/gcc/arm-none-eabi/7.3.1/thumb/v7e-m/fpv4-sp/hard/crtbegin.o
                0x08003ab8                PROVIDE (__init_array_end = .)
                0x08003ab8                . = ALIGN (0x4)

.fini_array     0x08003ab8        0x4
                0x08003ab8                . = ALIGN (0x4)
                0x08003ab8                PROVIDE (__fini_array_start = .)
 *(SORT_BY_NAME(.fini_array.*))
 *(.fini_array*)
 .fini_array    0x08003ab8        0x4 c:/ac6/systemworkbench/plugins/fr.ac6.mcu.externaltools.arm-none.win32_1.17.0.201812190825/tools/compiler/bin/../lib/gcc/arm-none-eabi/7.3.1/thumb/v7e-m/fpv4-sp/hard/crtbegin.o
                0x08003abc                PROVIDE (__fini_array_end = .)
                0x08003abc                . = ALIGN (0x4)
                0x08003abc                _sidata = LOADADDR (.data)

.data           0x20000000      0x454 load address 0x08003abc
                0x20000000                . = ALIGN (0x4)
                0x20000000                _sdata = .
 *(.data)
 .data          0x20000000        0x4 StdPeriph_Driver/Third_party/FreeRTOS/org/Source/portable/GCC/ARM_CM4F/port.o
 .data          0x20000004       0x10 StdPeriph_Driver/src/stm32f4xx_rcc.o
 .data          0x20000014       0x14 src/system_stm32f4xx.o
                0x20000014                SystemCoreClock
                0x20000018                AHBPrescTable
 *(.data*)
 .data.impure_data
                0x20000028      0x428 c:/ac6/systemworkbench/plugins/fr.ac6.mcu.externaltools.arm-none.win32_1.17.0.201812190825/tools/compiler/bin/../lib/gcc/arm-none-eabi/7.3.1/../../../../arm-none-eabi/lib/thumb/v7e-m/fpv4-sp/hard\libc.a(lib_a-impure.o)
 .data.__atexit_recursive_mutex
                0x20000450        0x4 c:/ac6/systemworkbench/plugins/fr.ac6.mcu.externaltools.arm-none.win32_1.17.0.201812190825/tools/compiler/bin/../lib/gcc/arm-none-eabi/7.3.1/../../../../arm-none-eabi/lib/thumb/v7e-m/fpv4-sp/hard\libc.a(lib_a-__call_atexit.o)
                0x20000450                __atexit_recursive_mutex
                0x20000454                . = ALIGN (0x4)
                0x20000454                _edata = .

.igot.plt       0x20000454        0x0 load address 0x08003f10
 .igot.plt      0x20000454        0x0 c:/ac6/systemworkbench/plugins/fr.ac6.mcu.externaltools.arm-none.win32_1.17.0.201812190825/tools/compiler/bin/../lib/gcc/arm-none-eabi/7.3.1/thumb/v7e-m/fpv4-sp/hard/crtbegin.o
                0x20000454                . = ALIGN (0x4)

.bss            0x20000454    0x153e8 load address 0x08003f10
                0x20000454                _sbss = .
                0x20000454                __bss_start__ = _sbss
 *(.bss)
 .bss           0x20000454       0x1c c:/ac6/systemworkbench/plugins/fr.ac6.mcu.externaltools.arm-none.win32_1.17.0.201812190825/tools/compiler/bin/../lib/gcc/arm-none-eabi/7.3.1/thumb/v7e-m/fpv4-sp/hard/crtbegin.o
 .bss           0x20000470      0x104 StdPeriph_Driver/Third_party/FreeRTOS/org/Source/tasks.o
                0x20000470                pxCurrentTCB
 .bss           0x20000574        0x8 StdPeriph_Driver/Third_party/FreeRTOS/org/Source/portable/GCC/ARM_CM4F/port.o
 .bss           0x2000057c    0x12c18 StdPeriph_Driver/Third_party/FreeRTOS/org/Source/portable/MemMang/heap_4.o
 .bss           0x20013194       0xa4 StdPeriph_Driver/Third_party/SEGGER/OS/SEGGER_SYSVIEW_FreeRTOS.o
 .bss           0x20013238      0x411 StdPeriph_Driver/Third_party/SEGGER/SEGGER/SEGGER_RTT.o
 *fill*         0x20013649        0x3 
 .bss           0x2001364c     0x211b StdPeriph_Driver/Third_party/SEGGER/SEGGER/SEGGER_SYSVIEW.o
 *fill*         0x20015767        0x1 
 .bss           0x20015768        0x8 src/002LED_BUTTON.o
                0x20015768                xTaskHandle1
                0x2001576c                xTaskHandle2
 *(.bss*)
 *(COMMON)
 COMMON         0x20015770       0x21 c:/ac6/systemworkbench/plugins/fr.ac6.mcu.externaltools.arm-none.win32_1.17.0.201812190825/tools/compiler/bin/../lib/gcc/arm-none-eabi/7.3.1/../../../../arm-none-eabi/lib/thumb/v7e-m/fpv4-sp/hard\libc.a(lib_a-lock.o)
                0x20015770                __lock___atexit_recursive_mutex
                0x20015774                __lock___arc4random_mutex
                0x20015778                __lock___env_recursive_mutex
                0x2001577c                __lock___sinit_recursive_mutex
                0x20015780                __lock___malloc_recursive_mutex
                0x20015784                __lock___at_quick_exit_mutex
                0x20015788                __lock___dd_hash_mutex
                0x2001578c                __lock___tz_mutex
                0x20015790                __lock___sfp_recursive_mutex
 *fill*         0x20015791        0x3 
 COMMON         0x20015794       0xa8 StdPeriph_Driver/Third_party/SEGGER/SEGGER/SEGGER_RTT.o
                0x20015794                _SEGGER_RTT
                0x2001583c                . = ALIGN (0x4)
                0x2001583c                _ebss = .
                0x2001583c                __bss_end__ = _ebss

._user_heap_stack
                0x2001583c      0x404 load address 0x08003f10
                0x20015840                . = ALIGN (0x8)
 *fill*         0x2001583c        0x4 
                0x20015840                PROVIDE (end = .)
                [!provide]                PROVIDE (_end = .)
                0x20015840                . = (. + _Min_Heap_Size)
                0x20015c40                . = (. + _Min_Stack_Size)
 *fill*         0x20015840      0x400 
                0x20015c40                . = ALIGN (0x8)

/DISCARD/
 libc.a(*)
 libm.a(*)
 libgcc.a(*)

.ARM.attributes
                0x00000000       0x30
 *(.ARM.attributes)
 .ARM.attributes
                0x00000000       0x22 c:/ac6/systemworkbench/plugins/fr.ac6.mcu.externaltools.arm-none.win32_1.17.0.201812190825/tools/compiler/bin/../lib/gcc/arm-none-eabi/7.3.1/thumb/v7e-m/fpv4-sp/hard/crti.o
 .ARM.attributes
                0x00000022       0x34 c:/ac6/systemworkbench/plugins/fr.ac6.mcu.externaltools.arm-none.win32_1.17.0.201812190825/tools/compiler/bin/../lib/gcc/arm-none-eabi/7.3.1/thumb/v7e-m/fpv4-sp/hard/crtbegin.o
 .ARM.attributes
                0x00000056       0x34 c:/ac6/systemworkbench/plugins/fr.ac6.mcu.externaltools.arm-none.win32_1.17.0.201812190825/tools/compiler/bin/../lib/gcc/arm-none-eabi/7.3.1/../../../../arm-none-eabi/lib/thumb/v7e-m/fpv4-sp/hard\libc.a(lib_a-impure.o)
 .ARM.attributes
                0x0000008a       0x34 c:/ac6/systemworkbench/plugins/fr.ac6.mcu.externaltools.arm-none.win32_1.17.0.201812190825/tools/compiler/bin/../lib/gcc/arm-none-eabi/7.3.1/../../../../arm-none-eabi/lib/thumb/v7e-m/fpv4-sp/hard\libc.a(lib_a-init.o)
 .ARM.attributes
                0x000000be       0x34 c:/ac6/systemworkbench/plugins/fr.ac6.mcu.externaltools.arm-none.win32_1.17.0.201812190825/tools/compiler/bin/../lib/gcc/arm-none-eabi/7.3.1/../../../../arm-none-eabi/lib/thumb/v7e-m/fpv4-sp/hard\libc.a(lib_a-memset.o)
 .ARM.attributes
                0x000000f2       0x34 c:/ac6/systemworkbench/plugins/fr.ac6.mcu.externaltools.arm-none.win32_1.17.0.201812190825/tools/compiler/bin/../lib/gcc/arm-none-eabi/7.3.1/../../../../arm-none-eabi/lib/thumb/v7e-m/fpv4-sp/hard\libc.a(lib_a-__call_atexit.o)
 .ARM.attributes
                0x00000126       0x34 c:/ac6/systemworkbench/plugins/fr.ac6.mcu.externaltools.arm-none.win32_1.17.0.201812190825/tools/compiler/bin/../lib/gcc/arm-none-eabi/7.3.1/../../../../arm-none-eabi/lib/thumb/v7e-m/fpv4-sp/hard\libc.a(lib_a-atexit.o)
 .ARM.attributes
                0x0000015a       0x34 c:/ac6/systemworkbench/plugins/fr.ac6.mcu.externaltools.arm-none.win32_1.17.0.201812190825/tools/compiler/bin/../lib/gcc/arm-none-eabi/7.3.1/../../../../arm-none-eabi/lib/thumb/v7e-m/fpv4-sp/hard\libc.a(lib_a-fini.o)
 .ARM.attributes
                0x0000018e       0x34 c:/ac6/systemworkbench/plugins/fr.ac6.mcu.externaltools.arm-none.win32_1.17.0.201812190825/tools/compiler/bin/../lib/gcc/arm-none-eabi/7.3.1/../../../../arm-none-eabi/lib/thumb/v7e-m/fpv4-sp/hard\libc.a(lib_a-lock.o)
 .ARM.attributes
                0x000001c2       0x34 c:/ac6/systemworkbench/plugins/fr.ac6.mcu.externaltools.arm-none.win32_1.17.0.201812190825/tools/compiler/bin/../lib/gcc/arm-none-eabi/7.3.1/../../../../arm-none-eabi/lib/thumb/v7e-m/fpv4-sp/hard\libc.a(lib_a-__atexit.o)
 .ARM.attributes
                0x000001f6       0x39 StdPeriph_Driver/Third_party/FreeRTOS/org/Source/list.o
 .ARM.attributes
                0x0000022f       0x39 StdPeriph_Driver/Third_party/FreeRTOS/org/Source/tasks.o
 .ARM.attributes
                0x00000268       0x39 StdPeriph_Driver/Third_party/FreeRTOS/org/Source/portable/GCC/ARM_CM4F/port.o
 .ARM.attributes
                0x000002a1       0x39 StdPeriph_Driver/Third_party/FreeRTOS/org/Source/portable/MemMang/heap_4.o
 .ARM.attributes
                0x000002da       0x39 StdPeriph_Driver/Third_party/SEGGER/Config/SEGGER_SYSVIEW_Config_FreeRTOS.o
 .ARM.attributes
                0x00000313       0x39 StdPeriph_Driver/Third_party/SEGGER/OS/SEGGER_SYSVIEW_FreeRTOS.o
 .ARM.attributes
                0x0000034c       0x39 StdPeriph_Driver/Third_party/SEGGER/SEGGER/SEGGER_RTT.o
 .ARM.attributes
                0x00000385       0x39 StdPeriph_Driver/Third_party/SEGGER/SEGGER/SEGGER_SYSVIEW.o
 .ARM.attributes
                0x000003be       0x39 StdPeriph_Driver/src/stm32f4xx_gpio.o
 .ARM.attributes
                0x000003f7       0x39 StdPeriph_Driver/src/stm32f4xx_rcc.o
 .ARM.attributes
                0x00000430       0x39 StdPeriph_Driver/src/stm32f4xx_usart.o
 .ARM.attributes
                0x00000469       0x39 src/002LED_BUTTON.o
 .ARM.attributes
                0x000004a2       0x39 src/system_stm32f4xx.o
 .ARM.attributes
                0x000004db       0x21 startup/startup_stm32.o
 .ARM.attributes
                0x000004fc       0x34 c:/ac6/systemworkbench/plugins/fr.ac6.mcu.externaltools.arm-none.win32_1.17.0.201812190825/tools/compiler/bin/../lib/gcc/arm-none-eabi/7.3.1/../../../../arm-none-eabi/lib/thumb/v7e-m/fpv4-sp/hard\libc.a(lib_a-memcmp.o)
 .ARM.attributes
                0x00000530       0x20 c:/ac6/systemworkbench/plugins/fr.ac6.mcu.externaltools.arm-none.win32_1.17.0.201812190825/tools/compiler/bin/../lib/gcc/arm-none-eabi/7.3.1/../../../../arm-none-eabi/lib/thumb/v7e-m/fpv4-sp/hard\libc.a(lib_a-memcpy.o)
 .ARM.attributes
                0x00000550       0x22 c:/ac6/systemworkbench/plugins/fr.ac6.mcu.externaltools.arm-none.win32_1.17.0.201812190825/tools/compiler/bin/../lib/gcc/arm-none-eabi/7.3.1/thumb/v7e-m/fpv4-sp/hard/crtn.o
OUTPUT(STM32_HelloWorld.elf elf32-littlearm)

.debug_frame    0x00000000     0x3024
 .debug_frame   0x00000000       0x2c c:/ac6/systemworkbench/plugins/fr.ac6.mcu.externaltools.arm-none.win32_1.17.0.201812190825/tools/compiler/bin/../lib/gcc/arm-none-eabi/7.3.1/../../../../arm-none-eabi/lib/thumb/v7e-m/fpv4-sp/hard\libc.a(lib_a-init.o)
 .debug_frame   0x0000002c       0x38 c:/ac6/systemworkbench/plugins/fr.ac6.mcu.externaltools.arm-none.win32_1.17.0.201812190825/tools/compiler/bin/../lib/gcc/arm-none-eabi/7.3.1/../../../../arm-none-eabi/lib/thumb/v7e-m/fpv4-sp/hard\libc.a(lib_a-memset.o)
 .debug_frame   0x00000064       0x5c c:/ac6/systemworkbench/plugins/fr.ac6.mcu.externaltools.arm-none.win32_1.17.0.201812190825/tools/compiler/bin/../lib/gcc/arm-none-eabi/7.3.1/../../../../arm-none-eabi/lib/thumb/v7e-m/fpv4-sp/hard\libc.a(lib_a-__call_atexit.o)
 .debug_frame   0x000000c0       0x20 c:/ac6/systemworkbench/plugins/fr.ac6.mcu.externaltools.arm-none.win32_1.17.0.201812190825/tools/compiler/bin/../lib/gcc/arm-none-eabi/7.3.1/../../../../arm-none-eabi/lib/thumb/v7e-m/fpv4-sp/hard\libc.a(lib_a-atexit.o)
 .debug_frame   0x000000e0       0x34 c:/ac6/systemworkbench/plugins/fr.ac6.mcu.externaltools.arm-none.win32_1.17.0.201812190825/tools/compiler/bin/../lib/gcc/arm-none-eabi/7.3.1/../../../../arm-none-eabi/lib/thumb/v7e-m/fpv4-sp/hard\libc.a(lib_a-fini.o)
 .debug_frame   0x00000114       0xb0 c:/ac6/systemworkbench/plugins/fr.ac6.mcu.externaltools.arm-none.win32_1.17.0.201812190825/tools/compiler/bin/../lib/gcc/arm-none-eabi/7.3.1/../../../../arm-none-eabi/lib/thumb/v7e-m/fpv4-sp/hard\libc.a(lib_a-lock.o)
 .debug_frame   0x000001c4       0x34 c:/ac6/systemworkbench/plugins/fr.ac6.mcu.externaltools.arm-none.win32_1.17.0.201812190825/tools/compiler/bin/../lib/gcc/arm-none-eabi/7.3.1/../../../../arm-none-eabi/lib/thumb/v7e-m/fpv4-sp/hard\libc.a(lib_a-__atexit.o)
 .debug_frame   0x000001f8       0xd8 StdPeriph_Driver/Third_party/FreeRTOS/org/Source/list.o
 .debug_frame   0x000002d0      0x820 StdPeriph_Driver/Third_party/FreeRTOS/org/Source/tasks.o
 .debug_frame   0x00000af0      0x1a8 StdPeriph_Driver/Third_party/FreeRTOS/org/Source/portable/GCC/ARM_CM4F/port.o
 .debug_frame   0x00000c98      0x108 StdPeriph_Driver/Third_party/FreeRTOS/org/Source/portable/MemMang/heap_4.o
 .debug_frame   0x00000da0       0x48 StdPeriph_Driver/Third_party/SEGGER/Config/SEGGER_SYSVIEW_Config_FreeRTOS.o
 .debug_frame   0x00000de8      0x100 StdPeriph_Driver/Third_party/SEGGER/OS/SEGGER_SYSVIEW_FreeRTOS.o
 .debug_frame   0x00000ee8      0x478 StdPeriph_Driver/Third_party/SEGGER/SEGGER/SEGGER_RTT.o
 .debug_frame   0x00001360      0xb5c StdPeriph_Driver/Third_party/SEGGER/SEGGER/SEGGER_SYSVIEW.o
 .debug_frame   0x00001ebc      0x23c StdPeriph_Driver/src/stm32f4xx_gpio.o
 .debug_frame   0x000020f8      0x904 StdPeriph_Driver/src/stm32f4xx_rcc.o
 .debug_frame   0x000029fc      0x490 StdPeriph_Driver/src/stm32f4xx_usart.o
 .debug_frame   0x00002e8c       0xe4 src/002LED_BUTTON.o
 .debug_frame   0x00002f70       0x7c src/system_stm32f4xx.o
 .debug_frame   0x00002fec       0x38 c:/ac6/systemworkbench/plugins/fr.ac6.mcu.externaltools.arm-none.win32_1.17.0.201812190825/tools/compiler/bin/../lib/gcc/arm-none-eabi/7.3.1/../../../../arm-none-eabi/lib/thumb/v7e-m/fpv4-sp/hard\libc.a(lib_a-memcmp.o)

.debug_info     0x00000000     0xd51c
 .debug_info    0x00000000      0xadb StdPeriph_Driver/Third_party/FreeRTOS/org/Source/list.o
 .debug_info    0x00000adb     0x2683 StdPeriph_Driver/Third_party/FreeRTOS/org/Source/tasks.o
 .debug_info    0x0000315e      0x533 StdPeriph_Driver/Third_party/FreeRTOS/org/Source/portable/GCC/ARM_CM4F/port.o
 .debug_info    0x00003691      0xbfc StdPeriph_Driver/Third_party/FreeRTOS/org/Source/portable/MemMang/heap_4.o
 .debug_info    0x0000428d      0x10f StdPeriph_Driver/Third_party/SEGGER/Config/SEGGER_SYSVIEW_Config_FreeRTOS.o
 .debug_info    0x0000439c      0xb8d StdPeriph_Driver/Third_party/SEGGER/OS/SEGGER_SYSVIEW_FreeRTOS.o
 .debug_info    0x00004f29     0x16b9 StdPeriph_Driver/Third_party/SEGGER/SEGGER/SEGGER_RTT.o
 .debug_info    0x000065e2     0x3aea StdPeriph_Driver/Third_party/SEGGER/SEGGER/SEGGER_SYSVIEW.o
 .debug_info    0x0000a0cc      0x62b StdPeriph_Driver/src/stm32f4xx_gpio.o
 .debug_info    0x0000a6f7      0xf8e StdPeriph_Driver/src/stm32f4xx_rcc.o
 .debug_info    0x0000b685      0x9d4 StdPeriph_Driver/src/stm32f4xx_usart.o
 .debug_info    0x0000c059      0xe80 src/002LED_BUTTON.o
 .debug_info    0x0000ced9      0x621 src/system_stm32f4xx.o
 .debug_info    0x0000d4fa       0x22 startup/startup_stm32.o

.debug_abbrev   0x00000000     0x1c69
 .debug_abbrev  0x00000000      0x205 StdPeriph_Driver/Third_party/FreeRTOS/org/Source/list.o
 .debug_abbrev  0x00000205      0x388 StdPeriph_Driver/Third_party/FreeRTOS/org/Source/tasks.o
 .debug_abbrev  0x0000058d      0x210 StdPeriph_Driver/Third_party/FreeRTOS/org/Source/portable/GCC/ARM_CM4F/port.o
 .debug_abbrev  0x0000079d      0x2d4 StdPeriph_Driver/Third_party/FreeRTOS/org/Source/portable/MemMang/heap_4.o
 .debug_abbrev  0x00000a71       0xb5 StdPeriph_Driver/Third_party/SEGGER/Config/SEGGER_SYSVIEW_Config_FreeRTOS.o
 .debug_abbrev  0x00000b26      0x223 StdPeriph_Driver/Third_party/SEGGER/OS/SEGGER_SYSVIEW_FreeRTOS.o
 .debug_abbrev  0x00000d49      0x2d6 StdPeriph_Driver/Third_party/SEGGER/SEGGER/SEGGER_RTT.o
 .debug_abbrev  0x0000101f      0x336 StdPeriph_Driver/Third_party/SEGGER/SEGGER/SEGGER_SYSVIEW.o
 .debug_abbrev  0x00001355      0x1bf StdPeriph_Driver/src/stm32f4xx_gpio.o
 .debug_abbrev  0x00001514      0x1d4 StdPeriph_Driver/src/stm32f4xx_rcc.o
 .debug_abbrev  0x000016e8      0x187 StdPeriph_Driver/src/stm32f4xx_usart.o
 .debug_abbrev  0x0000186f      0x28b src/002LED_BUTTON.o
 .debug_abbrev  0x00001afa      0x15d src/system_stm32f4xx.o
 .debug_abbrev  0x00001c57       0x12 startup/startup_stm32.o

.debug_aranges  0x00000000      0xae0
 .debug_aranges
                0x00000000       0x40 StdPeriph_Driver/Third_party/FreeRTOS/org/Source/list.o
 .debug_aranges
                0x00000040      0x1d8 StdPeriph_Driver/Third_party/FreeRTOS/org/Source/tasks.o
 .debug_aranges
                0x00000218       0x80 StdPeriph_Driver/Third_party/FreeRTOS/org/Source/portable/GCC/ARM_CM4F/port.o
 .debug_aranges
                0x00000298       0x50 StdPeriph_Driver/Third_party/FreeRTOS/org/Source/portable/MemMang/heap_4.o
 .debug_aranges
                0x000002e8       0x28 StdPeriph_Driver/Third_party/SEGGER/Config/SEGGER_SYSVIEW_Config_FreeRTOS.o
 .debug_aranges
                0x00000310       0x48 StdPeriph_Driver/Third_party/SEGGER/OS/SEGGER_SYSVIEW_FreeRTOS.o
 .debug_aranges
                0x00000358      0x110 StdPeriph_Driver/Third_party/SEGGER/SEGGER/SEGGER_RTT.o
 .debug_aranges
                0x00000468      0x268 StdPeriph_Driver/Third_party/SEGGER/SEGGER/SEGGER_SYSVIEW.o
 .debug_aranges
                0x000006d0       0x88 StdPeriph_Driver/src/stm32f4xx_gpio.o
 .debug_aranges
                0x00000758      0x1e8 StdPeriph_Driver/src/stm32f4xx_rcc.o
 .debug_aranges
                0x00000940      0x100 StdPeriph_Driver/src/stm32f4xx_usart.o
 .debug_aranges
                0x00000a40       0x48 src/002LED_BUTTON.o
 .debug_aranges
                0x00000a88       0x30 src/system_stm32f4xx.o
 .debug_aranges
                0x00000ab8       0x28 startup/startup_stm32.o

.debug_ranges   0x00000000      0xa08
 .debug_ranges  0x00000000       0x30 StdPeriph_Driver/Third_party/FreeRTOS/org/Source/list.o
 .debug_ranges  0x00000030      0x1c8 StdPeriph_Driver/Third_party/FreeRTOS/org/Source/tasks.o
 .debug_ranges  0x000001f8       0x70 StdPeriph_Driver/Third_party/FreeRTOS/org/Source/portable/GCC/ARM_CM4F/port.o
 .debug_ranges  0x00000268       0x40 StdPeriph_Driver/Third_party/FreeRTOS/org/Source/portable/MemMang/heap_4.o
 .debug_ranges  0x000002a8       0x18 StdPeriph_Driver/Third_party/SEGGER/Config/SEGGER_SYSVIEW_Config_FreeRTOS.o
 .debug_ranges  0x000002c0       0x38 StdPeriph_Driver/Third_party/SEGGER/OS/SEGGER_SYSVIEW_FreeRTOS.o
 .debug_ranges  0x000002f8      0x100 StdPeriph_Driver/Third_party/SEGGER/SEGGER/SEGGER_RTT.o
 .debug_ranges  0x000003f8      0x258 StdPeriph_Driver/Third_party/SEGGER/SEGGER/SEGGER_SYSVIEW.o
 .debug_ranges  0x00000650       0x78 StdPeriph_Driver/src/stm32f4xx_gpio.o
 .debug_ranges  0x000006c8      0x1d8 StdPeriph_Driver/src/stm32f4xx_rcc.o
 .debug_ranges  0x000008a0       0xf0 StdPeriph_Driver/src/stm32f4xx_usart.o
 .debug_ranges  0x00000990       0x38 src/002LED_BUTTON.o
 .debug_ranges  0x000009c8       0x20 src/system_stm32f4xx.o
 .debug_ranges  0x000009e8       0x20 startup/startup_stm32.o

.debug_macro    0x00000000     0x2adb
 .debug_macro   0x00000000      0x1ba StdPeriph_Driver/Third_party/FreeRTOS/org/Source/list.o
 .debug_macro   0x000001ba      0x2b5 StdPeriph_Driver/Third_party/FreeRTOS/org/Source/tasks.o
 .debug_macro   0x0000046f       0x10 StdPeriph_Driver/Third_party/FreeRTOS/org/Source/tasks.o
 .debug_macro   0x0000047f      0x1d6 StdPeriph_Driver/Third_party/FreeRTOS/org/Source/portable/GCC/ARM_CM4F/port.o
 .debug_macro   0x00000655      0x1e1 StdPeriph_Driver/Third_party/FreeRTOS/org/Source/portable/MemMang/heap_4.o
 .debug_macro   0x00000836      0x116 StdPeriph_Driver/Third_party/SEGGER/Config/SEGGER_SYSVIEW_Config_FreeRTOS.o
 .debug_macro   0x0000094c      0x1d0 StdPeriph_Driver/Third_party/SEGGER/OS/SEGGER_SYSVIEW_FreeRTOS.o
 .debug_macro   0x00000b1c      0x164 StdPeriph_Driver/Third_party/SEGGER/SEGGER/SEGGER_RTT.o
 .debug_macro   0x00000c80       0x4f StdPeriph_Driver/Third_party/SEGGER/SEGGER/SEGGER_RTT.o
 .debug_macro   0x00000ccf      0x115 StdPeriph_Driver/Third_party/SEGGER/SEGGER/SEGGER_RTT.o
 .debug_macro   0x00000de4      0x1f8 StdPeriph_Driver/Third_party/SEGGER/SEGGER/SEGGER_SYSVIEW.o
 .debug_macro   0x00000fdc       0x65 StdPeriph_Driver/Third_party/SEGGER/SEGGER/SEGGER_SYSVIEW.o
 .debug_macro   0x00001041       0x35 StdPeriph_Driver/Third_party/SEGGER/SEGGER/SEGGER_SYSVIEW.o
 .debug_macro   0x00001076      0x11b StdPeriph_Driver/Third_party/SEGGER/SEGGER/SEGGER_SYSVIEW.o
 .debug_macro   0x00001191      0x1fc StdPeriph_Driver/src/stm32f4xx_gpio.o
 .debug_macro   0x0000138d      0x33b StdPeriph_Driver/src/stm32f4xx_gpio.o
 .debug_macro   0x000016c8      0x2cb StdPeriph_Driver/src/stm32f4xx_rcc.o
 .debug_macro   0x00001993      0x214 StdPeriph_Driver/src/stm32f4xx_usart.o
 .debug_macro   0x00001ba7      0x21d StdPeriph_Driver/src/stm32f4xx_usart.o
 .debug_macro   0x00001dc4      0x421 src/002LED_BUTTON.o
 .debug_macro   0x000021e5       0x16 src/002LED_BUTTON.o
 .debug_macro   0x000021fb       0x97 src/002LED_BUTTON.o
 .debug_macro   0x00002292       0xfd src/002LED_BUTTON.o
 .debug_macro   0x0000238f       0x10 src/002LED_BUTTON.o
 .debug_macro   0x0000239f       0x10 src/002LED_BUTTON.o
 .debug_macro   0x000023af       0x1c src/002LED_BUTTON.o
 .debug_macro   0x000023cb       0x52 src/002LED_BUTTON.o
 .debug_macro   0x0000241d       0x40 src/002LED_BUTTON.o
 .debug_macro   0x0000245d       0x10 src/002LED_BUTTON.o
 .debug_macro   0x0000246d       0x40 src/002LED_BUTTON.o
 .debug_macro   0x000024ad       0xd7 src/002LED_BUTTON.o
 .debug_macro   0x00002584       0x1c src/002LED_BUTTON.o
 .debug_macro   0x000025a0       0x3d src/002LED_BUTTON.o
 .debug_macro   0x000025dd       0x16 src/002LED_BUTTON.o
 .debug_macro   0x000025f3      0x16f src/002LED_BUTTON.o
 .debug_macro   0x00002762      0x114 src/002LED_BUTTON.o
 .debug_macro   0x00002876       0x4c src/002LED_BUTTON.o
 .debug_macro   0x000028c2      0x219 src/system_stm32f4xx.o

.debug_line     0x00000000     0x8855
 .debug_line    0x00000000      0x71a StdPeriph_Driver/Third_party/FreeRTOS/org/Source/list.o
 .debug_line    0x0000071a     0x1352 StdPeriph_Driver/Third_party/FreeRTOS/org/Source/tasks.o
 .debug_line    0x00001a6c      0x850 StdPeriph_Driver/Third_party/FreeRTOS/org/Source/portable/GCC/ARM_CM4F/port.o
 .debug_line    0x000022bc      0x800 StdPeriph_Driver/Third_party/FreeRTOS/org/Source/portable/MemMang/heap_4.o
 .debug_line    0x00002abc      0x63b StdPeriph_Driver/Third_party/SEGGER/Config/SEGGER_SYSVIEW_Config_FreeRTOS.o
 .debug_line    0x000030f7      0x7ab StdPeriph_Driver/Third_party/SEGGER/OS/SEGGER_SYSVIEW_FreeRTOS.o
 .debug_line    0x000038a2      0x7e6 StdPeriph_Driver/Third_party/SEGGER/SEGGER/SEGGER_RTT.o
 .debug_line    0x00004088     0x16b9 StdPeriph_Driver/Third_party/SEGGER/SEGGER/SEGGER_SYSVIEW.o
 .debug_line    0x00005741      0x843 StdPeriph_Driver/src/stm32f4xx_gpio.o
 .debug_line    0x00005f84      0xbc0 StdPeriph_Driver/src/stm32f4xx_rcc.o
 .debug_line    0x00006b44      0x989 StdPeriph_Driver/src/stm32f4xx_usart.o
 .debug_line    0x000074cd      0xbbc src/002LED_BUTTON.o
 .debug_line    0x00008089      0x750 src/system_stm32f4xx.o
 .debug_line    0x000087d9       0x7c startup/startup_stm32.o

.debug_str      0x00000000    0x7e722
 .debug_str     0x00000000     0xd855 StdPeriph_Driver/Third_party/FreeRTOS/org/Source/list.o
                               0xdae2 (size before relaxing)
 .debug_str     0x0000d855     0x23e0 StdPeriph_Driver/Third_party/FreeRTOS/org/Source/tasks.o
                               0xfede (size before relaxing)
 .debug_str     0x0000fc35      0x80c StdPeriph_Driver/Third_party/FreeRTOS/org/Source/portable/GCC/ARM_CM4F/port.o
                               0xbc7c (size before relaxing)
 .debug_str     0x00010441      0x263 StdPeriph_Driver/Third_party/FreeRTOS/org/Source/portable/MemMang/heap_4.o
                               0xe2d5 (size before relaxing)
 .debug_str     0x000106a4      0x17e StdPeriph_Driver/Third_party/SEGGER/Config/SEGGER_SYSVIEW_Config_FreeRTOS.o
                               0xa6f8 (size before relaxing)
 .debug_str     0x00010822      0x10c StdPeriph_Driver/Third_party/SEGGER/OS/SEGGER_SYSVIEW_FreeRTOS.o
                               0xe0d5 (size before relaxing)
 .debug_str     0x0001092e      0xddb StdPeriph_Driver/Third_party/SEGGER/SEGGER/SEGGER_RTT.o
                               0x6de5 (size before relaxing)
 .debug_str     0x00011709     0x130d StdPeriph_Driver/Third_party/SEGGER/SEGGER/SEGGER_SYSVIEW.o
                               0x8d8b (size before relaxing)
 .debug_str     0x00012a16    0x69451 StdPeriph_Driver/src/stm32f4xx_gpio.o
                              0x6d210 (size before relaxing)
 .debug_str     0x0007be67      0xe86 StdPeriph_Driver/src/stm32f4xx_rcc.o
                              0x6ddec (size before relaxing)
 .debug_str     0x0007cced      0x53a StdPeriph_Driver/src/stm32f4xx_usart.o
                              0x6d523 (size before relaxing)
 .debug_str     0x0007d227     0x13b0 src/002LED_BUTTON.o
                              0x787fc (size before relaxing)
 .debug_str     0x0007e5d7      0x122 src/system_stm32f4xx.o
                              0x6d16f (size before relaxing)
 .debug_str     0x0007e6f9       0x29 startup/startup_stm32.o
                                 0x73 (size before relaxing)

.comment        0x00000000       0x7f
 .comment       0x00000000       0x7f StdPeriph_Driver/Third_party/FreeRTOS/org/Source/list.o
                                 0x80 (size before relaxing)
 .comment       0x0000007f       0x80 StdPeriph_Driver/Third_party/FreeRTOS/org/Source/tasks.o
 .comment       0x0000007f       0x80 StdPeriph_Driver/Third_party/FreeRTOS/org/Source/portable/GCC/ARM_CM4F/port.o
 .comment       0x0000007f       0x80 StdPeriph_Driver/Third_party/FreeRTOS/org/Source/portable/MemMang/heap_4.o
 .comment       0x0000007f       0x80 StdPeriph_Driver/Third_party/SEGGER/Config/SEGGER_SYSVIEW_Config_FreeRTOS.o
 .comment       0x0000007f       0x80 StdPeriph_Driver/Third_party/SEGGER/OS/SEGGER_SYSVIEW_FreeRTOS.o
 .comment       0x0000007f       0x80 StdPeriph_Driver/Third_party/SEGGER/SEGGER/SEGGER_RTT.o
 .comment       0x0000007f       0x80 StdPeriph_Driver/Third_party/SEGGER/SEGGER/SEGGER_SYSVIEW.o
 .comment       0x0000007f       0x80 StdPeriph_Driver/src/stm32f4xx_gpio.o
 .comment       0x0000007f       0x80 StdPeriph_Driver/src/stm32f4xx_rcc.o
 .comment       0x0000007f       0x80 StdPeriph_Driver/src/stm32f4xx_usart.o
 .comment       0x0000007f       0x80 src/002LED_BUTTON.o
 .comment       0x0000007f       0x80 src/system_stm32f4xx.o
