Archive member included to satisfy reference by file (symbol)

c:/ac6/systemworkbench/plugins/fr.ac6.mcu.externaltools.arm-none.win32_1.17.0.201812190825/tools/compiler/bin/../lib/gcc/arm-none-eabi/7.3.1/../../../../arm-none-eabi/lib/thumb/v7e-m/fpv4-sp/hard\libc.a(lib_a-exit.o)
                              c:/ac6/systemworkbench/plugins/fr.ac6.mcu.externaltools.arm-none.win32_1.17.0.201812190825/tools/compiler/bin/../lib/gcc/arm-none-eabi/7.3.1/../../../../arm-none-eabi/lib/thumb/v7e-m/fpv4-sp/hard/rdimon-crt0.o (exit)
c:/ac6/systemworkbench/plugins/fr.ac6.mcu.externaltools.arm-none.win32_1.17.0.201812190825/tools/compiler/bin/../lib/gcc/arm-none-eabi/7.3.1/../../../../arm-none-eabi/lib/thumb/v7e-m/fpv4-sp/hard\libc.a(lib_a-impure.o)
                              c:/ac6/systemworkbench/plugins/fr.ac6.mcu.externaltools.arm-none.win32_1.17.0.201812190825/tools/compiler/bin/../lib/gcc/arm-none-eabi/7.3.1/../../../../arm-none-eabi/lib/thumb/v7e-m/fpv4-sp/hard\libc.a(lib_a-exit.o) (_global_impure_ptr)
c:/ac6/systemworkbench/plugins/fr.ac6.mcu.externaltools.arm-none.win32_1.17.0.201812190825/tools/compiler/bin/../lib/gcc/arm-none-eabi/7.3.1/../../../../arm-none-eabi/lib/thumb/v7e-m/fpv4-sp/hard\libc.a(lib_a-init.o)
                              c:/ac6/systemworkbench/plugins/fr.ac6.mcu.externaltools.arm-none.win32_1.17.0.201812190825/tools/compiler/bin/../lib/gcc/arm-none-eabi/7.3.1/../../../../arm-none-eabi/lib/thumb/v7e-m/fpv4-sp/hard/rdimon-crt0.o (__libc_init_array)
c:/ac6/systemworkbench/plugins/fr.ac6.mcu.externaltools.arm-none.win32_1.17.0.201812190825/tools/compiler/bin/../lib/gcc/arm-none-eabi/7.3.1/../../../../arm-none-eabi/lib/thumb/v7e-m/fpv4-sp/hard\libc.a(lib_a-memset.o)
                              c:/ac6/systemworkbench/plugins/fr.ac6.mcu.externaltools.arm-none.win32_1.17.0.201812190825/tools/compiler/bin/../lib/gcc/arm-none-eabi/7.3.1/../../../../arm-none-eabi/lib/thumb/v7e-m/fpv4-sp/hard/rdimon-crt0.o (memset)
c:/ac6/systemworkbench/plugins/fr.ac6.mcu.externaltools.arm-none.win32_1.17.0.201812190825/tools/compiler/bin/../lib/gcc/arm-none-eabi/7.3.1/../../../../arm-none-eabi/lib/thumb/v7e-m/fpv4-sp/hard\libc.a(lib_a-__call_atexit.o)
                              c:/ac6/systemworkbench/plugins/fr.ac6.mcu.externaltools.arm-none.win32_1.17.0.201812190825/tools/compiler/bin/../lib/gcc/arm-none-eabi/7.3.1/../../../../arm-none-eabi/lib/thumb/v7e-m/fpv4-sp/hard\libc.a(lib_a-exit.o) (__call_exitprocs)
c:/ac6/systemworkbench/plugins/fr.ac6.mcu.externaltools.arm-none.win32_1.17.0.201812190825/tools/compiler/bin/../lib/gcc/arm-none-eabi/7.3.1/../../../../arm-none-eabi/lib/thumb/v7e-m/fpv4-sp/hard\libc.a(lib_a-atexit.o)
                              c:/ac6/systemworkbench/plugins/fr.ac6.mcu.externaltools.arm-none.win32_1.17.0.201812190825/tools/compiler/bin/../lib/gcc/arm-none-eabi/7.3.1/../../../../arm-none-eabi/lib/thumb/v7e-m/fpv4-sp/hard\libc.a(lib_a-__call_atexit.o) (atexit)
c:/ac6/systemworkbench/plugins/fr.ac6.mcu.externaltools.arm-none.win32_1.17.0.201812190825/tools/compiler/bin/../lib/gcc/arm-none-eabi/7.3.1/../../../../arm-none-eabi/lib/thumb/v7e-m/fpv4-sp/hard\libc.a(lib_a-fini.o)
                              c:/ac6/systemworkbench/plugins/fr.ac6.mcu.externaltools.arm-none.win32_1.17.0.201812190825/tools/compiler/bin/../lib/gcc/arm-none-eabi/7.3.1/../../../../arm-none-eabi/lib/thumb/v7e-m/fpv4-sp/hard\libc.a(lib_a-__call_atexit.o) (__libc_fini_array)
c:/ac6/systemworkbench/plugins/fr.ac6.mcu.externaltools.arm-none.win32_1.17.0.201812190825/tools/compiler/bin/../lib/gcc/arm-none-eabi/7.3.1/../../../../arm-none-eabi/lib/thumb/v7e-m/fpv4-sp/hard\libc.a(lib_a-lock.o)
                              c:/ac6/systemworkbench/plugins/fr.ac6.mcu.externaltools.arm-none.win32_1.17.0.201812190825/tools/compiler/bin/../lib/gcc/arm-none-eabi/7.3.1/../../../../arm-none-eabi/lib/thumb/v7e-m/fpv4-sp/hard\libc.a(lib_a-__call_atexit.o) (__retarget_lock_acquire_recursive)
c:/ac6/systemworkbench/plugins/fr.ac6.mcu.externaltools.arm-none.win32_1.17.0.201812190825/tools/compiler/bin/../lib/gcc/arm-none-eabi/7.3.1/../../../../arm-none-eabi/lib/thumb/v7e-m/fpv4-sp/hard\libc.a(lib_a-__atexit.o)
                              c:/ac6/systemworkbench/plugins/fr.ac6.mcu.externaltools.arm-none.win32_1.17.0.201812190825/tools/compiler/bin/../lib/gcc/arm-none-eabi/7.3.1/../../../../arm-none-eabi/lib/thumb/v7e-m/fpv4-sp/hard\libc.a(lib_a-atexit.o) (__register_exitproc)
c:/ac6/systemworkbench/plugins/fr.ac6.mcu.externaltools.arm-none.win32_1.17.0.201812190825/tools/compiler/bin/../lib/gcc/arm-none-eabi/7.3.1/../../../../arm-none-eabi/lib/thumb/v7e-m/fpv4-sp/hard\librdimon.a(rdimon-syscalls.o)
                              c:/ac6/systemworkbench/plugins/fr.ac6.mcu.externaltools.arm-none.win32_1.17.0.201812190825/tools/compiler/bin/../lib/gcc/arm-none-eabi/7.3.1/../../../../arm-none-eabi/lib/thumb/v7e-m/fpv4-sp/hard/rdimon-crt0.o (initialise_monitor_handles)
[...]
Memory Configuration

Name             Origin             Length             Attributes
RAM              0x20000000         0x00020000         xrw
ROM              0x08000000         0x00080000         xr
*default*        0x00000000         0xffffffff

Linker script and memory map

LOAD c:/ac6/systemworkbench/plugins/fr.ac6.mcu.externaltools.arm-none.win32_1.17.0.201812190825/tools/compiler/bin/../lib/gcc/arm-none-eabi/7.3.1/thumb/v7e-m/fpv4-sp/hard/crti.o
LOAD c:/ac6/systemworkbench/plugins/fr.ac6.mcu.externaltools.arm-none.win32_1.17.0.201812190825/tools/compiler/bin/../lib/gcc/arm-none-eabi/7.3.1/thumb/v7e-m/fpv4-sp/hard/crtbegin.o
LOAD c:/ac6/systemworkbench/plugins/fr.ac6.mcu.externaltools.arm-none.win32_1.17.0.201812190825/tools/compiler/bin/../lib/gcc/arm-none-eabi/7.3.1/../../../../arm-none-eabi/lib/thumb/v7e-m/fpv4-sp/hard/rdimon-crt0.o
LOAD c:/ac6/systemworkbench/plugins/fr.ac6.mcu.externaltools.arm-none.win32_1.17.0.201812190825/tools/compiler/bin/../lib/gcc/arm-none-eabi/7.3.1/../../../../arm-none-eabi/lib/thumb/v7e-m/fpv4-sp/hard\libc.a
LOAD c:/ac6/systemworkbench/plugins/fr.ac6.mcu.externaltools.arm-none.win32_1.17.0.201812190825/tools/compiler/bin/../lib/gcc/arm-none-eabi/7.3.1/../../../../arm-none-eabi/lib/thumb/v7e-m/fpv4-sp/hard\librdimon.a
LOAD StdPeriph_Driver/src/misc.o
LOAD StdPeriph_Driver/src/stm32f4xx_adc.o
LOAD StdPeriph_Driver/src/stm32f4xx_can.o
LOAD StdPeriph_Driver/src/stm32f4xx_cec.o
LOAD StdPeriph_Driver/src/stm32f4xx_crc.o
LOAD StdPeriph_Driver/src/stm32f4xx_cryp.o
LOAD StdPeriph_Driver/src/stm32f4xx_cryp_aes.o
LOAD StdPeriph_Driver/src/stm32f4xx_cryp_des.o
LOAD StdPeriph_Driver/src/stm32f4xx_cryp_tdes.o
LOAD StdPeriph_Driver/src/stm32f4xx_dac.o
LOAD StdPeriph_Driver/src/stm32f4xx_dbgmcu.o
LOAD StdPeriph_Driver/src/stm32f4xx_dcmi.o
LOAD StdPeriph_Driver/src/stm32f4xx_dfsdm.o
LOAD StdPeriph_Driver/src/stm32f4xx_dma.o
LOAD StdPeriph_Driver/src/stm32f4xx_dma2d.o
LOAD StdPeriph_Driver/src/stm32f4xx_dsi.o
LOAD StdPeriph_Driver/src/stm32f4xx_exti.o
LOAD StdPeriph_Driver/src/stm32f4xx_flash.o
LOAD StdPeriph_Driver/src/stm32f4xx_flash_ramfunc.o
LOAD StdPeriph_Driver/src/stm32f4xx_fmc.o
LOAD StdPeriph_Driver/src/stm32f4xx_fmip2c.o
LOAD StdPeriph_Driver/src/stm32f4xx_fsmc.o
LOAD StdPeriph_Driver/src/stm32f4xx_gpio.o
LOAD StdPeriph_Driver/src/stm32f4xx_hash.o
LOAD StdPeriph_Driver/src/stm32f4xx_hash_md5.o
LOAD StdPeriph_Driver/src/stm32f4xx_hash_sha1.o
LOAD StdPeriph_Driver/src/stm32f4xx_i2c.o
LOAD StdPeriph_Driver/src/stm32f4xx_iwdg.o
LOAD StdPeriph_Driver/src/stm32f4xx_lptim.o
LOAD StdPeriph_Driver/src/stm32f4xx_ltdc.o
LOAD StdPeriph_Driver/src/stm32f4xx_pwr.o
LOAD StdPeriph_Driver/src/stm32f4xx_qspi.o
LOAD StdPeriph_Driver/src/stm32f4xx_rcc.o
LOAD StdPeriph_Driver/src/stm32f4xx_rng.o
LOAD StdPeriph_Driver/src/stm32f4xx_rtc.o
LOAD StdPeriph_Driver/src/stm32f4xx_sai.o
LOAD StdPeriph_Driver/src/stm32f4xx_sdio.o
LOAD StdPeriph_Driver/src/stm32f4xx_spdifrx.o
LOAD StdPeriph_Driver/src/stm32f4xx_spi.o
LOAD StdPeriph_Driver/src/stm32f4xx_syscfg.o
LOAD StdPeriph_Driver/src/stm32f4xx_tim.o
LOAD StdPeriph_Driver/src/stm32f4xx_usart.o
LOAD StdPeriph_Driver/src/stm32f4xx_wwdg.o
LOAD Third_party/FreeRTOS/org/Source/croutine.o
LOAD Third_party/FreeRTOS/org/Source/event_groups.o
LOAD Third_party/FreeRTOS/org/Source/list.o
LOAD Third_party/FreeRTOS/org/Source/queue.o
LOAD Third_party/FreeRTOS/org/Source/stream_buffer.o
LOAD Third_party/FreeRTOS/org/Source/tasks.o
LOAD Third_party/FreeRTOS/org/Source/timers.o
LOAD Third_party/FreeRTOS/org/Source/portable/GCC/ARM_CM4F/port.o
LOAD Third_party/FreeRTOS/org/Source/portable/MemMang/heap_4.o
LOAD Third_party/SEGGER/Config/SEGGER_SYSVIEW_Config_FreeRTOS.o
LOAD Third_party/SEGGER/OS/SEGGER_SYSVIEW_FreeRTOS.o
LOAD Third_party/SEGGER/SEGGER/SEGGER_RTT.o
LOAD Third_party/SEGGER/SEGGER/SEGGER_SYSVIEW.o
LOAD src/001LED_BUTTON.o
LOAD src/system_stm32f4xx.o
LOAD startup/startup_stm32.o
LOAD c:/ac6/systemworkbench/plugins/fr.ac6.mcu.externaltools.arm-none.win32_1.17.0.201812190825/tools/compiler/bin/../lib/gcc/arm-none-eabi/7.3.1/../../../../arm-none-eabi/lib/thumb/v7e-m/fpv4-sp/hard\libm.a
START GROUP
LOAD c:/ac6/systemworkbench/plugins/fr.ac6.mcu.externaltools.arm-none.win32_1.17.0.201812190825/tools/compiler/bin/../lib/gcc/arm-none-eabi/7.3.1/thumb/v7e-m/fpv4-sp/hard\libgcc.a
LOAD c:/ac6/systemworkbench/plugins/fr.ac6.mcu.externaltools.arm-none.win32_1.17.0.201812190825/tools/compiler/bin/../lib/gcc/arm-none-eabi/7.3.1/../../../../arm-none-eabi/lib/thumb/v7e-m/fpv4-sp/hard\libc.a
END GROUP
START GROUP
LOAD c:/ac6/systemworkbench/plugins/fr.ac6.mcu.externaltools.arm-none.win32_1.17.0.201812190825/tools/compiler/bin/../lib/gcc/arm-none-eabi/7.3.1/thumb/v7e-m/fpv4-sp/hard\libgcc.a
LOAD c:/ac6/systemworkbench/plugins/fr.ac6.mcu.externaltools.arm-none.win32_1.17.0.201812190825/tools/compiler/bin/../lib/gcc/arm-none-eabi/7.3.1/../../../../arm-none-eabi/lib/thumb/v7e-m/fpv4-sp/hard\libc.a
LOAD c:/ac6/systemworkbench/plugins/fr.ac6.mcu.externaltools.arm-none.win32_1.17.0.201812190825/tools/compiler/bin/../lib/gcc/arm-none-eabi/7.3.1/../../../../arm-none-eabi/lib/thumb/v7e-m/fpv4-sp/hard\librdimon.a
END GROUP
LOAD c:/ac6/systemworkbench/plugins/fr.ac6.mcu.externaltools.arm-none.win32_1.17.0.201812190825/tools/compiler/bin/../lib/gcc/arm-none-eabi/7.3.1/thumb/v7e-m/fpv4-sp/hard/crtend.o
LOAD c:/ac6/systemworkbench/plugins/fr.ac6.mcu.externaltools.arm-none.win32_1.17.0.201812190825/tools/compiler/bin/../lib/gcc/arm-none-eabi/7.3.1/thumb/v7e-m/fpv4-sp/hard/crtn.o
                0x20020000                _estack = 0x20020000
                0x00000000                _Min_Heap_Size = 0x0
                0x00000400                _Min_Stack_Size = 0x400

.isr_vector     0x08000000      0x1c4
                0x08000000                . = ALIGN (0x4)
 *(.isr_vector)
 .isr_vector    0x08000000      0x1c4 startup/startup_stm32.o
                0x08000000                g_pfnVectors
                0x080001c4                . = ALIGN (0x4)

.text           0x08000200     0x53b8
                0x08000200                . = ALIGN (0x4)
 *(.text)
 .text          0x08000200       0x40 c:/ac6/systemworkbench/plugins/fr.ac6.mcu.externaltools.arm-none.win32_1.17.0.201812190825/tools/compiler/bin/../lib/gcc/arm-none-eabi/7.3.1/thumb/v7e-m/fpv4-sp/hard/crtbegin.o
 .text          0x08000240      0x134 c:/ac6/systemworkbench/plugins/fr.ac6.mcu.externaltools.arm-none.win32_1.17.0.201812190825/tools/compiler/bin/../lib/gcc/arm-none-eabi/7.3.1/../../../../arm-none-eabi/lib/thumb/v7e-m/fpv4-sp/hard\libc.a(lib_a-memcpy.o)
                0x08000240                memcpy
 *fill*         0x08000374        0xc 
 .text          0x08000380       0xdc c:/ac6/systemworkbench/plugins/fr.ac6.mcu.externaltools.arm-none.win32_1.17.0.201812190825/tools/compiler/bin/../lib/gcc/arm-none-eabi/7.3.1/../../../../arm-none-eabi/lib/thumb/v7e-m/fpv4-sp/hard\libc.a(lib_a-strlen.o)
                0x08000380                strlen
 *(.text*)
 .text.__libc_init_array
                0x0800045c       0x48 c:/ac6/systemworkbench/plugins/fr.ac6.mcu.externaltools.arm-none.win32_1.17.0.201812190825/tools/compiler/bin/../lib/gcc/arm-none-eabi/7.3.1/../../../../arm-none-eabi/lib/thumb/v7e-m/fpv4-sp/hard\libc.a(lib_a-init.o)
                0x0800045c                __libc_init_array
 .text.memset   0x080004a4       0x94 c:/ac6/systemworkbench/plugins/fr.ac6.mcu.externaltools.arm-none.win32_1.17.0.201812190825/tools/compiler/bin/../lib/gcc/arm-none-eabi/7.3.1/../../../../arm-none-eabi/lib/thumb/v7e-m/fpv4-sp/hard\libc.a(lib_a-memset.o)
                0x080004a4                memset
 .text.startup.register_fini
                0x08000538       0x14 c:/ac6/systemworkbench/plugins/fr.ac6.mcu.externaltools.arm-none.win32_1.17.0.201812190825/tools/compiler/bin/../lib/gcc/arm-none-eabi/7.3.1/../../../../arm-none-eabi/lib/thumb/v7e-m/fpv4-sp/hard\libc.a(lib_a-__call_atexit.o)
 .text.atexit   0x0800054c        0xc c:/ac6/systemworkbench/plugins/fr.ac6.mcu.externaltools.arm-none.win32_1.17.0.201812190825/tools/compiler/bin/../lib/gcc/arm-none-eabi/7.3.1/../../../../arm-none-eabi/lib/thumb/v7e-m/fpv4-sp/hard\libc.a(lib_a-atexit.o)
                0x0800054c                atexit
 .text.__libc_fini_array
                0x08000558       0x34 c:/ac6/systemworkbench/plugins/fr.ac6.mcu.externaltools.arm-none.win32_1.17.0.201812190825/tools/compiler/bin/../lib/gcc/arm-none-eabi/7.3.1/../../../../arm-none-eabi/lib/thumb/v7e-m/fpv4-sp/hard\libc.a(lib_a-fini.o)
                0x08000558                __libc_fini_array
 .text.__retarget_lock_acquire_recursive
                0x0800058c        0x4 c:/ac6/systemworkbench/plugins/fr.ac6.mcu.externaltools.arm-none.win32_1.17.0.201812190825/tools/compiler/bin/../lib/gcc/arm-none-eabi/7.3.1/../../../../arm-none-eabi/lib/thumb/v7e-m/fpv4-sp/hard\libc.a(lib_a-lock.o)
                0x0800058c                __retarget_lock_acquire_recursive
 .text.__retarget_lock_release_recursive
                0x08000590        0x4 c:/ac6/systemworkbench/plugins/fr.ac6.mcu.externaltools.arm-none.win32_1.17.0.201812190825/tools/compiler/bin/../lib/gcc/arm-none-eabi/7.3.1/../../../../arm-none-eabi/lib/thumb/v7e-m/fpv4-sp/hard\libc.a(lib_a-lock.o)
                0x08000590                __retarget_lock_release_recursive
 .text.__register_exitproc
                0x08000594       0xc0 c:/ac6/systemworkbench/plugins/fr.ac6.mcu.externaltools.arm-none.win32_1.17.0.201812190825/tools/compiler/bin/../lib/gcc/arm-none-eabi/7.3.1/../../../../arm-none-eabi/lib/thumb/v7e-m/fpv4-sp/hard\libc.a(lib_a-__atexit.o)
                0x08000594                __register_exitproc
 .text.GPIO_Init
                0x08000654      0x11c StdPeriph_Driver/src/stm32f4xx_gpio.o
                0x08000654                GPIO_Init
 .text.GPIO_ReadInputDataBit
                0x08000770       0x34 StdPeriph_Driver/src/stm32f4xx_gpio.o
                0x08000770                GPIO_ReadInputDataBit
 .text.GPIO_WriteBit
                0x080007a4       0x30 StdPeriph_Driver/src/stm32f4xx_gpio.o
                0x080007a4                GPIO_WriteBit
 .text.GPIO_PinAFConfig
                0x080007d4       0x92 StdPeriph_Driver/src/stm32f4xx_gpio.o
                0x080007d4                GPIO_PinAFConfig
 *fill*         0x08000866        0x2 
 .text.RCC_DeInit
                0x08000868       0x70 StdPeriph_Driver/src/stm32f4xx_rcc.o
                0x08000868                RCC_DeInit
 .text.RCC_GetClocksFreq
                0x080008d8      0x1f4 StdPeriph_Driver/src/stm32f4xx_rcc.o
                0x080008d8                RCC_GetClocksFreq
 .text.RCC_AHB1PeriphClockCmd
                0x08000acc       0x40 StdPeriph_Driver/src/stm32f4xx_rcc.o
                0x08000acc                RCC_AHB1PeriphClockCmd
 .text.RCC_APB1PeriphClockCmd
                0x08000b0c       0x40 StdPeriph_Driver/src/stm32f4xx_rcc.o
                0x08000b0c                RCC_APB1PeriphClockCmd
 .text.USART_Init
                0x08000b4c      0x174 StdPeriph_Driver/src/stm32f4xx_usart.o
                0x08000b4c                USART_Init
 .text.USART_Cmd
                0x08000cc0       0x40 StdPeriph_Driver/src/stm32f4xx_usart.o
                0x08000cc0                USART_Cmd
 .text.USART_SendData
                0x08000d00       0x24 StdPeriph_Driver/src/stm32f4xx_usart.o
                0x08000d00                USART_SendData
 .text.USART_GetFlagStatus
                0x08000d24       0x38 StdPeriph_Driver/src/stm32f4xx_usart.o
                0x08000d24                USART_GetFlagStatus
 .text.vListInitialise
                0x08000d5c       0x40 Third_party/FreeRTOS/org/Source/list.o
                0x08000d5c                vListInitialise
 .text.vListInitialiseItem
                0x08000d9c       0x1a Third_party/FreeRTOS/org/Source/list.o
                0x08000d9c                vListInitialiseItem
 .text.vListInsertEnd
                0x08000db6       0x48 Third_party/FreeRTOS/org/Source/list.o
                0x08000db6                vListInsertEnd
 .text.vListInsert
                0x08000dfe       0x72 Third_party/FreeRTOS/org/Source/list.o
                0x08000dfe                vListInsert
 .text.uxListRemove
                0x08000e70       0x54 Third_party/FreeRTOS/org/Source/list.o
                0x08000e70                uxListRemove
 .text.xQueueGenericReset
                0x08000ec4       0xd0 Third_party/FreeRTOS/org/Source/queue.o
                0x08000ec4                xQueueGenericReset
 .text.xQueueGenericCreate
                0x08000f94       0x76 Third_party/FreeRTOS/org/Source/queue.o
                0x08000f94                xQueueGenericCreate
 .text.prvInitialiseNewQueue
                0x0800100a       0x52 Third_party/FreeRTOS/org/Source/queue.o
 .text.xQueueGenericSend
                0x0800105c      0x244 Third_party/FreeRTOS/org/Source/queue.o
                0x0800105c                xQueueGenericSend
 .text.xQueueGenericSendFromISR
                0x080012a0      0x150 Third_party/FreeRTOS/org/Source/queue.o
                0x080012a0                xQueueGenericSendFromISR
 .text.xQueueReceive
                0x080013f0      0x228 Third_party/FreeRTOS/org/Source/queue.o
                0x080013f0                xQueueReceive
 .text.prvCopyDataToQueue
                0x08001618       0xd4 Third_party/FreeRTOS/org/Source/queue.o
 .text.prvCopyDataFromQueue
                0x080016ec       0x4c Third_party/FreeRTOS/org/Source/queue.o
 .text.prvUnlockQueue
                0x08001738       0xa4 Third_party/FreeRTOS/org/Source/queue.o
 .text.prvIsQueueEmpty
                0x080017dc       0x2c Third_party/FreeRTOS/org/Source/queue.o
 .text.prvIsQueueFull
                0x08001808       0x30 Third_party/FreeRTOS/org/Source/queue.o
 .text.vQueueAddToRegistry
                0x08001838       0x60 Third_party/FreeRTOS/org/Source/queue.o
                0x08001838                vQueueAddToRegistry
 .text.vQueueWaitForMessageRestricted
                0x08001898       0x68 Third_party/FreeRTOS/org/Source/queue.o
                0x08001898                vQueueWaitForMessageRestricted
 .text.xTaskCreate
                0x08001900       0x82 Third_party/FreeRTOS/org/Source/tasks.o
                0x08001900                xTaskCreate
 .text.prvInitialiseNewTask
                0x08001982      0x11c Third_party/FreeRTOS/org/Source/tasks.o
 *fill*         0x08001a9e        0x2 
 .text.prvAddNewTaskToReadyList
                0x08001aa0      0x118 Third_party/FreeRTOS/org/Source/tasks.o
 .text.vTaskStartScheduler
                0x08001bb8       0xc0 Third_party/FreeRTOS/org/Source/tasks.o
                0x08001bb8                vTaskStartScheduler
 .text.vTaskSuspendAll
                0x08001c78       0x1c Third_party/FreeRTOS/org/Source/tasks.o
                0x08001c78                vTaskSuspendAll
 .text.xTaskResumeAll
                0x08001c94      0x140 Third_party/FreeRTOS/org/Source/tasks.o
                0x08001c94                xTaskResumeAll
 .text.xTaskGetTickCount
                0x08001dd4       0x20 Third_party/FreeRTOS/org/Source/tasks.o
                0x08001dd4                xTaskGetTickCount
 .text.xTaskGetTickCountFromISR
                0x08001df4       0x24 Third_party/FreeRTOS/org/Source/tasks.o
                0x08001df4                xTaskGetTickCountFromISR
 .text.xTaskIncrementTick
                0x08001e18      0x178 Third_party/FreeRTOS/org/Source/tasks.o
                0x08001e18                xTaskIncrementTick
 .text.vTaskSwitchContext
                0x08001f90       0xdc Third_party/FreeRTOS/org/Source/tasks.o
                0x08001f90                vTaskSwitchContext
 .text.vTaskPlaceOnEventList
                0x0800206c       0x48 Third_party/FreeRTOS/org/Source/tasks.o
                0x0800206c                vTaskPlaceOnEventList
 .text.vTaskPlaceOnEventListRestricted
                0x080020b4       0x5c Third_party/FreeRTOS/org/Source/tasks.o
                0x080020b4                vTaskPlaceOnEventListRestricted
 .text.xTaskRemoveFromEventList
                0x08002110       0xcc Third_party/FreeRTOS/org/Source/tasks.o
                0x08002110                xTaskRemoveFromEventList
 .text.vTaskInternalSetTimeOutState
                0x080021dc       0x2c Third_party/FreeRTOS/org/Source/tasks.o
                0x080021dc                vTaskInternalSetTimeOutState
 .text.xTaskCheckForTimeOut
                0x08002208       0xc0 Third_party/FreeRTOS/org/Source/tasks.o
                0x08002208                xTaskCheckForTimeOut
 .text.vTaskMissedYield
                0x080022c8       0x18 Third_party/FreeRTOS/org/Source/tasks.o
                0x080022c8                vTaskMissedYield
 .text.prvIdleTask
                0x080022e0       0x30 Third_party/FreeRTOS/org/Source/tasks.o
 .text.prvInitialiseTaskLists
                0x08002310       0x80 Third_party/FreeRTOS/org/Source/tasks.o
 .text.prvCheckTasksWaitingTermination
                0x08002390       0x58 Third_party/FreeRTOS/org/Source/tasks.o
 .text.prvDeleteTCB
                0x080023e8       0x20 Third_party/FreeRTOS/org/Source/tasks.o
 .text.prvResetNextTaskUnblockTime
                0x08002408       0x40 Third_party/FreeRTOS/org/Source/tasks.o
 .text.xTaskGetSchedulerState
                0x08002448       0x3c Third_party/FreeRTOS/org/Source/tasks.o
                0x08002448                xTaskGetSchedulerState
 .text.xTaskPriorityDisinherit
                0x08002484      0x110 Third_party/FreeRTOS/org/Source/tasks.o
                0x08002484                xTaskPriorityDisinherit
 .text.prvAddCurrentTaskToDelayedList
                0x08002594       0xf0 Third_party/FreeRTOS/org/Source/tasks.o
 .text.xTimerCreateTimerTask
                0x08002684       0x64 Third_party/FreeRTOS/org/Source/timers.o
                0x08002684                xTimerCreateTimerTask
 .text.xTimerGenericCommand
                0x080026e8       0x98 Third_party/FreeRTOS/org/Source/timers.o
                0x080026e8                xTimerGenericCommand
 .text.prvProcessExpiredTimer
                0x08002780       0x98 Third_party/FreeRTOS/org/Source/timers.o
 .text.prvTimerTask
                0x08002818       0x24 Third_party/FreeRTOS/org/Source/timers.o
 .text.prvProcessTimerOrBlockTask
                0x0800283c       0x9c Third_party/FreeRTOS/org/Source/timers.o
 .text.prvGetNextExpireTime
                0x080028d8       0x48 Third_party/FreeRTOS/org/Source/timers.o
 .text.prvSampleTimeNow
                0x08002920       0x40 Third_party/FreeRTOS/org/Source/timers.o
 .text.prvInsertTimerInActiveList
                0x08002960       0x84 Third_party/FreeRTOS/org/Source/timers.o
 .text.prvProcessReceivedCommands
                0x080029e4      0x188 Third_party/FreeRTOS/org/Source/timers.o
 .text.prvSwitchTimerLists
                0x08002b6c       0xc8 Third_party/FreeRTOS/org/Source/timers.o
 .text.prvCheckForValidListAndQueue
                0x08002c34       0x6c Third_party/FreeRTOS/org/Source/timers.o
 .text.pxPortInitialiseStack
                0x08002ca0       0x68 Third_party/FreeRTOS/org/Source/portable/GCC/ARM_CM4F/port.o
                0x08002ca0                pxPortInitialiseStack
 .text.prvTaskExitError
                0x08002d08       0x54 Third_party/FreeRTOS/org/Source/portable/GCC/ARM_CM4F/port.o
 *fill*         0x08002d5c        0x4 
 .text.SVC_Handler
                0x08002d60       0x28 Third_party/FreeRTOS/org/Source/portable/GCC/ARM_CM4F/port.o
                0x08002d60                SVC_Handler
 .text.prvPortStartFirstTask
                0x08002d88       0x28 Third_party/FreeRTOS/org/Source/portable/GCC/ARM_CM4F/port.o
 .text.xPortStartScheduler
                0x08002db0      0x13c Third_party/FreeRTOS/org/Source/portable/GCC/ARM_CM4F/port.o
                0x08002db0                xPortStartScheduler
 .text.vPortEnterCritical
                0x08002eec       0x5c Third_party/FreeRTOS/org/Source/portable/GCC/ARM_CM4F/port.o
                0x08002eec                vPortEnterCritical
 .text.vPortExitCritical
                0x08002f48       0x50 Third_party/FreeRTOS/org/Source/portable/GCC/ARM_CM4F/port.o
                0x08002f48                vPortExitCritical
 *fill*         0x08002f98        0x8 
 .text.PendSV_Handler
                0x08002fa0       0x68 Third_party/FreeRTOS/org/Source/portable/GCC/ARM_CM4F/port.o
                0x08002fa0                PendSV_Handler
 .text.SysTick_Handler
                0x08003008       0x50 Third_party/FreeRTOS/org/Source/portable/GCC/ARM_CM4F/port.o
                0x08003008                SysTick_Handler
 .text.vPortSetupTimerInterrupt
                0x08003058       0x48 Third_party/FreeRTOS/org/Source/portable/GCC/ARM_CM4F/port.o
                0x08003058                vPortSetupTimerInterrupt
 .text.vPortEnableVFP
                0x080030a0       0x14 Third_party/FreeRTOS/org/Source/portable/GCC/ARM_CM4F/port.o
 .text.vPortValidateInterruptPriority
                0x080030b4       0x7c Third_party/FreeRTOS/org/Source/portable/GCC/ARM_CM4F/port.o
                0x080030b4                vPortValidateInterruptPriority
 .text.pvPortMalloc
                0x08003130      0x184 Third_party/FreeRTOS/org/Source/portable/MemMang/heap_4.o
                0x08003130                pvPortMalloc
 .text.vPortFree
                0x080032b4       0xb0 Third_party/FreeRTOS/org/Source/portable/MemMang/heap_4.o
                0x080032b4                vPortFree
 .text.prvHeapInit
                0x08003364       0xc4 Third_party/FreeRTOS/org/Source/portable/MemMang/heap_4.o
 .text.prvInsertBlockIntoFreeList
                0x08003428       0xb4 Third_party/FreeRTOS/org/Source/portable/MemMang/heap_4.o
 .text._cbSendSystemDesc
                0x080034dc       0x1c Third_party/SEGGER/Config/SEGGER_SYSVIEW_Config_FreeRTOS.o
 .text.SEGGER_SYSVIEW_Conf
                0x080034f8       0x2c Third_party/SEGGER/Config/SEGGER_SYSVIEW_Config_FreeRTOS.o
                0x080034f8                SEGGER_SYSVIEW_Conf
 .text._cbSendTaskList
                0x08003524       0x90 Third_party/SEGGER/OS/SEGGER_SYSVIEW_FreeRTOS.o
 .text._cbGetTime
                0x080035b4       0x76 Third_party/SEGGER/OS/SEGGER_SYSVIEW_FreeRTOS.o
 *fill*         0x0800362a        0x2 
 .text.SYSVIEW_AddTask
                0x0800362c       0xd0 Third_party/SEGGER/OS/SEGGER_SYSVIEW_FreeRTOS.o
                0x0800362c                SYSVIEW_AddTask
 .text.SYSVIEW_SendTaskInfo
                0x080036fc       0x42 Third_party/SEGGER/OS/SEGGER_SYSVIEW_FreeRTOS.o
                0x080036fc                SYSVIEW_SendTaskInfo
 *fill*         0x0800373e        0x2 
 .text._DoInit  0x08003740       0xa4 Third_party/SEGGER/SEGGER/SEGGER_RTT.o
 .text.SEGGER_RTT_ReadNoLock
                0x080037e4      0x104 Third_party/SEGGER/SEGGER/SEGGER_RTT.o
                0x080037e4                SEGGER_RTT_ReadNoLock
 .text.SEGGER_RTT_WriteSkipNoLock
                0x080038e8      0x120 Third_party/SEGGER/SEGGER/SEGGER_RTT.o
                0x080038e8                SEGGER_RTT_WriteSkipNoLock
 .text.SEGGER_RTT_ConfigUpBuffer
                0x08003a08       0xd4 Third_party/SEGGER/SEGGER/SEGGER_RTT.o
                0x08003a08                SEGGER_RTT_ConfigUpBuffer
 .text.SEGGER_RTT_ConfigDownBuffer
                0x08003adc       0xd4 Third_party/SEGGER/SEGGER/SEGGER_RTT.o
                0x08003adc                SEGGER_RTT_ConfigDownBuffer
 .text._EncodeStr
                0x08003bb0       0x9a Third_party/SEGGER/SEGGER/SEGGER_SYSVIEW.o
 .text._PreparePacket
                0x08003c4a       0x18 Third_party/SEGGER/SEGGER/SEGGER_SYSVIEW.o
 .text._HandleIncomingPacket
                0x08003c62       0xb8 Third_party/SEGGER/SEGGER/SEGGER_SYSVIEW.o
 *fill*         0x08003d1a        0x2 
 .text._TrySendOverflowPacket
                0x08003d1c       0xe0 Third_party/SEGGER/SEGGER/SEGGER_SYSVIEW.o
 .text._SendPacket
                0x08003dfc      0x1a8 Third_party/SEGGER/SEGGER/SEGGER_SYSVIEW.o
 .text.SEGGER_SYSVIEW_Init
                0x08003fa4       0x7c Third_party/SEGGER/SEGGER/SEGGER_SYSVIEW.o
                0x08003fa4                SEGGER_SYSVIEW_Init
 .text.SEGGER_SYSVIEW_SetRAMBase
                0x08004020       0x20 Third_party/SEGGER/SEGGER/SEGGER_SYSVIEW.o
                0x08004020                SEGGER_SYSVIEW_SetRAMBase
 .text.SEGGER_SYSVIEW_RecordVoid
                0x08004040       0x3c Third_party/SEGGER/SEGGER/SEGGER_SYSVIEW.o
                0x08004040                SEGGER_SYSVIEW_RecordVoid
 .text.SEGGER_SYSVIEW_RecordU32
                0x0800407c       0x78 Third_party/SEGGER/SEGGER/SEGGER_SYSVIEW.o
                0x0800407c                SEGGER_SYSVIEW_RecordU32
 .text.SEGGER_SYSVIEW_RecordU32x2
                0x080040f4       0xb4 Third_party/SEGGER/SEGGER/SEGGER_SYSVIEW.o
                0x080040f4                SEGGER_SYSVIEW_RecordU32x2
 .text.SEGGER_SYSVIEW_RecordU32x3
                0x080041a8       0xec Third_party/SEGGER/SEGGER/SEGGER_SYSVIEW.o
                0x080041a8                SEGGER_SYSVIEW_RecordU32x3
 .text.SEGGER_SYSVIEW_RecordU32x4
                0x08004294      0x124 Third_party/SEGGER/SEGGER/SEGGER_SYSVIEW.o
                0x08004294                SEGGER_SYSVIEW_RecordU32x4
 .text.SEGGER_SYSVIEW_Start
                0x080043b8      0x178 Third_party/SEGGER/SEGGER/SEGGER_SYSVIEW.o
                0x080043b8                SEGGER_SYSVIEW_Start
 .text.SEGGER_SYSVIEW_Stop
                0x08004530       0x4c Third_party/SEGGER/SEGGER/SEGGER_SYSVIEW.o
                0x08004530                SEGGER_SYSVIEW_Stop
 .text.SEGGER_SYSVIEW_GetSysDesc
                0x0800457c      0x134 Third_party/SEGGER/SEGGER/SEGGER_SYSVIEW.o
                0x0800457c                SEGGER_SYSVIEW_GetSysDesc
 .text.SEGGER_SYSVIEW_SendTaskInfo
                0x080046b0      0x1cc Third_party/SEGGER/SEGGER/SEGGER_SYSVIEW.o
                0x080046b0                SEGGER_SYSVIEW_SendTaskInfo
 .text.SEGGER_SYSVIEW_SendTaskList
                0x0800487c       0x28 Third_party/SEGGER/SEGGER/SEGGER_SYSVIEW.o
                0x0800487c                SEGGER_SYSVIEW_SendTaskList
 .text.SEGGER_SYSVIEW_SendSysDesc
                0x080048a4       0x48 Third_party/SEGGER/SEGGER/SEGGER_SYSVIEW.o
                0x080048a4                SEGGER_SYSVIEW_SendSysDesc
 .text.SEGGER_SYSVIEW_RecordSystime
                0x080048ec       0x60 Third_party/SEGGER/SEGGER/SEGGER_SYSVIEW.o
                0x080048ec                SEGGER_SYSVIEW_RecordSystime
 .text.SEGGER_SYSVIEW_RecordEnterISR
                0x0800494c       0x84 Third_party/SEGGER/SEGGER/SEGGER_SYSVIEW.o
                0x0800494c                SEGGER_SYSVIEW_RecordEnterISR
 .text.SEGGER_SYSVIEW_RecordExitISR
                0x080049d0       0x38 Third_party/SEGGER/SEGGER/SEGGER_SYSVIEW.o
                0x080049d0                SEGGER_SYSVIEW_RecordExitISR
 .text.SEGGER_SYSVIEW_RecordExitISRToScheduler
                0x08004a08       0x38 Third_party/SEGGER/SEGGER/SEGGER_SYSVIEW.o
                0x08004a08                SEGGER_SYSVIEW_RecordExitISRToScheduler
 .text.SEGGER_SYSVIEW_OnIdle
                0x08004a40       0x38 Third_party/SEGGER/SEGGER/SEGGER_SYSVIEW.o
                0x08004a40                SEGGER_SYSVIEW_OnIdle
 .text.SEGGER_SYSVIEW_OnTaskCreate
                0x08004a78       0x88 Third_party/SEGGER/SEGGER/SEGGER_SYSVIEW.o
                0x08004a78                SEGGER_SYSVIEW_OnTaskCreate
 .text.SEGGER_SYSVIEW_OnTaskStartExec
                0x08004b00       0x88 Third_party/SEGGER/SEGGER/SEGGER_SYSVIEW.o
                0x08004b00                SEGGER_SYSVIEW_OnTaskStartExec
 .text.SEGGER_SYSVIEW_OnTaskStartReady
                0x08004b88       0x88 Third_party/SEGGER/SEGGER/SEGGER_SYSVIEW.o
                0x08004b88                SEGGER_SYSVIEW_OnTaskStartReady
 .text.SEGGER_SYSVIEW_OnTaskStopReady
                0x08004c10       0xc0 Third_party/SEGGER/SEGGER/SEGGER_SYSVIEW.o
                0x08004c10                SEGGER_SYSVIEW_OnTaskStopReady
 .text.SEGGER_SYSVIEW_ShrinkId
                0x08004cd0       0x24 Third_party/SEGGER/SEGGER/SEGGER_SYSVIEW.o
                0x08004cd0                SEGGER_SYSVIEW_ShrinkId
 .text.SEGGER_SYSVIEW_SendModule
                0x08004cf4      0x100 Third_party/SEGGER/SEGGER/SEGGER_SYSVIEW.o
                0x08004cf4                SEGGER_SYSVIEW_SendModule
 .text.SEGGER_SYSVIEW_SendModuleDescription
                0x08004df4       0x3c Third_party/SEGGER/SEGGER/SEGGER_SYSVIEW.o
                0x08004df4                SEGGER_SYSVIEW_SendModuleDescription
 .text.SEGGER_SYSVIEW_SendNumModules
                0x08004e30       0x7c Third_party/SEGGER/SEGGER/SEGGER_SYSVIEW.o
                0x08004e30                SEGGER_SYSVIEW_SendNumModules
 .text.SEGGER_SYSVIEW_Warn
                0x08004eac       0xb8 Third_party/SEGGER/SEGGER/SEGGER_SYSVIEW.o
                0x08004eac                SEGGER_SYSVIEW_Warn
 .text.main     0x08004f64       0x70 src/001LED_BUTTON.o
                0x08004f64                main
 .text.vLED_TaskHandler
                0x08004fd4       0x3c src/001LED_BUTTON.o
                0x08004fd4                vLED_TaskHandler
 .text.vBUTTON_TaskHandler
                0x08005010       0x30 src/001LED_BUTTON.o
                0x08005010                vBUTTON_TaskHandler
 .text.prvSetupUART2
                0x08005040       0x9c src/001LED_BUTTON.o
 .text.prvSetupLED_GPIO
                0x080050dc       0x38 src/001LED_BUTTON.o
 .text.prvSetupBUTTON_GPIO
                0x08005114       0x3c src/001LED_BUTTON.o
 .text.prvSetupHardware
                0x08005150       0x14 src/001LED_BUTTON.o
 .text.printmsg
                0x08005164       0x50 src/001LED_BUTTON.o
 .text.SystemInit
                0x080051b4       0x6c src/system_stm32f4xx.o
                0x080051b4                SystemInit
 .text.SystemCoreClockUpdate
                0x08005220      0x19c src/system_stm32f4xx.o
                0x08005220                SystemCoreClockUpdate
 .text.SetSysClock
                0x080053bc      0x12c src/system_stm32f4xx.o
 .text.Reset_Handler
                0x080054e8       0x50 startup/startup_stm32.o
                0x080054e8                Reset_Handler
 .text.Default_Handler
                0x08005538        0x2 startup/startup_stm32.o
                0x08005538                RTC_Alarm_IRQHandler
                0x08005538                EXTI2_IRQHandler
                0x08005538                TIM8_CC_IRQHandler
                0x08005538                SPDIF_Rx_IRQHandler
                0x08005538                DebugMon_Handler
                0x08005538                SPI4_IRQHandler
                0x08005538                TIM1_CC_IRQHandler
                0x08005538                QuadSPI_IRQHandler
                0x08005538                DMA2_Stream5_IRQHandler
                0x08005538                HardFault_Handler
                0x08005538                DMA1_Stream5_IRQHandler
                0x08005538                PVD_IRQHandler
                0x08005538                SDIO_IRQHandler
                0x08005538                TAMP_STAMP_IRQHandler
                0x08005538                NMI_Handler
                0x08005538                CAN2_RX1_IRQHandler
                0x08005538                EXTI3_IRQHandler
                0x08005538                TIM8_TRG_COM_TIM14_IRQHandler
                0x08005538                TIM1_UP_TIM10_IRQHandler
                0x08005538                FMPI2C1_error_IRQHandler
                0x08005538                TIM8_UP_TIM13_IRQHandler
                0x08005538                I2C3_ER_IRQHandler
                0x08005538                EXTI0_IRQHandler
                0x08005538                I2C2_EV_IRQHandler
                0x08005538                DMA1_Stream2_IRQHandler
                0x08005538                CAN1_RX0_IRQHandler
                0x08005538                FPU_IRQHandler
                0x08005538                OTG_HS_WKUP_IRQHandler
                0x08005538                UsageFault_Handler
                0x08005538                CAN2_SCE_IRQHandler
                0x08005538                DMA2_Stream2_IRQHandler
                0x08005538                SPI1_IRQHandler
                0x08005538                TIM6_DAC_IRQHandler
                0x08005538                TIM1_BRK_TIM9_IRQHandler
                0x08005538                DCMI_IRQHandler
                0x08005538                CAN2_RX0_IRQHandler
                0x08005538                DMA2_Stream3_IRQHandler
                0x08005538                FMPI2C1_IRQHandler
                0x08005538                SAI2_IRQHandler
                0x08005538                USART6_IRQHandler
                0x08005538                USART3_IRQHandler
                0x08005538                CAN1_RX1_IRQHandler
                0x08005538                UART5_IRQHandler
                0x08005538                DMA2_Stream0_IRQHandler
                0x08005538                TIM4_IRQHandler
                0x08005538                I2C1_EV_IRQHandler
                0x08005538                HDMI_CEC_IRQHandler
                0x08005538                DMA1_Stream6_IRQHandler
                0x08005538                DMA1_Stream1_IRQHandler
                0x08005538                UART4_IRQHandler
                0x08005538                TIM3_IRQHandler
                0x08005538                RCC_IRQHandler
                0x08005538                TIM8_BRK_TIM12_IRQHandler
                0x08005538                Default_Handler
                0x08005538                EXTI15_10_IRQHandler
                0x08005538                ADC_IRQHandler
                0x08005538                DMA1_Stream7_IRQHandler
                0x08005538                TIM7_IRQHandler
                0x08005538                CAN2_TX_IRQHandler
                0x08005538                TIM5_IRQHandler
                0x08005538                DMA2_Stream7_IRQHandler
                0x08005538                I2C3_EV_IRQHandler
                0x08005538                EXTI9_5_IRQHandler
                0x08005538                RTC_WKUP_IRQHandler
                0x08005538                SPI2_IRQHandler
                0x08005538                OTG_HS_EP1_IN_IRQHandler
                0x08005538                MemManage_Handler
                0x08005538                DMA1_Stream0_IRQHandler
                0x08005538                CAN1_TX_IRQHandler
                0x08005538                EXTI4_IRQHandler
                0x08005538                OTG_HS_EP1_OUT_IRQHandler
                0x08005538                WWDG_IRQHandler
                0x08005538                TIM2_IRQHandler
                0x08005538                OTG_FS_WKUP_IRQHandler
                0x08005538                TIM1_TRG_COM_TIM11_IRQHandler
                0x08005538                OTG_HS_IRQHandler
                0x08005538                EXTI1_IRQHandler
                0x08005538                USART2_IRQHandler
                0x08005538                I2C2_ER_IRQHandler
                0x08005538                DMA2_Stream1_IRQHandler
                0x08005538                CAN1_SCE_IRQHandler
                0x08005538                FLASH_IRQHandler
                0x08005538                DMA2_Stream4_IRQHandler
                0x08005538                BusFault_Handler
                0x08005538                USART1_IRQHandler
                0x08005538                OTG_FS_IRQHandler
                0x08005538                SPI3_IRQHandler
                0x08005538                DMA1_Stream4_IRQHandler
                0x08005538                I2C1_ER_IRQHandler
                0x08005538                FMC_IRQHandler
                0x08005538                DMA2_Stream6_IRQHandler
                0x08005538                SAI1_IRQHandler
                0x08005538                DMA1_Stream3_IRQHandler
 *fill*         0x0800553a        0x2 
 .text.memcmp   0x0800553c       0x64 c:/ac6/systemworkbench/plugins/fr.ac6.mcu.externaltools.arm-none.win32_1.17.0.201812190825/tools/compiler/bin/../lib/gcc/arm-none-eabi/7.3.1/../../../../arm-none-eabi/lib/thumb/v7e-m/fpv4-sp/hard\libc.a(lib_a-memcmp.o)
                0x0800553c                memcmp
 *(.glue_7)
 .glue_7        0x080055a0        0x0 linker stubs
 *(.glue_7t)
 .glue_7t       0x080055a0        0x0 linker stubs
 *(.eh_frame)
 .eh_frame      0x080055a0        0x0 c:/ac6/systemworkbench/plugins/fr.ac6.mcu.externaltools.arm-none.win32_1.17.0.201812190825/tools/compiler/bin/../lib/gcc/arm-none-eabi/7.3.1/thumb/v7e-m/fpv4-sp/hard/crtbegin.o
 *(.init)
 .init          0x080055a0        0x4 c:/ac6/systemworkbench/plugins/fr.ac6.mcu.externaltools.arm-none.win32_1.17.0.201812190825/tools/compiler/bin/../lib/gcc/arm-none-eabi/7.3.1/thumb/v7e-m/fpv4-sp/hard/crti.o
                0x080055a0                _init
 .init          0x080055a4        0x8 c:/ac6/systemworkbench/plugins/fr.ac6.mcu.externaltools.arm-none.win32_1.17.0.201812190825/tools/compiler/bin/../lib/gcc/arm-none-eabi/7.3.1/thumb/v7e-m/fpv4-sp/hard/crtn.o
 *(.fini)
 .fini          0x080055ac        0x4 c:/ac6/systemworkbench/plugins/fr.ac6.mcu.externaltools.arm-none.win32_1.17.0.201812190825/tools/compiler/bin/../lib/gcc/arm-none-eabi/7.3.1/thumb/v7e-m/fpv4-sp/hard/crti.o
                0x080055ac                _fini
 .fini          0x080055b0        0x8 c:/ac6/systemworkbench/plugins/fr.ac6.mcu.externaltools.arm-none.win32_1.17.0.201812190825/tools/compiler/bin/../lib/gcc/arm-none-eabi/7.3.1/thumb/v7e-m/fpv4-sp/hard/crtn.o
                0x080055b8                . = ALIGN (0x4)
                0x080055b8                _etext = .

.vfp11_veneer   0x080055b8        0x0
 .vfp11_veneer  0x080055b8        0x0 linker stubs

.v4_bx          0x080055b8        0x0
 .v4_bx         0x080055b8        0x0 linker stubs

.iplt           0x080055b8        0x0
 .iplt          0x080055b8        0x0 c:/ac6/systemworkbench/plugins/fr.ac6.mcu.externaltools.arm-none.win32_1.17.0.201812190825/tools/compiler/bin/../lib/gcc/arm-none-eabi/7.3.1/thumb/v7e-m/fpv4-sp/hard/crtbegin.o

.rodata         0x080055b8      0x128
                0x080055b8                . = ALIGN (0x4)
 *(.rodata)
 .rodata        0x080055b8        0x5 Third_party/FreeRTOS/org/Source/tasks.o
 *fill*         0x080055bd        0x3 
 .rodata        0x080055c0        0xd Third_party/FreeRTOS/org/Source/timers.o
 *fill*         0x080055cd        0x3 
 .rodata        0x080055d0       0x49 Third_party/SEGGER/Config/SEGGER_SYSVIEW_Config_FreeRTOS.o
 *fill*         0x08005619        0x3 
 .rodata        0x0800561c       0x60 Third_party/SEGGER/OS/SEGGER_SYSVIEW_FreeRTOS.o
                0x08005674                SYSVIEW_X_OS_TraceAPI
 .rodata        0x0800567c       0x17 Third_party/SEGGER/SEGGER/SEGGER_RTT.o
 *fill*         0x08005693        0x1 
 .rodata        0x08005694       0x24 Third_party/SEGGER/SEGGER/SEGGER_SYSVIEW.o
 .rodata        0x080056b8       0x22 src/001LED_BUTTON.o
 *(.rodata*)
 *fill*         0x080056da        0x2 
 .rodata._global_impure_ptr
                0x080056dc        0x4 c:/ac6/systemworkbench/plugins/fr.ac6.mcu.externaltools.arm-none.win32_1.17.0.201812190825/tools/compiler/bin/../lib/gcc/arm-none-eabi/7.3.1/../../../../arm-none-eabi/lib/thumb/v7e-m/fpv4-sp/hard\libc.a(lib_a-impure.o)
                0x080056dc                _global_impure_ptr
                0x080056e0                . = ALIGN (0x4)

.rel.dyn        0x080056e0        0x0
 .rel.iplt      0x080056e0        0x0 c:/ac6/systemworkbench/plugins/fr.ac6.mcu.externaltools.arm-none.win32_1.17.0.201812190825/tools/compiler/bin/../lib/gcc/arm-none-eabi/7.3.1/thumb/v7e-m/fpv4-sp/hard/crtbegin.o

.ARM.extab      0x080056e0        0x0
                0x080056e0                . = ALIGN (0x4)
 *(.ARM.extab* .gnu.linkonce.armextab.*)
                0x080056e0                . = ALIGN (0x4)

.ARM            0x080056e0        0x0
                0x080056e0                . = ALIGN (0x4)
                0x080056e0                __exidx_start = .
 *(.ARM.exidx*)
                0x080056e0                __exidx_end = .
                0x080056e0                . = ALIGN (0x4)

.preinit_array  0x080056e0        0x0
                0x080056e0                . = ALIGN (0x4)
                0x080056e0                PROVIDE (__preinit_array_start = .)
 *(.preinit_array*)
                0x080056e0                PROVIDE (__preinit_array_end = .)
                0x080056e0                . = ALIGN (0x4)

.init_array     0x080056e0        0x8
                0x080056e0                . = ALIGN (0x4)
                0x080056e0                PROVIDE (__init_array_start = .)
 *(SORT_BY_NAME(.init_array.*))
 .init_array.00000
                0x080056e0        0x4 c:/ac6/systemworkbench/plugins/fr.ac6.mcu.externaltools.arm-none.win32_1.17.0.201812190825/tools/compiler/bin/../lib/gcc/arm-none-eabi/7.3.1/../../../../arm-none-eabi/lib/thumb/v7e-m/fpv4-sp/hard\libc.a(lib_a-__call_atexit.o)
 *(.init_array*)
 .init_array    0x080056e4        0x4 c:/ac6/systemworkbench/plugins/fr.ac6.mcu.externaltools.arm-none.win32_1.17.0.201812190825/tools/compiler/bin/../lib/gcc/arm-none-eabi/7.3.1/thumb/v7e-m/fpv4-sp/hard/crtbegin.o
                0x080056e8                PROVIDE (__init_array_end = .)
                0x080056e8                . = ALIGN (0x4)

.fini_array     0x080056e8        0x4
                0x080056e8                . = ALIGN (0x4)
                0x080056e8                PROVIDE (__fini_array_start = .)
 *(SORT_BY_NAME(.fini_array.*))
 *(.fini_array*)
 .fini_array    0x080056e8        0x4 c:/ac6/systemworkbench/plugins/fr.ac6.mcu.externaltools.arm-none.win32_1.17.0.201812190825/tools/compiler/bin/../lib/gcc/arm-none-eabi/7.3.1/thumb/v7e-m/fpv4-sp/hard/crtbegin.o
                0x080056ec                PROVIDE (__fini_array_end = .)
                0x080056ec                . = ALIGN (0x4)
                0x080056ec                _sidata = LOADADDR (.data)

.data           0x20000000      0x454 load address 0x080056ec
                0x20000000                . = ALIGN (0x4)
                0x20000000                _sdata = .
 *(.data)
 .data          0x20000000       0x10 StdPeriph_Driver/src/stm32f4xx_rcc.o
 .data          0x20000010        0x4 Third_party/FreeRTOS/org/Source/portable/GCC/ARM_CM4F/port.o
 .data          0x20000014       0x14 src/system_stm32f4xx.o
                0x20000014                SystemCoreClock
                0x20000018                AHBPrescTable
 *(.data*)
 .data.impure_data
                0x20000028      0x428 c:/ac6/systemworkbench/plugins/fr.ac6.mcu.externaltools.arm-none.win32_1.17.0.201812190825/tools/compiler/bin/../lib/gcc/arm-none-eabi/7.3.1/../../../../arm-none-eabi/lib/thumb/v7e-m/fpv4-sp/hard\libc.a(lib_a-impure.o)
 .data.__atexit_recursive_mutex
                0x20000450        0x4 c:/ac6/systemworkbench/plugins/fr.ac6.mcu.externaltools.arm-none.win32_1.17.0.201812190825/tools/compiler/bin/../lib/gcc/arm-none-eabi/7.3.1/../../../../arm-none-eabi/lib/thumb/v7e-m/fpv4-sp/hard\libc.a(lib_a-__call_atexit.o)
                0x20000450                __atexit_recursive_mutex
                0x20000454                . = ALIGN (0x4)
                0x20000454                _edata = .

.igot.plt       0x20000454        0x0 load address 0x08005b40
 .igot.plt      0x20000454        0x0 c:/ac6/systemworkbench/plugins/fr.ac6.mcu.externaltools.arm-none.win32_1.17.0.201812190825/tools/compiler/bin/../lib/gcc/arm-none-eabi/7.3.1/thumb/v7e-m/fpv4-sp/hard/crtbegin.o
                0x20000454                . = ALIGN (0x4)

.bss            0x20000454    0x15468 load address 0x08005b40
                0x20000454                _sbss = .
                0x20000454                __bss_start__ = _sbss
 *(.bss)
 .bss           0x20000454       0x1c c:/ac6/systemworkbench/plugins/fr.ac6.mcu.externaltools.arm-none.win32_1.17.0.201812190825/tools/compiler/bin/../lib/gcc/arm-none-eabi/7.3.1/thumb/v7e-m/fpv4-sp/hard/crtbegin.o
 .bss           0x20000470      0x104 Third_party/FreeRTOS/org/Source/tasks.o
                0x20000470                pxCurrentTCB
 .bss           0x20000574       0x3c Third_party/FreeRTOS/org/Source/timers.o
 .bss           0x200005b0        0x8 Third_party/FreeRTOS/org/Source/portable/GCC/ARM_CM4F/port.o
 .bss           0x200005b8    0x12c18 Third_party/FreeRTOS/org/Source/portable/MemMang/heap_4.o
 .bss           0x200131d0       0xa4 Third_party/SEGGER/OS/SEGGER_SYSVIEW_FreeRTOS.o
 .bss           0x20013274      0x411 Third_party/SEGGER/SEGGER/SEGGER_RTT.o
 *fill*         0x20013685        0x3 
 .bss           0x20013688     0x211b Third_party/SEGGER/SEGGER/SEGGER_SYSVIEW.o
 *fill*         0x200157a3        0x1 
 .bss           0x200157a4        0x9 src/001LED_BUTTON.o
                0x200157a4                xTaskHandle1
                0x200157a8                xTaskHandle2
                0x200157ac                BUTTON_FLAG
 *(.bss*)
 *(COMMON)
 *fill*         0x200157ad        0x3 
 COMMON         0x200157b0       0x21 c:/ac6/systemworkbench/plugins/fr.ac6.mcu.externaltools.arm-none.win32_1.17.0.201812190825/tools/compiler/bin/../lib/gcc/arm-none-eabi/7.3.1/../../../../arm-none-eabi/lib/thumb/v7e-m/fpv4-sp/hard\libc.a(lib_a-lock.o)
                0x200157b0                __lock___atexit_recursive_mutex
                0x200157b4                __lock___arc4random_mutex
                0x200157b8                __lock___env_recursive_mutex
                0x200157bc                __lock___sinit_recursive_mutex
                0x200157c0                __lock___malloc_recursive_mutex
                0x200157c4                __lock___at_quick_exit_mutex
                0x200157c8                __lock___dd_hash_mutex
                0x200157cc                __lock___tz_mutex
                0x200157d0                __lock___sfp_recursive_mutex
 *fill*         0x200157d1        0x3 
 COMMON         0x200157d4       0x40 Third_party/FreeRTOS/org/Source/queue.o
                0x200157d4                xQueueRegistry
 COMMON         0x20015814       0xa8 Third_party/SEGGER/SEGGER/SEGGER_RTT.o
                0x20015814                _SEGGER_RTT
                0x200158bc                . = ALIGN (0x4)
                0x200158bc                _ebss = .
                0x200158bc                __bss_end__ = _ebss

._user_heap_stack
                0x200158bc      0x404 load address 0x08005b40
                0x200158c0                . = ALIGN (0x8)
 *fill*         0x200158bc        0x4 
                0x200158c0                PROVIDE (end = .)
                [!provide]                PROVIDE (_end = .)
                0x200158c0                . = (. + _Min_Heap_Size)
                0x20015cc0                . = (. + _Min_Stack_Size)
 *fill*         0x200158c0      0x400 
                0x20015cc0                . = ALIGN (0x8)

/DISCARD/
 libc.a(*)
 libm.a(*)
 libgcc.a(*)

.ARM.attributes
                0x00000000       0x30
 *(.ARM.attributes)
 .ARM.attributes
                0x00000000       0x22 c:/ac6/systemworkbench/plugins/fr.ac6.mcu.externaltools.arm-none.win32_1.17.0.201812190825/tools/compiler/bin/../lib/gcc/arm-none-eabi/7.3.1/thumb/v7e-m/fpv4-sp/hard/crti.o
 .ARM.attributes
                0x00000022       0x34 c:/ac6/systemworkbench/plugins/fr.ac6.mcu.externaltools.arm-none.win32_1.17.0.201812190825/tools/compiler/bin/../lib/gcc/arm-none-eabi/7.3.1/thumb/v7e-m/fpv4-sp/hard/crtbegin.o
 .ARM.attributes
                0x00000056       0x34 c:/ac6/systemworkbench/plugins/fr.ac6.mcu.externaltools.arm-none.win32_1.17.0.201812190825/tools/compiler/bin/../lib/gcc/arm-none-eabi/7.3.1/../../../../arm-none-eabi/lib/thumb/v7e-m/fpv4-sp/hard\libc.a(lib_a-impure.o)
 .ARM.attributes
                0x0000008a       0x34 c:/ac6/systemworkbench/plugins/fr.ac6.mcu.externaltools.arm-none.win32_1.17.0.201812190825/tools/compiler/bin/../lib/gcc/arm-none-eabi/7.3.1/../../../../arm-none-eabi/lib/thumb/v7e-m/fpv4-sp/hard\libc.a(lib_a-init.o)
 .ARM.attributes
                0x000000be       0x34 c:/ac6/systemworkbench/plugins/fr.ac6.mcu.externaltools.arm-none.win32_1.17.0.201812190825/tools/compiler/bin/../lib/gcc/arm-none-eabi/7.3.1/../../../../arm-none-eabi/lib/thumb/v7e-m/fpv4-sp/hard\libc.a(lib_a-memset.o)
 .ARM.attributes
                0x000000f2       0x34 c:/ac6/systemworkbench/plugins/fr.ac6.mcu.externaltools.arm-none.win32_1.17.0.201812190825/tools/compiler/bin/../lib/gcc/arm-none-eabi/7.3.1/../../../../arm-none-eabi/lib/thumb/v7e-m/fpv4-sp/hard\libc.a(lib_a-__call_atexit.o)
 .ARM.attributes
                0x00000126       0x34 c:/ac6/systemworkbench/plugins/fr.ac6.mcu.externaltools.arm-none.win32_1.17.0.201812190825/tools/compiler/bin/../lib/gcc/arm-none-eabi/7.3.1/../../../../arm-none-eabi/lib/thumb/v7e-m/fpv4-sp/hard\libc.a(lib_a-atexit.o)
 .ARM.attributes
                0x0000015a       0x34 c:/ac6/systemworkbench/plugins/fr.ac6.mcu.externaltools.arm-none.win32_1.17.0.201812190825/tools/compiler/bin/../lib/gcc/arm-none-eabi/7.3.1/../../../../arm-none-eabi/lib/thumb/v7e-m/fpv4-sp/hard\libc.a(lib_a-fini.o)
 .ARM.attributes
                0x0000018e       0x34 c:/ac6/systemworkbench/plugins/fr.ac6.mcu.externaltools.arm-none.win32_1.17.0.201812190825/tools/compiler/bin/../lib/gcc/arm-none-eabi/7.3.1/../../../../arm-none-eabi/lib/thumb/v7e-m/fpv4-sp/hard\libc.a(lib_a-lock.o)
 .ARM.attributes
                0x000001c2       0x34 c:/ac6/systemworkbench/plugins/fr.ac6.mcu.externaltools.arm-none.win32_1.17.0.201812190825/tools/compiler/bin/../lib/gcc/arm-none-eabi/7.3.1/../../../../arm-none-eabi/lib/thumb/v7e-m/fpv4-sp/hard\libc.a(lib_a-__atexit.o)
 .ARM.attributes
                0x000001f6       0x39 StdPeriph_Driver/src/stm32f4xx_gpio.o
 .ARM.attributes
                0x0000022f       0x39 StdPeriph_Driver/src/stm32f4xx_rcc.o
 .ARM.attributes
                0x00000268       0x39 StdPeriph_Driver/src/stm32f4xx_usart.o
 .ARM.attributes
                0x000002a1       0x39 Third_party/FreeRTOS/org/Source/list.o
 .ARM.attributes
                0x000002da       0x39 Third_party/FreeRTOS/org/Source/queue.o
 .ARM.attributes
                0x00000313       0x39 Third_party/FreeRTOS/org/Source/tasks.o
 .ARM.attributes
                0x0000034c       0x39 Third_party/FreeRTOS/org/Source/timers.o
 .ARM.attributes
                0x00000385       0x39 Third_party/FreeRTOS/org/Source/portable/GCC/ARM_CM4F/port.o
 .ARM.attributes
                0x000003be       0x39 Third_party/FreeRTOS/org/Source/portable/MemMang/heap_4.o
 .ARM.attributes
                0x000003f7       0x39 Third_party/SEGGER/Config/SEGGER_SYSVIEW_Config_FreeRTOS.o
 .ARM.attributes
                0x00000430       0x39 Third_party/SEGGER/OS/SEGGER_SYSVIEW_FreeRTOS.o
 .ARM.attributes
                0x00000469       0x39 Third_party/SEGGER/SEGGER/SEGGER_RTT.o
 .ARM.attributes
                0x000004a2       0x39 Third_party/SEGGER/SEGGER/SEGGER_SYSVIEW.o
 .ARM.attributes
                0x000004db       0x39 src/001LED_BUTTON.o
 .ARM.attributes
                0x00000514       0x39 src/system_stm32f4xx.o
 .ARM.attributes
                0x0000054d       0x21 startup/startup_stm32.o
 .ARM.attributes
                0x0000056e       0x34 c:/ac6/systemworkbench/plugins/fr.ac6.mcu.externaltools.arm-none.win32_1.17.0.201812190825/tools/compiler/bin/../lib/gcc/arm-none-eabi/7.3.1/../../../../arm-none-eabi/lib/thumb/v7e-m/fpv4-sp/hard\libc.a(lib_a-memcmp.o)
 .ARM.attributes
                0x000005a2       0x20 c:/ac6/systemworkbench/plugins/fr.ac6.mcu.externaltools.arm-none.win32_1.17.0.201812190825/tools/compiler/bin/../lib/gcc/arm-none-eabi/7.3.1/../../../../arm-none-eabi/lib/thumb/v7e-m/fpv4-sp/hard\libc.a(lib_a-memcpy.o)
 .ARM.attributes
                0x000005c2       0x20 c:/ac6/systemworkbench/plugins/fr.ac6.mcu.externaltools.arm-none.win32_1.17.0.201812190825/tools/compiler/bin/../lib/gcc/arm-none-eabi/7.3.1/../../../../arm-none-eabi/lib/thumb/v7e-m/fpv4-sp/hard\libc.a(lib_a-strlen.o)
 .ARM.attributes
                0x000005e2       0x22 c:/ac6/systemworkbench/plugins/fr.ac6.mcu.externaltools.arm-none.win32_1.17.0.201812190825/tools/compiler/bin/../lib/gcc/arm-none-eabi/7.3.1/thumb/v7e-m/fpv4-sp/hard/crtn.o
OUTPUT(STM32_FreeRTOS_LED_BUTTON.elf elf32-littlearm)

.debug_frame    0x00000000     0x3950
 .debug_frame   0x00000000       0x2c c:/ac6/systemworkbench/plugins/fr.ac6.mcu.externaltools.arm-none.win32_1.17.0.201812190825/tools/compiler/bin/../lib/gcc/arm-none-eabi/7.3.1/../../../../arm-none-eabi/lib/thumb/v7e-m/fpv4-sp/hard\libc.a(lib_a-init.o)
 .debug_frame   0x0000002c       0x38 c:/ac6/systemworkbench/plugins/fr.ac6.mcu.externaltools.arm-none.win32_1.17.0.201812190825/tools/compiler/bin/../lib/gcc/arm-none-eabi/7.3.1/../../../../arm-none-eabi/lib/thumb/v7e-m/fpv4-sp/hard\libc.a(lib_a-memset.o)
 .debug_frame   0x00000064       0x5c c:/ac6/systemworkbench/plugins/fr.ac6.mcu.externaltools.arm-none.win32_1.17.0.201812190825/tools/compiler/bin/../lib/gcc/arm-none-eabi/7.3.1/../../../../arm-none-eabi/lib/thumb/v7e-m/fpv4-sp/hard\libc.a(lib_a-__call_atexit.o)
 .debug_frame   0x000000c0       0x20 c:/ac6/systemworkbench/plugins/fr.ac6.mcu.externaltools.arm-none.win32_1.17.0.201812190825/tools/compiler/bin/../lib/gcc/arm-none-eabi/7.3.1/../../../../arm-none-eabi/lib/thumb/v7e-m/fpv4-sp/hard\libc.a(lib_a-atexit.o)
 .debug_frame   0x000000e0       0x34 c:/ac6/systemworkbench/plugins/fr.ac6.mcu.externaltools.arm-none.win32_1.17.0.201812190825/tools/compiler/bin/../lib/gcc/arm-none-eabi/7.3.1/../../../../arm-none-eabi/lib/thumb/v7e-m/fpv4-sp/hard\libc.a(lib_a-fini.o)
 .debug_frame   0x00000114       0xb0 c:/ac6/systemworkbench/plugins/fr.ac6.mcu.externaltools.arm-none.win32_1.17.0.201812190825/tools/compiler/bin/../lib/gcc/arm-none-eabi/7.3.1/../../../../arm-none-eabi/lib/thumb/v7e-m/fpv4-sp/hard\libc.a(lib_a-lock.o)
 .debug_frame   0x000001c4       0x34 c:/ac6/systemworkbench/plugins/fr.ac6.mcu.externaltools.arm-none.win32_1.17.0.201812190825/tools/compiler/bin/../lib/gcc/arm-none-eabi/7.3.1/../../../../arm-none-eabi/lib/thumb/v7e-m/fpv4-sp/hard\libc.a(lib_a-__atexit.o)
 .debug_frame   0x000001f8      0x23c StdPeriph_Driver/src/stm32f4xx_gpio.o
 .debug_frame   0x00000434      0x904 StdPeriph_Driver/src/stm32f4xx_rcc.o
 .debug_frame   0x00000d38      0x490 StdPeriph_Driver/src/stm32f4xx_usart.o
 .debug_frame   0x000011c8       0xd8 Third_party/FreeRTOS/org/Source/list.o
 .debug_frame   0x000012a0      0x540 Third_party/FreeRTOS/org/Source/queue.o
 .debug_frame   0x000017e0      0x86c Third_party/FreeRTOS/org/Source/tasks.o
 .debug_frame   0x0000204c      0x368 Third_party/FreeRTOS/org/Source/timers.o
 .debug_frame   0x000023b4      0x1a8 Third_party/FreeRTOS/org/Source/portable/GCC/ARM_CM4F/port.o
 .debug_frame   0x0000255c      0x108 Third_party/FreeRTOS/org/Source/portable/MemMang/heap_4.o
 .debug_frame   0x00002664       0x48 Third_party/SEGGER/Config/SEGGER_SYSVIEW_Config_FreeRTOS.o
 .debug_frame   0x000026ac      0x100 Third_party/SEGGER/OS/SEGGER_SYSVIEW_FreeRTOS.o
 .debug_frame   0x000027ac      0x478 Third_party/SEGGER/SEGGER/SEGGER_RTT.o
 .debug_frame   0x00002c24      0xb5c Third_party/SEGGER/SEGGER/SEGGER_SYSVIEW.o
 .debug_frame   0x00003780      0x11c src/001LED_BUTTON.o
 .debug_frame   0x0000389c       0x7c src/system_stm32f4xx.o
 .debug_frame   0x00003918       0x38 c:/ac6/systemworkbench/plugins/fr.ac6.mcu.externaltools.arm-none.win32_1.17.0.201812190825/tools/compiler/bin/../lib/gcc/arm-none-eabi/7.3.1/../../../../arm-none-eabi/lib/thumb/v7e-m/fpv4-sp/hard\libc.a(lib_a-memcmp.o)

.debug_info     0x00000000    0x109c8
 .debug_info    0x00000000      0x62b StdPeriph_Driver/src/stm32f4xx_gpio.o
 .debug_info    0x0000062b      0xf8e StdPeriph_Driver/src/stm32f4xx_rcc.o
 .debug_info    0x000015b9      0x9d4 StdPeriph_Driver/src/stm32f4xx_usart.o
 .debug_info    0x00001f8d      0xadb Third_party/FreeRTOS/org/Source/list.o
 .debug_info    0x00002a68     0x1f3a Third_party/FreeRTOS/org/Source/queue.o
 .debug_info    0x000049a2     0x2714 Third_party/FreeRTOS/org/Source/tasks.o
 .debug_info    0x000070b6     0x146e Third_party/FreeRTOS/org/Source/timers.o
 .debug_info    0x00008524      0x533 Third_party/FreeRTOS/org/Source/portable/GCC/ARM_CM4F/port.o
 .debug_info    0x00008a57      0xbfc Third_party/FreeRTOS/org/Source/portable/MemMang/heap_4.o
 .debug_info    0x00009653      0x10f Third_party/SEGGER/Config/SEGGER_SYSVIEW_Config_FreeRTOS.o
 .debug_info    0x00009762      0xb8d Third_party/SEGGER/OS/SEGGER_SYSVIEW_FreeRTOS.o
 .debug_info    0x0000a2ef     0x16b9 Third_party/SEGGER/SEGGER/SEGGER_RTT.o
 .debug_info    0x0000b9a8     0x3aea Third_party/SEGGER/SEGGER/SEGGER_SYSVIEW.o
 .debug_info    0x0000f492      0xef3 src/001LED_BUTTON.o
 .debug_info    0x00010385      0x621 src/system_stm32f4xx.o
 .debug_info    0x000109a6       0x22 startup/startup_stm32.o

.debug_abbrev   0x00000000     0x22b9
 .debug_abbrev  0x00000000      0x1bf StdPeriph_Driver/src/stm32f4xx_gpio.o
 .debug_abbrev  0x000001bf      0x1d4 StdPeriph_Driver/src/stm32f4xx_rcc.o
 .debug_abbrev  0x00000393      0x187 StdPeriph_Driver/src/stm32f4xx_usart.o
 .debug_abbrev  0x0000051a      0x205 Third_party/FreeRTOS/org/Source/list.o
 .debug_abbrev  0x0000071f      0x352 Third_party/FreeRTOS/org/Source/queue.o
 .debug_abbrev  0x00000a71      0x388 Third_party/FreeRTOS/org/Source/tasks.o
 .debug_abbrev  0x00000df9      0x2fe Third_party/FreeRTOS/org/Source/timers.o
 .debug_abbrev  0x000010f7      0x210 Third_party/FreeRTOS/org/Source/portable/GCC/ARM_CM4F/port.o
 .debug_abbrev  0x00001307      0x2d4 Third_party/FreeRTOS/org/Source/portable/MemMang/heap_4.o
 .debug_abbrev  0x000015db       0xb5 Third_party/SEGGER/Config/SEGGER_SYSVIEW_Config_FreeRTOS.o
 .debug_abbrev  0x00001690      0x223 Third_party/SEGGER/OS/SEGGER_SYSVIEW_FreeRTOS.o
 .debug_abbrev  0x000018b3      0x2d6 Third_party/SEGGER/SEGGER/SEGGER_RTT.o
 .debug_abbrev  0x00001b89      0x336 Third_party/SEGGER/SEGGER/SEGGER_SYSVIEW.o
 .debug_abbrev  0x00001ebf      0x28b src/001LED_BUTTON.o
 .debug_abbrev  0x0000214a      0x15d src/system_stm32f4xx.o
 .debug_abbrev  0x000022a7       0x12 startup/startup_stm32.o

.debug_aranges  0x00000000      0xd00
 .debug_aranges
                0x00000000       0x88 StdPeriph_Driver/src/stm32f4xx_gpio.o
 .debug_aranges
                0x00000088      0x1e8 StdPeriph_Driver/src/stm32f4xx_rcc.o
 .debug_aranges
                0x00000270      0x100 StdPeriph_Driver/src/stm32f4xx_usart.o
 .debug_aranges
                0x00000370       0x40 Third_party/FreeRTOS/org/Source/list.o
 .debug_aranges
                0x000003b0      0x130 Third_party/FreeRTOS/org/Source/queue.o
 .debug_aranges
                0x000004e0      0x1e8 Third_party/FreeRTOS/org/Source/tasks.o
 .debug_aranges
                0x000006c8       0xd0 Third_party/FreeRTOS/org/Source/timers.o
 .debug_aranges
                0x00000798       0x80 Third_party/FreeRTOS/org/Source/portable/GCC/ARM_CM4F/port.o
 .debug_aranges
                0x00000818       0x50 Third_party/FreeRTOS/org/Source/portable/MemMang/heap_4.o
 .debug_aranges
                0x00000868       0x28 Third_party/SEGGER/Config/SEGGER_SYSVIEW_Config_FreeRTOS.o
 .debug_aranges
                0x00000890       0x48 Third_party/SEGGER/OS/SEGGER_SYSVIEW_FreeRTOS.o
 .debug_aranges
                0x000008d8      0x110 Third_party/SEGGER/SEGGER/SEGGER_RTT.o
 .debug_aranges
                0x000009e8      0x268 Third_party/SEGGER/SEGGER/SEGGER_SYSVIEW.o
 .debug_aranges
                0x00000c50       0x58 src/001LED_BUTTON.o
 .debug_aranges
                0x00000ca8       0x30 src/system_stm32f4xx.o
 .debug_aranges
                0x00000cd8       0x28 startup/startup_stm32.o

.debug_ranges   0x00000000      0xc08
 .debug_ranges  0x00000000       0x78 StdPeriph_Driver/src/stm32f4xx_gpio.o
 .debug_ranges  0x00000078      0x1d8 StdPeriph_Driver/src/stm32f4xx_rcc.o
 .debug_ranges  0x00000250       0xf0 StdPeriph_Driver/src/stm32f4xx_usart.o
 .debug_ranges  0x00000340       0x30 Third_party/FreeRTOS/org/Source/list.o
 .debug_ranges  0x00000370      0x120 Third_party/FreeRTOS/org/Source/queue.o
 .debug_ranges  0x00000490      0x1d8 Third_party/FreeRTOS/org/Source/tasks.o
 .debug_ranges  0x00000668       0xc0 Third_party/FreeRTOS/org/Source/timers.o
 .debug_ranges  0x00000728       0x70 Third_party/FreeRTOS/org/Source/portable/GCC/ARM_CM4F/port.o
 .debug_ranges  0x00000798       0x40 Third_party/FreeRTOS/org/Source/portable/MemMang/heap_4.o
 .debug_ranges  0x000007d8       0x18 Third_party/SEGGER/Config/SEGGER_SYSVIEW_Config_FreeRTOS.o
 .debug_ranges  0x000007f0       0x38 Third_party/SEGGER/OS/SEGGER_SYSVIEW_FreeRTOS.o
 .debug_ranges  0x00000828      0x100 Third_party/SEGGER/SEGGER/SEGGER_RTT.o
 .debug_ranges  0x00000928      0x258 Third_party/SEGGER/SEGGER/SEGGER_SYSVIEW.o
 .debug_ranges  0x00000b80       0x48 src/001LED_BUTTON.o
 .debug_ranges  0x00000bc8       0x20 src/system_stm32f4xx.o
 .debug_ranges  0x00000be8       0x20 startup/startup_stm32.o

.debug_macro    0x00000000     0x309c
 .debug_macro   0x00000000      0x1fc StdPeriph_Driver/src/stm32f4xx_gpio.o
 .debug_macro   0x000001fc      0x33b StdPeriph_Driver/src/stm32f4xx_gpio.o
 .debug_macro   0x00000537      0x2cb StdPeriph_Driver/src/stm32f4xx_rcc.o
 .debug_macro   0x00000802      0x214 StdPeriph_Driver/src/stm32f4xx_usart.o
 .debug_macro   0x00000a16      0x21d StdPeriph_Driver/src/stm32f4xx_usart.o
 .debug_macro   0x00000c33      0x1ba Third_party/FreeRTOS/org/Source/list.o
 .debug_macro   0x00000ded      0x244 Third_party/FreeRTOS/org/Source/queue.o
 .debug_macro   0x00001031       0x16 Third_party/FreeRTOS/org/Source/queue.o
 .debug_macro   0x00001047       0x35 Third_party/FreeRTOS/org/Source/queue.o
 .debug_macro   0x0000107c       0x80 Third_party/FreeRTOS/org/Source/queue.o
 .debug_macro   0x000010fc      0x2b5 Third_party/FreeRTOS/org/Source/tasks.o
 .debug_macro   0x000013b1       0x10 Third_party/FreeRTOS/org/Source/tasks.o
 .debug_macro   0x000013c1      0x20f Third_party/FreeRTOS/org/Source/timers.o
 .debug_macro   0x000015d0       0x97 Third_party/FreeRTOS/org/Source/timers.o
 .debug_macro   0x00001667      0x1d6 Third_party/FreeRTOS/org/Source/portable/GCC/ARM_CM4F/port.o
 .debug_macro   0x0000183d      0x1e1 Third_party/FreeRTOS/org/Source/portable/MemMang/heap_4.o
 .debug_macro   0x00001a1e      0x116 Third_party/SEGGER/Config/SEGGER_SYSVIEW_Config_FreeRTOS.o
 .debug_macro   0x00001b34      0x1d0 Third_party/SEGGER/OS/SEGGER_SYSVIEW_FreeRTOS.o
 .debug_macro   0x00001d04      0x164 Third_party/SEGGER/SEGGER/SEGGER_RTT.o
 .debug_macro   0x00001e68       0x4f Third_party/SEGGER/SEGGER/SEGGER_RTT.o
 .debug_macro   0x00001eb7      0x115 Third_party/SEGGER/SEGGER/SEGGER_RTT.o
 .debug_macro   0x00001fcc      0x1f8 Third_party/SEGGER/SEGGER/SEGGER_SYSVIEW.o
 .debug_macro   0x000021c4       0x65 Third_party/SEGGER/SEGGER/SEGGER_SYSVIEW.o
 .debug_macro   0x00002229       0x35 Third_party/SEGGER/SEGGER/SEGGER_SYSVIEW.o
 .debug_macro   0x0000225e      0x11b Third_party/SEGGER/SEGGER/SEGGER_SYSVIEW.o
 .debug_macro   0x00002379      0x42d src/001LED_BUTTON.o
 .debug_macro   0x000027a6       0x16 src/001LED_BUTTON.o
 .debug_macro   0x000027bc       0x97 src/001LED_BUTTON.o
 .debug_macro   0x00002853       0xfd src/001LED_BUTTON.o
 .debug_macro   0x00002950       0x10 src/001LED_BUTTON.o
 .debug_macro   0x00002960       0x10 src/001LED_BUTTON.o
 .debug_macro   0x00002970       0x1c src/001LED_BUTTON.o
 .debug_macro   0x0000298c       0x52 src/001LED_BUTTON.o
 .debug_macro   0x000029de       0x40 src/001LED_BUTTON.o
 .debug_macro   0x00002a1e       0x10 src/001LED_BUTTON.o
 .debug_macro   0x00002a2e       0x40 src/001LED_BUTTON.o
 .debug_macro   0x00002a6e       0xd7 src/001LED_BUTTON.o
 .debug_macro   0x00002b45       0x1c src/001LED_BUTTON.o
 .debug_macro   0x00002b61       0x3d src/001LED_BUTTON.o
 .debug_macro   0x00002b9e       0x16 src/001LED_BUTTON.o
 .debug_macro   0x00002bb4      0x16f src/001LED_BUTTON.o
 .debug_macro   0x00002d23      0x114 src/001LED_BUTTON.o
 .debug_macro   0x00002e37       0x4c src/001LED_BUTTON.o
 .debug_macro   0x00002e83      0x219 src/system_stm32f4xx.o

.debug_line     0x00000000     0xa5c7
 .debug_line    0x00000000      0x85e StdPeriph_Driver/src/stm32f4xx_gpio.o
 .debug_line    0x0000085e      0xbdb StdPeriph_Driver/src/stm32f4xx_rcc.o
 .debug_line    0x00001439      0x9a4 StdPeriph_Driver/src/stm32f4xx_usart.o
 .debug_line    0x00001ddd      0x73f Third_party/FreeRTOS/org/Source/list.o
 .debug_line    0x0000251c     0x10a7 Third_party/FreeRTOS/org/Source/queue.o
 .debug_line    0x000035c3     0x13ca Third_party/FreeRTOS/org/Source/tasks.o
 .debug_line    0x0000498d      0xab0 Third_party/FreeRTOS/org/Source/timers.o
 .debug_line    0x0000543d      0x875 Third_party/FreeRTOS/org/Source/portable/GCC/ARM_CM4F/port.o
 .debug_line    0x00005cb2      0x825 Third_party/FreeRTOS/org/Source/portable/MemMang/heap_4.o
 .debug_line    0x000064d7      0x660 Third_party/SEGGER/Config/SEGGER_SYSVIEW_Config_FreeRTOS.o
 .debug_line    0x00006b37      0x7d0 Third_party/SEGGER/OS/SEGGER_SYSVIEW_FreeRTOS.o
 .debug_line    0x00007307      0x7de Third_party/SEGGER/SEGGER/SEGGER_RTT.o
 .debug_line    0x00007ae5     0x16b1 Third_party/SEGGER/SEGGER/SEGGER_SYSVIEW.o
 .debug_line    0x00009196      0xc4a src/001LED_BUTTON.o
 .debug_line    0x00009de0      0x76b src/system_stm32f4xx.o
 .debug_line    0x0000a54b       0x7c startup/startup_stm32.o

.debug_str      0x00000000    0x7fb1f
 .debug_str     0x00000000    0x6cf32 StdPeriph_Driver/src/stm32f4xx_gpio.o
                              0x6d219 (size before relaxing)
 .debug_str     0x0006cf32      0xe86 StdPeriph_Driver/src/stm32f4xx_rcc.o
                              0x6ddf5 (size before relaxing)
 .debug_str     0x0006ddb8      0x53a StdPeriph_Driver/src/stm32f4xx_usart.o
                              0x6d52c (size before relaxing)
 .debug_str     0x0006e2f2     0x9d81 Third_party/FreeRTOS/org/Source/list.o
                               0xdada (size before relaxing)
 .debug_str     0x00078073     0x16bf Third_party/FreeRTOS/org/Source/queue.o
                               0xf18c (size before relaxing)
 .debug_str     0x00079732     0x1c32 Third_party/FreeRTOS/org/Source/tasks.o
                               0xff35 (size before relaxing)
 .debug_str     0x0007b364      0x514 Third_party/FreeRTOS/org/Source/timers.o
                               0xf5dd (size before relaxing)
 .debug_str     0x0007b878      0x7fb Third_party/FreeRTOS/org/Source/portable/GCC/ARM_CM4F/port.o
                               0xbc74 (size before relaxing)
 .debug_str     0x0007c073      0x249 Third_party/FreeRTOS/org/Source/portable/MemMang/heap_4.o
                               0xe2cd (size before relaxing)
 .debug_str     0x0007c2bc      0x16d Third_party/SEGGER/Config/SEGGER_SYSVIEW_Config_FreeRTOS.o
                               0xa6f0 (size before relaxing)
 .debug_str     0x0007c429       0xfb Third_party/SEGGER/OS/SEGGER_SYSVIEW_FreeRTOS.o
                               0xe0cd (size before relaxing)
 .debug_str     0x0007c524      0xdca Third_party/SEGGER/SEGGER/SEGGER_RTT.o
                               0x6ddd (size before relaxing)
 .debug_str     0x0007d2ee     0x12f7 Third_party/SEGGER/SEGGER/SEGGER_SYSVIEW.o
                               0x8d83 (size before relaxing)
 .debug_str     0x0007e5e5     0x13ef src/001LED_BUTTON.o
                              0x78871 (size before relaxing)
 .debug_str     0x0007f9d4      0x122 src/system_stm32f4xx.o
                              0x6d178 (size before relaxing)
 .debug_str     0x0007faf6       0x29 startup/startup_stm32.o
                                 0x7c (size before relaxing)

.comment        0x00000000       0x7f
 .comment       0x00000000       0x7f StdPeriph_Driver/src/stm32f4xx_gpio.o
                                 0x80 (size before relaxing)
 .comment       0x0000007f       0x80 StdPeriph_Driver/src/stm32f4xx_rcc.o
 .comment       0x0000007f       0x80 StdPeriph_Driver/src/stm32f4xx_usart.o
 .comment       0x0000007f       0x80 Third_party/FreeRTOS/org/Source/list.o
 .comment       0x0000007f       0x80 Third_party/FreeRTOS/org/Source/queue.o
 .comment       0x0000007f       0x80 Third_party/FreeRTOS/org/Source/tasks.o
 .comment       0x0000007f       0x80 Third_party/FreeRTOS/org/Source/timers.o
 .comment       0x0000007f       0x80 Third_party/FreeRTOS/org/Source/portable/GCC/ARM_CM4F/port.o
 .comment       0x0000007f       0x80 Third_party/FreeRTOS/org/Source/portable/MemMang/heap_4.o
 .comment       0x0000007f       0x80 Third_party/SEGGER/Config/SEGGER_SYSVIEW_Config_FreeRTOS.o
 .comment       0x0000007f       0x80 Third_party/SEGGER/OS/SEGGER_SYSVIEW_FreeRTOS.o
 .comment       0x0000007f       0x80 Third_party/SEGGER/SEGGER/SEGGER_RTT.o
 .comment       0x0000007f       0x80 Third_party/SEGGER/SEGGER/SEGGER_SYSVIEW.o
 .comment       0x0000007f       0x80 src/001LED_BUTTON.o
 .comment       0x0000007f       0x80 src/system_stm32f4xx.o
