Archive member included to satisfy reference by file (symbol)

c:/ac6/systemworkbench/plugins/fr.ac6.mcu.externaltools.arm-none.win32_1.17.0.201812190825/tools/compiler/bin/../lib/gcc/arm-none-eabi/7.3.1/../../../../arm-none-eabi/lib/thumb/v7e-m/fpv4-sp/hard\libc.a(lib_a-errno.o)
                              src/syscalls.o (__errno)
c:/ac6/systemworkbench/plugins/fr.ac6.mcu.externaltools.arm-none.win32_1.17.0.201812190825/tools/compiler/bin/../lib/gcc/arm-none-eabi/7.3.1/../../../../arm-none-eabi/lib/thumb/v7e-m/fpv4-sp/hard\libc.a(lib_a-exit.o)
                              c:/ac6/systemworkbench/plugins/fr.ac6.mcu.externaltools.arm-none.win32_1.17.0.201812190825/tools/compiler/bin/../lib/gcc/arm-none-eabi/7.3.1/../../../../arm-none-eabi/lib/thumb/v7e-m/fpv4-sp/hard/crt0.o (exit)
c:/ac6/systemworkbench/plugins/fr.ac6.mcu.externaltools.arm-none.win32_1.17.0.201812190825/tools/compiler/bin/../lib/gcc/arm-none-eabi/7.3.1/../../../../arm-none-eabi/lib/thumb/v7e-m/fpv4-sp/hard\libc.a(lib_a-impure.o)
                              c:/ac6/systemworkbench/plugins/fr.ac6.mcu.externaltools.arm-none.win32_1.17.0.201812190825/tools/compiler/bin/../lib/gcc/arm-none-eabi/7.3.1/../../../../arm-none-eabi/lib/thumb/v7e-m/fpv4-sp/hard\libc.a(lib_a-exit.o) (_global_impure_ptr)
c:/ac6/systemworkbench/plugins/fr.ac6.mcu.externaltools.arm-none.win32_1.17.0.201812190825/tools/compiler/bin/../lib/gcc/arm-none-eabi/7.3.1/../../../../arm-none-eabi/lib/thumb/v7e-m/fpv4-sp/hard\libc.a(lib_a-init.o)
                              c:/ac6/systemworkbench/plugins/fr.ac6.mcu.externaltools.arm-none.win32_1.17.0.201812190825/tools/compiler/bin/../lib/gcc/arm-none-eabi/7.3.1/../../../../arm-none-eabi/lib/thumb/v7e-m/fpv4-sp/hard/crt0.o (__libc_init_array)
c:/ac6/systemworkbench/plugins/fr.ac6.mcu.externaltools.arm-none.win32_1.17.0.201812190825/tools/compiler/bin/../lib/gcc/arm-none-eabi/7.3.1/../../../../arm-none-eabi/lib/thumb/v7e-m/fpv4-sp/hard\libc.a(lib_a-memcmp.o)
                              Third_party/FreeRTOS/org/Source/tasks.o (memcmp)
c:/ac6/systemworkbench/plugins/fr.ac6.mcu.externaltools.arm-none.win32_1.17.0.201812190825/tools/compiler/bin/../lib/gcc/arm-none-eabi/7.3.1/../../../../arm-none-eabi/lib/thumb/v7e-m/fpv4-sp/hard\libc.a(lib_a-memcpy.o)
                              Third_party/FreeRTOS/org/Source/queue.o (memcpy)
c:/ac6/systemworkbench/plugins/fr.ac6.mcu.externaltools.arm-none.win32_1.17.0.201812190825/tools/compiler/bin/../lib/gcc/arm-none-eabi/7.3.1/../../../../arm-none-eabi/lib/thumb/v7e-m/fpv4-sp/hard\libc.a(lib_a-memset.o)
                              c:/ac6/systemworkbench/plugins/fr.ac6.mcu.externaltools.arm-none.win32_1.17.0.201812190825/tools/compiler/bin/../lib/gcc/arm-none-eabi/7.3.1/../../../../arm-none-eabi/lib/thumb/v7e-m/fpv4-sp/hard/crt0.o (memset)
c:/ac6/systemworkbench/plugins/fr.ac6.mcu.externaltools.arm-none.win32_1.17.0.201812190825/tools/compiler/bin/../lib/gcc/arm-none-eabi/7.3.1/../../../../arm-none-eabi/lib/thumb/v7e-m/fpv4-sp/hard\libc.a(lib_a-strlen.o)
                              Third_party/SEGGER/SEGGER/SEGGER_RTT.o (strlen)
c:/ac6/systemworkbench/plugins/fr.ac6.mcu.externaltools.arm-none.win32_1.17.0.201812190825/tools/compiler/bin/../lib/gcc/arm-none-eabi/7.3.1/../../../../arm-none-eabi/lib/thumb/v7e-m/fpv4-sp/hard\libc.a(lib_a-__call_atexit.o)
                              c:/ac6/systemworkbench/plugins/fr.ac6.mcu.externaltools.arm-none.win32_1.17.0.201812190825/tools/compiler/bin/../lib/gcc/arm-none-eabi/7.3.1/../../../../arm-none-eabi/lib/thumb/v7e-m/fpv4-sp/hard\libc.a(lib_a-exit.o) (__call_exitprocs)
c:/ac6/systemworkbench/plugins/fr.ac6.mcu.externaltools.arm-none.win32_1.17.0.201812190825/tools/compiler/bin/../lib/gcc/arm-none-eabi/7.3.1/../../../../arm-none-eabi/lib/thumb/v7e-m/fpv4-sp/hard\libc.a(lib_a-atexit.o)
                              c:/ac6/systemworkbench/plugins/fr.ac6.mcu.externaltools.arm-none.win32_1.17.0.201812190825/tools/compiler/bin/../lib/gcc/arm-none-eabi/7.3.1/../../../../arm-none-eabi/lib/thumb/v7e-m/fpv4-sp/hard\libc.a(lib_a-__call_atexit.o) (atexit)
c:/ac6/systemworkbench/plugins/fr.ac6.mcu.externaltools.arm-none.win32_1.17.0.201812190825/tools/compiler/bin/../lib/gcc/arm-none-eabi/7.3.1/../../../../arm-none-eabi/lib/thumb/v7e-m/fpv4-sp/hard\libc.a(lib_a-fini.o)
                              c:/ac6/systemworkbench/plugins/fr.ac6.mcu.externaltools.arm-none.win32_1.17.0.201812190825/tools/compiler/bin/../lib/gcc/arm-none-eabi/7.3.1/../../../../arm-none-eabi/lib/thumb/v7e-m/fpv4-sp/hard\libc.a(lib_a-__call_atexit.o) (__libc_fini_array)
c:/ac6/systemworkbench/plugins/fr.ac6.mcu.externaltools.arm-none.win32_1.17.0.201812190825/tools/compiler/bin/../lib/gcc/arm-none-eabi/7.3.1/../../../../arm-none-eabi/lib/thumb/v7e-m/fpv4-sp/hard\libc.a(lib_a-lock.o)
[...]
Memory Configuration

Name             Origin             Length             Attributes
RAM              0x20000000         0x00020000         xrw
ROM              0x08000000         0x00080000         xr
*default*        0x00000000         0xffffffff

Linker script and memory map

LOAD c:/ac6/systemworkbench/plugins/fr.ac6.mcu.externaltools.arm-none.win32_1.17.0.201812190825/tools/compiler/bin/../lib/gcc/arm-none-eabi/7.3.1/thumb/v7e-m/fpv4-sp/hard/crti.o
LOAD c:/ac6/systemworkbench/plugins/fr.ac6.mcu.externaltools.arm-none.win32_1.17.0.201812190825/tools/compiler/bin/../lib/gcc/arm-none-eabi/7.3.1/thumb/v7e-m/fpv4-sp/hard/crtbegin.o
LOAD c:/ac6/systemworkbench/plugins/fr.ac6.mcu.externaltools.arm-none.win32_1.17.0.201812190825/tools/compiler/bin/../lib/gcc/arm-none-eabi/7.3.1/../../../../arm-none-eabi/lib/thumb/v7e-m/fpv4-sp/hard/crt0.o
LOAD StdPeriph_Driver/src/misc.o
LOAD StdPeriph_Driver/src/stm32f4xx_adc.o
LOAD StdPeriph_Driver/src/stm32f4xx_can.o
LOAD StdPeriph_Driver/src/stm32f4xx_cec.o
LOAD StdPeriph_Driver/src/stm32f4xx_crc.o
LOAD StdPeriph_Driver/src/stm32f4xx_cryp.o
LOAD StdPeriph_Driver/src/stm32f4xx_cryp_aes.o
LOAD StdPeriph_Driver/src/stm32f4xx_cryp_des.o
LOAD StdPeriph_Driver/src/stm32f4xx_cryp_tdes.o
LOAD StdPeriph_Driver/src/stm32f4xx_dac.o
LOAD StdPeriph_Driver/src/stm32f4xx_dbgmcu.o
LOAD StdPeriph_Driver/src/stm32f4xx_dcmi.o
LOAD StdPeriph_Driver/src/stm32f4xx_dfsdm.o
LOAD StdPeriph_Driver/src/stm32f4xx_dma.o
LOAD StdPeriph_Driver/src/stm32f4xx_dma2d.o
LOAD StdPeriph_Driver/src/stm32f4xx_dsi.o
LOAD StdPeriph_Driver/src/stm32f4xx_exti.o
LOAD StdPeriph_Driver/src/stm32f4xx_flash.o
LOAD StdPeriph_Driver/src/stm32f4xx_flash_ramfunc.o
LOAD StdPeriph_Driver/src/stm32f4xx_fmc.o
LOAD StdPeriph_Driver/src/stm32f4xx_fmip2c.o
LOAD StdPeriph_Driver/src/stm32f4xx_fsmc.o
LOAD StdPeriph_Driver/src/stm32f4xx_gpio.o
LOAD StdPeriph_Driver/src/stm32f4xx_hash.o
LOAD StdPeriph_Driver/src/stm32f4xx_hash_md5.o
LOAD StdPeriph_Driver/src/stm32f4xx_hash_sha1.o
LOAD StdPeriph_Driver/src/stm32f4xx_i2c.o
LOAD StdPeriph_Driver/src/stm32f4xx_iwdg.o
LOAD StdPeriph_Driver/src/stm32f4xx_lptim.o
LOAD StdPeriph_Driver/src/stm32f4xx_ltdc.o
LOAD StdPeriph_Driver/src/stm32f4xx_pwr.o
LOAD StdPeriph_Driver/src/stm32f4xx_qspi.o
LOAD StdPeriph_Driver/src/stm32f4xx_rcc.o
LOAD StdPeriph_Driver/src/stm32f4xx_rng.o
LOAD StdPeriph_Driver/src/stm32f4xx_rtc.o
LOAD StdPeriph_Driver/src/stm32f4xx_sai.o
LOAD StdPeriph_Driver/src/stm32f4xx_sdio.o
LOAD StdPeriph_Driver/src/stm32f4xx_spdifrx.o
LOAD StdPeriph_Driver/src/stm32f4xx_spi.o
LOAD StdPeriph_Driver/src/stm32f4xx_syscfg.o
LOAD StdPeriph_Driver/src/stm32f4xx_tim.o
LOAD StdPeriph_Driver/src/stm32f4xx_usart.o
LOAD StdPeriph_Driver/src/stm32f4xx_wwdg.o
LOAD Third_party/FreeRTOS/org/Source/croutine.o
LOAD Third_party/FreeRTOS/org/Source/event_groups.o
LOAD Third_party/FreeRTOS/org/Source/list.o
LOAD Third_party/FreeRTOS/org/Source/queue.o
LOAD Third_party/FreeRTOS/org/Source/stream_buffer.o
LOAD Third_party/FreeRTOS/org/Source/tasks.o
LOAD Third_party/FreeRTOS/org/Source/timers.o
LOAD Third_party/FreeRTOS/org/Source/portable/GCC/ARM_CM4F/port.o
LOAD Third_party/FreeRTOS/org/Source/portable/MemMang/heap_4.o
LOAD Third_party/SEGGER/Config/SEGGER_SYSVIEW_Config_FreeRTOS.o
LOAD Third_party/SEGGER/OS/SEGGER_SYSVIEW_FreeRTOS.o
LOAD Third_party/SEGGER/SEGGER/SEGGER_RTT.o
LOAD Third_party/SEGGER/SEGGER/SEGGER_SYSVIEW.o
LOAD src/Priority_Reverse.o
LOAD src/syscalls.o
LOAD src/system_stm32f4xx.o
LOAD startup/startup_stm32.o
LOAD c:/ac6/systemworkbench/plugins/fr.ac6.mcu.externaltools.arm-none.win32_1.17.0.201812190825/tools/compiler/bin/../lib/gcc/arm-none-eabi/7.3.1/../../../../arm-none-eabi/lib/thumb/v7e-m/fpv4-sp/hard\libm.a
START GROUP
LOAD c:/ac6/systemworkbench/plugins/fr.ac6.mcu.externaltools.arm-none.win32_1.17.0.201812190825/tools/compiler/bin/../lib/gcc/arm-none-eabi/7.3.1/thumb/v7e-m/fpv4-sp/hard\libgcc.a
LOAD c:/ac6/systemworkbench/plugins/fr.ac6.mcu.externaltools.arm-none.win32_1.17.0.201812190825/tools/compiler/bin/../lib/gcc/arm-none-eabi/7.3.1/../../../../arm-none-eabi/lib/thumb/v7e-m/fpv4-sp/hard\libc.a
END GROUP
LOAD c:/ac6/systemworkbench/plugins/fr.ac6.mcu.externaltools.arm-none.win32_1.17.0.201812190825/tools/compiler/bin/../lib/gcc/arm-none-eabi/7.3.1/thumb/v7e-m/fpv4-sp/hard/crtend.o
LOAD c:/ac6/systemworkbench/plugins/fr.ac6.mcu.externaltools.arm-none.win32_1.17.0.201812190825/tools/compiler/bin/../lib/gcc/arm-none-eabi/7.3.1/thumb/v7e-m/fpv4-sp/hard/crtn.o
                0x20020000                _estack = 0x20020000
                0x00000000                _Min_Heap_Size = 0x0
                0x00000400                _Min_Stack_Size = 0x400

.isr_vector     0x08000000      0x1c4
                0x08000000                . = ALIGN (0x4)
 *(.isr_vector)
 .isr_vector    0x08000000      0x1c4 startup/startup_stm32.o
                0x08000000                g_pfnVectors
                0x080001c4                . = ALIGN (0x4)

.text           0x080001d0     0x3f38
                0x080001d0                . = ALIGN (0x4)
 *(.text)
 .text          0x080001d0       0x40 c:/ac6/systemworkbench/plugins/fr.ac6.mcu.externaltools.arm-none.win32_1.17.0.201812190825/tools/compiler/bin/../lib/gcc/arm-none-eabi/7.3.1/thumb/v7e-m/fpv4-sp/hard/crtbegin.o
 .text          0x08000210      0x134 c:/ac6/systemworkbench/plugins/fr.ac6.mcu.externaltools.arm-none.win32_1.17.0.201812190825/tools/compiler/bin/../lib/gcc/arm-none-eabi/7.3.1/../../../../arm-none-eabi/lib/thumb/v7e-m/fpv4-sp/hard\libc.a(lib_a-memcpy.o)
                0x08000210                memcpy
 *(.text*)
 .text.EXTI_Init
                0x08000344       0xe4 StdPeriph_Driver/src/stm32f4xx_exti.o
                0x08000344                EXTI_Init
 .text.EXTI_ClearITPendingBit
                0x08000428       0x20 StdPeriph_Driver/src/stm32f4xx_exti.o
                0x08000428                EXTI_ClearITPendingBit
 .text.GPIO_Init
                0x08000448      0x11c StdPeriph_Driver/src/stm32f4xx_gpio.o
                0x08000448                GPIO_Init
 .text.GPIO_ToggleBits
                0x08000564       0x24 StdPeriph_Driver/src/stm32f4xx_gpio.o
                0x08000564                GPIO_ToggleBits
 .text.GPIO_PinAFConfig
                0x08000588       0x92 StdPeriph_Driver/src/stm32f4xx_gpio.o
                0x08000588                GPIO_PinAFConfig
 *fill*         0x0800061a        0x2 
 .text.RCC_DeInit
                0x0800061c       0x70 StdPeriph_Driver/src/stm32f4xx_rcc.o
                0x0800061c                RCC_DeInit
 .text.RCC_GetClocksFreq
                0x0800068c      0x1f4 StdPeriph_Driver/src/stm32f4xx_rcc.o
                0x0800068c                RCC_GetClocksFreq
 .text.RCC_AHB1PeriphClockCmd
                0x08000880       0x40 StdPeriph_Driver/src/stm32f4xx_rcc.o
                0x08000880                RCC_AHB1PeriphClockCmd
 .text.RCC_APB1PeriphClockCmd
                0x080008c0       0x40 StdPeriph_Driver/src/stm32f4xx_rcc.o
                0x080008c0                RCC_APB1PeriphClockCmd
 .text.RCC_APB2PeriphClockCmd
                0x08000900       0x40 StdPeriph_Driver/src/stm32f4xx_rcc.o
                0x08000900                RCC_APB2PeriphClockCmd
 .text.SYSCFG_EXTILineConfig
                0x08000940       0x84 StdPeriph_Driver/src/stm32f4xx_syscfg.o
                0x08000940                SYSCFG_EXTILineConfig
 .text.USART_Init
                0x080009c4      0x174 StdPeriph_Driver/src/stm32f4xx_usart.o
                0x080009c4                USART_Init
 .text.USART_Cmd
                0x08000b38       0x40 StdPeriph_Driver/src/stm32f4xx_usart.o
                0x08000b38                USART_Cmd
 .text.vListInitialise
                0x08000b78       0x40 Third_party/FreeRTOS/org/Source/list.o
                0x08000b78                vListInitialise
 .text.vListInitialiseItem
                0x08000bb8       0x1a Third_party/FreeRTOS/org/Source/list.o
                0x08000bb8                vListInitialiseItem
 .text.vListInsertEnd
                0x08000bd2       0x48 Third_party/FreeRTOS/org/Source/list.o
                0x08000bd2                vListInsertEnd
 .text.uxListRemove
                0x08000c1a       0x54 Third_party/FreeRTOS/org/Source/list.o
                0x08000c1a                uxListRemove
 .text.xTaskCreate
                0x08000c6e       0x82 Third_party/FreeRTOS/org/Source/tasks.o
                0x08000c6e                xTaskCreate
 .text.prvInitialiseNewTask
                0x08000cf0      0x11c Third_party/FreeRTOS/org/Source/tasks.o
 .text.prvAddNewTaskToReadyList
                0x08000e0c      0x118 Third_party/FreeRTOS/org/Source/tasks.o
 .text.vTaskPrioritySet
                0x08000f24      0x180 Third_party/FreeRTOS/org/Source/tasks.o
                0x08000f24                vTaskPrioritySet
 .text.vTaskStartScheduler
                0x080010a4       0xb4 Third_party/FreeRTOS/org/Source/tasks.o
                0x080010a4                vTaskStartScheduler
 .text.vTaskSuspendAll
                0x08001158       0x1c Third_party/FreeRTOS/org/Source/tasks.o
                0x08001158                vTaskSuspendAll
 .text.xTaskResumeAll
                0x08001174      0x140 Third_party/FreeRTOS/org/Source/tasks.o
                0x08001174                xTaskResumeAll
 .text.xTaskGetTickCount
                0x080012b4       0x20 Third_party/FreeRTOS/org/Source/tasks.o
                0x080012b4                xTaskGetTickCount
 .text.xTaskGetTickCountFromISR
                0x080012d4       0x24 Third_party/FreeRTOS/org/Source/tasks.o
                0x080012d4                xTaskGetTickCountFromISR
 .text.xTaskIncrementTick
                0x080012f8      0x178 Third_party/FreeRTOS/org/Source/tasks.o
                0x080012f8                xTaskIncrementTick
 .text.vTaskSwitchContext
                0x08001470       0xdc Third_party/FreeRTOS/org/Source/tasks.o
                0x08001470                vTaskSwitchContext
 .text.prvIdleTask
                0x0800154c       0x30 Third_party/FreeRTOS/org/Source/tasks.o
 .text.prvInitialiseTaskLists
                0x0800157c       0x80 Third_party/FreeRTOS/org/Source/tasks.o
 .text.prvCheckTasksWaitingTermination
                0x080015fc       0x58 Third_party/FreeRTOS/org/Source/tasks.o
 .text.prvDeleteTCB
                0x08001654       0x20 Third_party/FreeRTOS/org/Source/tasks.o
 .text.prvResetNextTaskUnblockTime
                0x08001674       0x40 Third_party/FreeRTOS/org/Source/tasks.o
 .text.pxPortInitialiseStack
                0x080016b4       0x68 Third_party/FreeRTOS/org/Source/portable/GCC/ARM_CM4F/port.o
                0x080016b4                pxPortInitialiseStack
 .text.prvTaskExitError
                0x0800171c       0x54 Third_party/FreeRTOS/org/Source/portable/GCC/ARM_CM4F/port.o
 .text.SVC_Handler
                0x08001770       0x28 Third_party/FreeRTOS/org/Source/portable/GCC/ARM_CM4F/port.o
                0x08001770                SVC_Handler
 .text.prvPortStartFirstTask
                0x08001798       0x28 Third_party/FreeRTOS/org/Source/portable/GCC/ARM_CM4F/port.o
 .text.xPortStartScheduler
                0x080017c0      0x13c Third_party/FreeRTOS/org/Source/portable/GCC/ARM_CM4F/port.o
                0x080017c0                xPortStartScheduler
 .text.vPortEnterCritical
                0x080018fc       0x5c Third_party/FreeRTOS/org/Source/portable/GCC/ARM_CM4F/port.o
                0x080018fc                vPortEnterCritical
 .text.vPortExitCritical
                0x08001958       0x50 Third_party/FreeRTOS/org/Source/portable/GCC/ARM_CM4F/port.o
                0x08001958                vPortExitCritical
 *fill*         0x080019a8        0x8 
 .text.PendSV_Handler
                0x080019b0       0x68 Third_party/FreeRTOS/org/Source/portable/GCC/ARM_CM4F/port.o
                0x080019b0                PendSV_Handler
 .text.SysTick_Handler
                0x08001a18       0x50 Third_party/FreeRTOS/org/Source/portable/GCC/ARM_CM4F/port.o
                0x08001a18                SysTick_Handler
 .text.vPortSetupTimerInterrupt
                0x08001a68       0x48 Third_party/FreeRTOS/org/Source/portable/GCC/ARM_CM4F/port.o
                0x08001a68                vPortSetupTimerInterrupt
 .text.vPortEnableVFP
                0x08001ab0       0x14 Third_party/FreeRTOS/org/Source/portable/GCC/ARM_CM4F/port.o
 .text.vPortValidateInterruptPriority
                0x08001ac4       0x7c Third_party/FreeRTOS/org/Source/portable/GCC/ARM_CM4F/port.o
                0x08001ac4                vPortValidateInterruptPriority
 .text.pvPortMalloc
                0x08001b40      0x184 Third_party/FreeRTOS/org/Source/portable/MemMang/heap_4.o
                0x08001b40                pvPortMalloc
 .text.vPortFree
                0x08001cc4       0xb0 Third_party/FreeRTOS/org/Source/portable/MemMang/heap_4.o
                0x08001cc4                vPortFree
 .text.prvHeapInit
                0x08001d74       0xc4 Third_party/FreeRTOS/org/Source/portable/MemMang/heap_4.o
 .text.prvInsertBlockIntoFreeList
                0x08001e38       0xb4 Third_party/FreeRTOS/org/Source/portable/MemMang/heap_4.o
 .text._cbSendSystemDesc
                0x08001eec       0x1c Third_party/SEGGER/Config/SEGGER_SYSVIEW_Config_FreeRTOS.o
 .text.SEGGER_SYSVIEW_Conf
                0x08001f08       0x2c Third_party/SEGGER/Config/SEGGER_SYSVIEW_Config_FreeRTOS.o
                0x08001f08                SEGGER_SYSVIEW_Conf
 .text._cbSendTaskList
                0x08001f34       0x90 Third_party/SEGGER/OS/SEGGER_SYSVIEW_FreeRTOS.o
 .text._cbGetTime
                0x08001fc4       0x76 Third_party/SEGGER/OS/SEGGER_SYSVIEW_FreeRTOS.o
 *fill*         0x0800203a        0x2 
 .text.SYSVIEW_AddTask
                0x0800203c       0xd0 Third_party/SEGGER/OS/SEGGER_SYSVIEW_FreeRTOS.o
                0x0800203c                SYSVIEW_AddTask
 .text.SYSVIEW_UpdateTask
                0x0800210c       0xe0 Third_party/SEGGER/OS/SEGGER_SYSVIEW_FreeRTOS.o
                0x0800210c                SYSVIEW_UpdateTask
 .text.SYSVIEW_SendTaskInfo
                0x080021ec       0x42 Third_party/SEGGER/OS/SEGGER_SYSVIEW_FreeRTOS.o
                0x080021ec                SYSVIEW_SendTaskInfo
 *fill*         0x0800222e        0x2 
 .text._DoInit  0x08002230       0xa4 Third_party/SEGGER/SEGGER/SEGGER_RTT.o
 .text.SEGGER_RTT_ReadNoLock
                0x080022d4      0x104 Third_party/SEGGER/SEGGER/SEGGER_RTT.o
                0x080022d4                SEGGER_RTT_ReadNoLock
 .text.SEGGER_RTT_WriteSkipNoLock
                0x080023d8      0x120 Third_party/SEGGER/SEGGER/SEGGER_RTT.o
                0x080023d8                SEGGER_RTT_WriteSkipNoLock
 .text.SEGGER_RTT_ConfigUpBuffer
                0x080024f8       0xd4 Third_party/SEGGER/SEGGER/SEGGER_RTT.o
                0x080024f8                SEGGER_RTT_ConfigUpBuffer
 .text.SEGGER_RTT_ConfigDownBuffer
                0x080025cc       0xd4 Third_party/SEGGER/SEGGER/SEGGER_RTT.o
                0x080025cc                SEGGER_RTT_ConfigDownBuffer
 .text._EncodeStr
                0x080026a0       0x9a Third_party/SEGGER/SEGGER/SEGGER_SYSVIEW.o
 .text._PreparePacket
                0x0800273a       0x18 Third_party/SEGGER/SEGGER/SEGGER_SYSVIEW.o
 .text._HandleIncomingPacket
                0x08002752       0xb8 Third_party/SEGGER/SEGGER/SEGGER_SYSVIEW.o
 *fill*         0x0800280a        0x2 
 .text._TrySendOverflowPacket
                0x0800280c       0xe0 Third_party/SEGGER/SEGGER/SEGGER_SYSVIEW.o
 .text._SendPacket
                0x080028ec      0x1a8 Third_party/SEGGER/SEGGER/SEGGER_SYSVIEW.o
 .text.SEGGER_SYSVIEW_Init
                0x08002a94       0x7c Third_party/SEGGER/SEGGER/SEGGER_SYSVIEW.o
                0x08002a94                SEGGER_SYSVIEW_Init
 .text.SEGGER_SYSVIEW_SetRAMBase
                0x08002b10       0x20 Third_party/SEGGER/SEGGER/SEGGER_SYSVIEW.o
                0x08002b10                SEGGER_SYSVIEW_SetRAMBase
 .text.SEGGER_SYSVIEW_RecordVoid
                0x08002b30       0x3c Third_party/SEGGER/SEGGER/SEGGER_SYSVIEW.o
                0x08002b30                SEGGER_SYSVIEW_RecordVoid
 .text.SEGGER_SYSVIEW_RecordU32
                0x08002b6c       0x78 Third_party/SEGGER/SEGGER/SEGGER_SYSVIEW.o
                0x08002b6c                SEGGER_SYSVIEW_RecordU32
 .text.SEGGER_SYSVIEW_RecordU32x2
                0x08002be4       0xb4 Third_party/SEGGER/SEGGER/SEGGER_SYSVIEW.o
                0x08002be4                SEGGER_SYSVIEW_RecordU32x2
 .text.SEGGER_SYSVIEW_Start
                0x08002c98      0x178 Third_party/SEGGER/SEGGER/SEGGER_SYSVIEW.o
                0x08002c98                SEGGER_SYSVIEW_Start
 .text.SEGGER_SYSVIEW_Stop
                0x08002e10       0x4c Third_party/SEGGER/SEGGER/SEGGER_SYSVIEW.o
                0x08002e10                SEGGER_SYSVIEW_Stop
 .text.SEGGER_SYSVIEW_GetSysDesc
                0x08002e5c      0x134 Third_party/SEGGER/SEGGER/SEGGER_SYSVIEW.o
                0x08002e5c                SEGGER_SYSVIEW_GetSysDesc
 .text.SEGGER_SYSVIEW_SendTaskInfo
                0x08002f90      0x1cc Third_party/SEGGER/SEGGER/SEGGER_SYSVIEW.o
                0x08002f90                SEGGER_SYSVIEW_SendTaskInfo
 .text.SEGGER_SYSVIEW_SendTaskList
                0x0800315c       0x28 Third_party/SEGGER/SEGGER/SEGGER_SYSVIEW.o
                0x0800315c                SEGGER_SYSVIEW_SendTaskList
 .text.SEGGER_SYSVIEW_SendSysDesc
                0x08003184       0x48 Third_party/SEGGER/SEGGER/SEGGER_SYSVIEW.o
                0x08003184                SEGGER_SYSVIEW_SendSysDesc
 .text.SEGGER_SYSVIEW_RecordSystime
                0x080031cc       0x60 Third_party/SEGGER/SEGGER/SEGGER_SYSVIEW.o
                0x080031cc                SEGGER_SYSVIEW_RecordSystime
 .text.SEGGER_SYSVIEW_RecordEnterISR
                0x0800322c       0x84 Third_party/SEGGER/SEGGER/SEGGER_SYSVIEW.o
                0x0800322c                SEGGER_SYSVIEW_RecordEnterISR
 .text.SEGGER_SYSVIEW_RecordExitISR
                0x080032b0       0x38 Third_party/SEGGER/SEGGER/SEGGER_SYSVIEW.o
                0x080032b0                SEGGER_SYSVIEW_RecordExitISR
 .text.SEGGER_SYSVIEW_RecordExitISRToScheduler
                0x080032e8       0x38 Third_party/SEGGER/SEGGER/SEGGER_SYSVIEW.o
                0x080032e8                SEGGER_SYSVIEW_RecordExitISRToScheduler
 .text.SEGGER_SYSVIEW_OnIdle
                0x08003320       0x38 Third_party/SEGGER/SEGGER/SEGGER_SYSVIEW.o
                0x08003320                SEGGER_SYSVIEW_OnIdle
 .text.SEGGER_SYSVIEW_OnTaskCreate
                0x08003358       0x88 Third_party/SEGGER/SEGGER/SEGGER_SYSVIEW.o
                0x08003358                SEGGER_SYSVIEW_OnTaskCreate
 .text.SEGGER_SYSVIEW_OnTaskStartExec
                0x080033e0       0x88 Third_party/SEGGER/SEGGER/SEGGER_SYSVIEW.o
                0x080033e0                SEGGER_SYSVIEW_OnTaskStartExec
 .text.SEGGER_SYSVIEW_OnTaskStartReady
                0x08003468       0x88 Third_party/SEGGER/SEGGER/SEGGER_SYSVIEW.o
                0x08003468                SEGGER_SYSVIEW_OnTaskStartReady
 .text.SEGGER_SYSVIEW_ShrinkId
                0x080034f0       0x24 Third_party/SEGGER/SEGGER/SEGGER_SYSVIEW.o
                0x080034f0                SEGGER_SYSVIEW_ShrinkId
 .text.SEGGER_SYSVIEW_SendModule
                0x08003514      0x100 Third_party/SEGGER/SEGGER/SEGGER_SYSVIEW.o
                0x08003514                SEGGER_SYSVIEW_SendModule
 .text.SEGGER_SYSVIEW_SendModuleDescription
                0x08003614       0x3c Third_party/SEGGER/SEGGER/SEGGER_SYSVIEW.o
                0x08003614                SEGGER_SYSVIEW_SendModuleDescription
 .text.SEGGER_SYSVIEW_SendNumModules
                0x08003650       0x7c Third_party/SEGGER/SEGGER/SEGGER_SYSVIEW.o
                0x08003650                SEGGER_SYSVIEW_SendNumModules
 .text.SEGGER_SYSVIEW_Warn
                0x080036cc       0xb8 Third_party/SEGGER/SEGGER/SEGGER_SYSVIEW.o
                0x080036cc                SEGGER_SYSVIEW_Warn
 .text.NVIC_EnableIRQ
                0x08003784       0x34 src/Priority_Reverse.o
 .text.NVIC_SetPriority
                0x080037b8       0x54 src/Priority_Reverse.o
 .text.main     0x0800380c       0x74 src/Priority_Reverse.o
                0x0800380c                main
 .text.vTask1_Handler
                0x08003880       0x50 src/Priority_Reverse.o
                0x08003880                vTask1_Handler
 .text.vTask2_Handler
                0x080038d0       0x50 src/Priority_Reverse.o
                0x080038d0                vTask2_Handler
 .text.BUTTON_Handler
                0x08003920       0x20 src/Priority_Reverse.o
                0x08003920                BUTTON_Handler
 .text.prvSetupUART2
                0x08003940       0x9c src/Priority_Reverse.o
 .text.prvSetupLED_GPIO
                0x080039dc       0x38 src/Priority_Reverse.o
 .text.prvSetupBUTTON_GPIO
                0x08003a14       0x3c src/Priority_Reverse.o
 .text.prvInteruptConfig
                0x08003a50       0x48 src/Priority_Reverse.o
 .text.prvSetupHardware
                0x08003a98       0x18 src/Priority_Reverse.o
 .text.EXTI15_10_IRQHandler
                0x08003ab0       0x1c src/Priority_Reverse.o
                0x08003ab0                EXTI15_10_IRQHandler
 .text.rtos_delay
                0x08003acc       0x40 src/Priority_Reverse.o
                0x08003acc                rtos_delay
 .text.SystemInit
                0x08003b0c       0x6c src/system_stm32f4xx.o
                0x08003b0c                SystemInit
 .text.SystemCoreClockUpdate
                0x08003b78      0x19c src/system_stm32f4xx.o
                0x08003b78                SystemCoreClockUpdate
 .text.SetSysClock
                0x08003d14      0x12c src/system_stm32f4xx.o
 .text.Reset_Handler
                0x08003e40       0x50 startup/startup_stm32.o
                0x08003e40                Reset_Handler
 .text.Default_Handler
                0x08003e90        0x2 startup/startup_stm32.o
                0x08003e90                RTC_Alarm_IRQHandler
                0x08003e90                EXTI2_IRQHandler
                0x08003e90                TIM8_CC_IRQHandler
                0x08003e90                SPDIF_Rx_IRQHandler
                0x08003e90                DebugMon_Handler
                0x08003e90                SPI4_IRQHandler
                0x08003e90                TIM1_CC_IRQHandler
                0x08003e90                QuadSPI_IRQHandler
                0x08003e90                DMA2_Stream5_IRQHandler
                0x08003e90                HardFault_Handler
                0x08003e90                DMA1_Stream5_IRQHandler
                0x08003e90                PVD_IRQHandler
                0x08003e90                SDIO_IRQHandler
                0x08003e90                TAMP_STAMP_IRQHandler
                0x08003e90                NMI_Handler
                0x08003e90                CAN2_RX1_IRQHandler
                0x08003e90                EXTI3_IRQHandler
                0x08003e90                TIM8_TRG_COM_TIM14_IRQHandler
                0x08003e90                TIM1_UP_TIM10_IRQHandler
                0x08003e90                FMPI2C1_error_IRQHandler
                0x08003e90                TIM8_UP_TIM13_IRQHandler
                0x08003e90                I2C3_ER_IRQHandler
                0x08003e90                EXTI0_IRQHandler
                0x08003e90                I2C2_EV_IRQHandler
                0x08003e90                DMA1_Stream2_IRQHandler
                0x08003e90                CAN1_RX0_IRQHandler
                0x08003e90                FPU_IRQHandler
                0x08003e90                OTG_HS_WKUP_IRQHandler
                0x08003e90                UsageFault_Handler
                0x08003e90                CAN2_SCE_IRQHandler
                0x08003e90                DMA2_Stream2_IRQHandler
                0x08003e90                SPI1_IRQHandler
                0x08003e90                TIM6_DAC_IRQHandler
                0x08003e90                TIM1_BRK_TIM9_IRQHandler
                0x08003e90                DCMI_IRQHandler
                0x08003e90                CAN2_RX0_IRQHandler
                0x08003e90                DMA2_Stream3_IRQHandler
                0x08003e90                FMPI2C1_IRQHandler
                0x08003e90                SAI2_IRQHandler
                0x08003e90                USART6_IRQHandler
                0x08003e90                USART3_IRQHandler
                0x08003e90                CAN1_RX1_IRQHandler
                0x08003e90                UART5_IRQHandler
                0x08003e90                DMA2_Stream0_IRQHandler
                0x08003e90                TIM4_IRQHandler
                0x08003e90                I2C1_EV_IRQHandler
                0x08003e90                HDMI_CEC_IRQHandler
                0x08003e90                DMA1_Stream6_IRQHandler
                0x08003e90                DMA1_Stream1_IRQHandler
                0x08003e90                UART4_IRQHandler
                0x08003e90                TIM3_IRQHandler
                0x08003e90                RCC_IRQHandler
                0x08003e90                TIM8_BRK_TIM12_IRQHandler
                0x08003e90                Default_Handler
                0x08003e90                ADC_IRQHandler
                0x08003e90                DMA1_Stream7_IRQHandler
                0x08003e90                TIM7_IRQHandler
                0x08003e90                CAN2_TX_IRQHandler
                0x08003e90                TIM5_IRQHandler
                0x08003e90                DMA2_Stream7_IRQHandler
                0x08003e90                I2C3_EV_IRQHandler
                0x08003e90                EXTI9_5_IRQHandler
                0x08003e90                RTC_WKUP_IRQHandler
                0x08003e90                SPI2_IRQHandler
                0x08003e90                OTG_HS_EP1_IN_IRQHandler
                0x08003e90                MemManage_Handler
                0x08003e90                DMA1_Stream0_IRQHandler
                0x08003e90                CAN1_TX_IRQHandler
                0x08003e90                EXTI4_IRQHandler
                0x08003e90                OTG_HS_EP1_OUT_IRQHandler
                0x08003e90                WWDG_IRQHandler
                0x08003e90                TIM2_IRQHandler
                0x08003e90                OTG_FS_WKUP_IRQHandler
                0x08003e90                TIM1_TRG_COM_TIM11_IRQHandler
                0x08003e90                OTG_HS_IRQHandler
                0x08003e90                EXTI1_IRQHandler
                0x08003e90                USART2_IRQHandler
                0x08003e90                I2C2_ER_IRQHandler
                0x08003e90                DMA2_Stream1_IRQHandler
                0x08003e90                CAN1_SCE_IRQHandler
                0x08003e90                FLASH_IRQHandler
                0x08003e90                DMA2_Stream4_IRQHandler
                0x08003e90                BusFault_Handler
                0x08003e90                USART1_IRQHandler
                0x08003e90                OTG_FS_IRQHandler
                0x08003e90                SPI3_IRQHandler
                0x08003e90                DMA1_Stream4_IRQHandler
                0x08003e90                I2C1_ER_IRQHandler
                0x08003e90                FMC_IRQHandler
                0x08003e90                DMA2_Stream6_IRQHandler
                0x08003e90                SAI1_IRQHandler
                0x08003e90                DMA1_Stream3_IRQHandler
 *fill*         0x08003e92        0x2 
 .text.__libc_init_array
                0x08003e94       0x48 c:/ac6/systemworkbench/plugins/fr.ac6.mcu.externaltools.arm-none.win32_1.17.0.201812190825/tools/compiler/bin/../lib/gcc/arm-none-eabi/7.3.1/../../../../arm-none-eabi/lib/thumb/v7e-m/fpv4-sp/hard\libc.a(lib_a-init.o)
                0x08003e94                __libc_init_array
 .text.memcmp   0x08003edc       0x64 c:/ac6/systemworkbench/plugins/fr.ac6.mcu.externaltools.arm-none.win32_1.17.0.201812190825/tools/compiler/bin/../lib/gcc/arm-none-eabi/7.3.1/../../../../arm-none-eabi/lib/thumb/v7e-m/fpv4-sp/hard\libc.a(lib_a-memcmp.o)
                0x08003edc                memcmp
 .text.memset   0x08003f40       0x94 c:/ac6/systemworkbench/plugins/fr.ac6.mcu.externaltools.arm-none.win32_1.17.0.201812190825/tools/compiler/bin/../lib/gcc/arm-none-eabi/7.3.1/../../../../arm-none-eabi/lib/thumb/v7e-m/fpv4-sp/hard\libc.a(lib_a-memset.o)
                0x08003f40                memset
 .text.startup.register_fini
                0x08003fd4       0x14 c:/ac6/systemworkbench/plugins/fr.ac6.mcu.externaltools.arm-none.win32_1.17.0.201812190825/tools/compiler/bin/../lib/gcc/arm-none-eabi/7.3.1/../../../../arm-none-eabi/lib/thumb/v7e-m/fpv4-sp/hard\libc.a(lib_a-__call_atexit.o)
 .text.atexit   0x08003fe8        0xc c:/ac6/systemworkbench/plugins/fr.ac6.mcu.externaltools.arm-none.win32_1.17.0.201812190825/tools/compiler/bin/../lib/gcc/arm-none-eabi/7.3.1/../../../../arm-none-eabi/lib/thumb/v7e-m/fpv4-sp/hard\libc.a(lib_a-atexit.o)
                0x08003fe8                atexit
 .text.__libc_fini_array
                0x08003ff4       0x34 c:/ac6/systemworkbench/plugins/fr.ac6.mcu.externaltools.arm-none.win32_1.17.0.201812190825/tools/compiler/bin/../lib/gcc/arm-none-eabi/7.3.1/../../../../arm-none-eabi/lib/thumb/v7e-m/fpv4-sp/hard\libc.a(lib_a-fini.o)
                0x08003ff4                __libc_fini_array
 .text.__retarget_lock_acquire_recursive
                0x08004028        0x4 c:/ac6/systemworkbench/plugins/fr.ac6.mcu.externaltools.arm-none.win32_1.17.0.201812190825/tools/compiler/bin/../lib/gcc/arm-none-eabi/7.3.1/../../../../arm-none-eabi/lib/thumb/v7e-m/fpv4-sp/hard\libc.a(lib_a-lock.o)
                0x08004028                __retarget_lock_acquire_recursive
 .text.__retarget_lock_release_recursive
                0x0800402c        0x4 c:/ac6/systemworkbench/plugins/fr.ac6.mcu.externaltools.arm-none.win32_1.17.0.201812190825/tools/compiler/bin/../lib/gcc/arm-none-eabi/7.3.1/../../../../arm-none-eabi/lib/thumb/v7e-m/fpv4-sp/hard\libc.a(lib_a-lock.o)
                0x0800402c                __retarget_lock_release_recursive
 .text.__register_exitproc
                0x08004030       0xc0 c:/ac6/systemworkbench/plugins/fr.ac6.mcu.externaltools.arm-none.win32_1.17.0.201812190825/tools/compiler/bin/../lib/gcc/arm-none-eabi/7.3.1/../../../../arm-none-eabi/lib/thumb/v7e-m/fpv4-sp/hard\libc.a(lib_a-__atexit.o)
                0x08004030                __register_exitproc
 *(.glue_7)
 .glue_7        0x080040f0        0x0 linker stubs
 *(.glue_7t)
 .glue_7t       0x080040f0        0x0 linker stubs
 *(.eh_frame)
 .eh_frame      0x080040f0        0x0 c:/ac6/systemworkbench/plugins/fr.ac6.mcu.externaltools.arm-none.win32_1.17.0.201812190825/tools/compiler/bin/../lib/gcc/arm-none-eabi/7.3.1/thumb/v7e-m/fpv4-sp/hard/crtbegin.o
 *(.init)
 .init          0x080040f0        0x4 c:/ac6/systemworkbench/plugins/fr.ac6.mcu.externaltools.arm-none.win32_1.17.0.201812190825/tools/compiler/bin/../lib/gcc/arm-none-eabi/7.3.1/thumb/v7e-m/fpv4-sp/hard/crti.o
                0x080040f0                _init
 .init          0x080040f4        0x8 c:/ac6/systemworkbench/plugins/fr.ac6.mcu.externaltools.arm-none.win32_1.17.0.201812190825/tools/compiler/bin/../lib/gcc/arm-none-eabi/7.3.1/thumb/v7e-m/fpv4-sp/hard/crtn.o
 *(.fini)
 .fini          0x080040fc        0x4 c:/ac6/systemworkbench/plugins/fr.ac6.mcu.externaltools.arm-none.win32_1.17.0.201812190825/tools/compiler/bin/../lib/gcc/arm-none-eabi/7.3.1/thumb/v7e-m/fpv4-sp/hard/crti.o
                0x080040fc                _fini
 .fini          0x08004100        0x8 c:/ac6/systemworkbench/plugins/fr.ac6.mcu.externaltools.arm-none.win32_1.17.0.201812190825/tools/compiler/bin/../lib/gcc/arm-none-eabi/7.3.1/thumb/v7e-m/fpv4-sp/hard/crtn.o
                0x08004108                . = ALIGN (0x4)
                0x08004108                _etext = .

.vfp11_veneer   0x08004108        0x0
 .vfp11_veneer  0x08004108        0x0 linker stubs

.v4_bx          0x08004108        0x0
 .v4_bx         0x08004108        0x0 linker stubs

.iplt           0x08004108        0x0
 .iplt          0x08004108        0x0 c:/ac6/systemworkbench/plugins/fr.ac6.mcu.externaltools.arm-none.win32_1.17.0.201812190825/tools/compiler/bin/../lib/gcc/arm-none-eabi/7.3.1/thumb/v7e-m/fpv4-sp/hard/crtbegin.o

.rodata         0x08004108      0x104
                0x08004108                . = ALIGN (0x4)
 *(.rodata)
 .rodata        0x08004108        0x5 Third_party/FreeRTOS/org/Source/tasks.o
 *fill*         0x0800410d        0x3 
 .rodata        0x08004110       0x49 Third_party/SEGGER/Config/SEGGER_SYSVIEW_Config_FreeRTOS.o
 *fill*         0x08004159        0x3 
 .rodata        0x0800415c       0x60 Third_party/SEGGER/OS/SEGGER_SYSVIEW_FreeRTOS.o
                0x080041b4                SYSVIEW_X_OS_TraceAPI
 .rodata        0x080041bc       0x17 Third_party/SEGGER/SEGGER/SEGGER_RTT.o
 *fill*         0x080041d3        0x1 
 .rodata        0x080041d4       0x24 Third_party/SEGGER/SEGGER/SEGGER_SYSVIEW.o
 .rodata        0x080041f8        0xf src/Priority_Reverse.o
 *(.rodata*)
 *fill*         0x08004207        0x1 
 .rodata._global_impure_ptr
                0x08004208        0x4 c:/ac6/systemworkbench/plugins/fr.ac6.mcu.externaltools.arm-none.win32_1.17.0.201812190825/tools/compiler/bin/../lib/gcc/arm-none-eabi/7.3.1/../../../../arm-none-eabi/lib/thumb/v7e-m/fpv4-sp/hard\libc.a(lib_a-impure.o)
                0x08004208                _global_impure_ptr
                0x0800420c                . = ALIGN (0x4)

.rel.dyn        0x0800420c        0x0
 .rel.iplt      0x0800420c        0x0 c:/ac6/systemworkbench/plugins/fr.ac6.mcu.externaltools.arm-none.win32_1.17.0.201812190825/tools/compiler/bin/../lib/gcc/arm-none-eabi/7.3.1/thumb/v7e-m/fpv4-sp/hard/crtbegin.o

.ARM.extab      0x0800420c        0x0
                0x0800420c                . = ALIGN (0x4)
 *(.ARM.extab* .gnu.linkonce.armextab.*)
                0x0800420c                . = ALIGN (0x4)

.ARM            0x0800420c        0x0
                0x0800420c                . = ALIGN (0x4)
                0x0800420c                __exidx_start = .
 *(.ARM.exidx*)
                0x0800420c                __exidx_end = .
                0x0800420c                . = ALIGN (0x4)

.preinit_array  0x0800420c        0x0
                0x0800420c                . = ALIGN (0x4)
                0x0800420c                PROVIDE (__preinit_array_start = .)
 *(.preinit_array*)
                0x0800420c                PROVIDE (__preinit_array_end = .)
                0x0800420c                . = ALIGN (0x4)

.init_array     0x0800420c        0x8
                0x0800420c                . = ALIGN (0x4)
                0x0800420c                PROVIDE (__init_array_start = .)
 *(SORT_BY_NAME(.init_array.*))
 .init_array.00000
                0x0800420c        0x4 c:/ac6/systemworkbench/plugins/fr.ac6.mcu.externaltools.arm-none.win32_1.17.0.201812190825/tools/compiler/bin/../lib/gcc/arm-none-eabi/7.3.1/../../../../arm-none-eabi/lib/thumb/v7e-m/fpv4-sp/hard\libc.a(lib_a-__call_atexit.o)
 *(.init_array*)
 .init_array    0x08004210        0x4 c:/ac6/systemworkbench/plugins/fr.ac6.mcu.externaltools.arm-none.win32_1.17.0.201812190825/tools/compiler/bin/../lib/gcc/arm-none-eabi/7.3.1/thumb/v7e-m/fpv4-sp/hard/crtbegin.o
                0x08004214                PROVIDE (__init_array_end = .)
                0x08004214                . = ALIGN (0x4)

.fini_array     0x08004214        0x4
                0x08004214                . = ALIGN (0x4)
                0x08004214                PROVIDE (__fini_array_start = .)
 *(SORT_BY_NAME(.fini_array.*))
 *(.fini_array*)
 .fini_array    0x08004214        0x4 c:/ac6/systemworkbench/plugins/fr.ac6.mcu.externaltools.arm-none.win32_1.17.0.201812190825/tools/compiler/bin/../lib/gcc/arm-none-eabi/7.3.1/thumb/v7e-m/fpv4-sp/hard/crtbegin.o
                0x08004218                PROVIDE (__fini_array_end = .)
                0x08004218                . = ALIGN (0x4)
                0x08004218                _sidata = LOADADDR (.data)

.data           0x20000000      0x454 load address 0x08004218
                0x20000000                . = ALIGN (0x4)
                0x20000000                _sdata = .
 *(.data)
 .data          0x20000000       0x10 StdPeriph_Driver/src/stm32f4xx_rcc.o
 .data          0x20000010        0x4 Third_party/FreeRTOS/org/Source/portable/GCC/ARM_CM4F/port.o
 .data          0x20000014       0x14 src/system_stm32f4xx.o
                0x20000014                SystemCoreClock
                0x20000018                AHBPrescTable
 *(.data*)
 .data.impure_data
                0x20000028      0x428 c:/ac6/systemworkbench/plugins/fr.ac6.mcu.externaltools.arm-none.win32_1.17.0.201812190825/tools/compiler/bin/../lib/gcc/arm-none-eabi/7.3.1/../../../../arm-none-eabi/lib/thumb/v7e-m/fpv4-sp/hard\libc.a(lib_a-impure.o)
 .data.__atexit_recursive_mutex
                0x20000450        0x4 c:/ac6/systemworkbench/plugins/fr.ac6.mcu.externaltools.arm-none.win32_1.17.0.201812190825/tools/compiler/bin/../lib/gcc/arm-none-eabi/7.3.1/../../../../arm-none-eabi/lib/thumb/v7e-m/fpv4-sp/hard\libc.a(lib_a-__call_atexit.o)
                0x20000450                __atexit_recursive_mutex
                0x20000454                . = ALIGN (0x4)
                0x20000454                _edata = .

.igot.plt       0x20000454        0x0 load address 0x0800466c
 .igot.plt      0x20000454        0x0 c:/ac6/systemworkbench/plugins/fr.ac6.mcu.externaltools.arm-none.win32_1.17.0.201812190825/tools/compiler/bin/../lib/gcc/arm-none-eabi/7.3.1/thumb/v7e-m/fpv4-sp/hard/crtbegin.o
                0x20000454                . = ALIGN (0x4)

.bss            0x20000454    0x153ec load address 0x0800466c
                0x20000454                _sbss = .
                0x20000454                __bss_start__ = _sbss
 *(.bss)
 .bss           0x20000454       0x1c c:/ac6/systemworkbench/plugins/fr.ac6.mcu.externaltools.arm-none.win32_1.17.0.201812190825/tools/compiler/bin/../lib/gcc/arm-none-eabi/7.3.1/thumb/v7e-m/fpv4-sp/hard/crtbegin.o
 .bss           0x20000470      0x104 Third_party/FreeRTOS/org/Source/tasks.o
                0x20000470                pxCurrentTCB
 .bss           0x20000574        0x8 Third_party/FreeRTOS/org/Source/portable/GCC/ARM_CM4F/port.o
 .bss           0x2000057c    0x12c18 Third_party/FreeRTOS/org/Source/portable/MemMang/heap_4.o
 .bss           0x20013194       0xa4 Third_party/SEGGER/OS/SEGGER_SYSVIEW_FreeRTOS.o
 .bss           0x20013238      0x411 Third_party/SEGGER/SEGGER/SEGGER_RTT.o
 *fill*         0x20013649        0x3 
 .bss           0x2001364c     0x211b Third_party/SEGGER/SEGGER/SEGGER_SYSVIEW.o
 *fill*         0x20015767        0x1 
 .bss           0x20015768        0x9 src/Priority_Reverse.o
                0x20015768                xTaskHandle1
                0x2001576c                xTaskHandle2
                0x20015770                BUTTON_FLAG
 *(.bss*)
 *(COMMON)
 *fill*         0x20015771        0x3 
 COMMON         0x20015774       0xa8 Third_party/SEGGER/SEGGER/SEGGER_RTT.o
                0x20015774                _SEGGER_RTT
 COMMON         0x2001581c       0x21 c:/ac6/systemworkbench/plugins/fr.ac6.mcu.externaltools.arm-none.win32_1.17.0.201812190825/tools/compiler/bin/../lib/gcc/arm-none-eabi/7.3.1/../../../../arm-none-eabi/lib/thumb/v7e-m/fpv4-sp/hard\libc.a(lib_a-lock.o)
                0x2001581c                __lock___atexit_recursive_mutex
                0x20015820                __lock___arc4random_mutex
                0x20015824                __lock___env_recursive_mutex
                0x20015828                __lock___sinit_recursive_mutex
                0x2001582c                __lock___malloc_recursive_mutex
                0x20015830                __lock___at_quick_exit_mutex
                0x20015834                __lock___dd_hash_mutex
                0x20015838                __lock___tz_mutex
                0x2001583c                __lock___sfp_recursive_mutex
                0x20015840                . = ALIGN (0x4)
 *fill*         0x2001583d        0x3 
                0x20015840                _ebss = .
                0x20015840                __bss_end__ = _ebss

._user_heap_stack
                0x20015840      0x400 load address 0x0800466c
                0x20015840                . = ALIGN (0x8)
                0x20015840                PROVIDE (end = .)
                [!provide]                PROVIDE (_end = .)
                0x20015840                . = (. + _Min_Heap_Size)
                0x20015c40                . = (. + _Min_Stack_Size)
 *fill*         0x20015840      0x400 
                0x20015c40                . = ALIGN (0x8)

/DISCARD/
 libc.a(*)
 libm.a(*)
 libgcc.a(*)

.ARM.attributes
                0x00000000       0x30
 *(.ARM.attributes)
 .ARM.attributes
                0x00000000       0x22 c:/ac6/systemworkbench/plugins/fr.ac6.mcu.externaltools.arm-none.win32_1.17.0.201812190825/tools/compiler/bin/../lib/gcc/arm-none-eabi/7.3.1/thumb/v7e-m/fpv4-sp/hard/crti.o
 .ARM.attributes
                0x00000022       0x34 c:/ac6/systemworkbench/plugins/fr.ac6.mcu.externaltools.arm-none.win32_1.17.0.201812190825/tools/compiler/bin/../lib/gcc/arm-none-eabi/7.3.1/thumb/v7e-m/fpv4-sp/hard/crtbegin.o
 .ARM.attributes
                0x00000056       0x39 StdPeriph_Driver/src/stm32f4xx_exti.o
 .ARM.attributes
                0x0000008f       0x39 StdPeriph_Driver/src/stm32f4xx_gpio.o
 .ARM.attributes
                0x000000c8       0x39 StdPeriph_Driver/src/stm32f4xx_rcc.o
 .ARM.attributes
                0x00000101       0x39 StdPeriph_Driver/src/stm32f4xx_syscfg.o
 .ARM.attributes
                0x0000013a       0x39 StdPeriph_Driver/src/stm32f4xx_usart.o
 .ARM.attributes
                0x00000173       0x39 Third_party/FreeRTOS/org/Source/list.o
 .ARM.attributes
                0x000001ac       0x39 Third_party/FreeRTOS/org/Source/tasks.o
 .ARM.attributes
                0x000001e5       0x39 Third_party/FreeRTOS/org/Source/portable/GCC/ARM_CM4F/port.o
 .ARM.attributes
                0x0000021e       0x39 Third_party/FreeRTOS/org/Source/portable/MemMang/heap_4.o
 .ARM.attributes
                0x00000257       0x39 Third_party/SEGGER/Config/SEGGER_SYSVIEW_Config_FreeRTOS.o
 .ARM.attributes
                0x00000290       0x39 Third_party/SEGGER/OS/SEGGER_SYSVIEW_FreeRTOS.o
 .ARM.attributes
                0x000002c9       0x39 Third_party/SEGGER/SEGGER/SEGGER_RTT.o
 .ARM.attributes
                0x00000302       0x39 Third_party/SEGGER/SEGGER/SEGGER_SYSVIEW.o
 .ARM.attributes
                0x0000033b       0x39 src/Priority_Reverse.o
 .ARM.attributes
                0x00000374       0x39 src/system_stm32f4xx.o
 .ARM.attributes
                0x000003ad       0x21 startup/startup_stm32.o
 .ARM.attributes
                0x000003ce       0x34 c:/ac6/systemworkbench/plugins/fr.ac6.mcu.externaltools.arm-none.win32_1.17.0.201812190825/tools/compiler/bin/../lib/gcc/arm-none-eabi/7.3.1/../../../../arm-none-eabi/lib/thumb/v7e-m/fpv4-sp/hard\libc.a(lib_a-impure.o)
 .ARM.attributes
                0x00000402       0x34 c:/ac6/systemworkbench/plugins/fr.ac6.mcu.externaltools.arm-none.win32_1.17.0.201812190825/tools/compiler/bin/../lib/gcc/arm-none-eabi/7.3.1/../../../../arm-none-eabi/lib/thumb/v7e-m/fpv4-sp/hard\libc.a(lib_a-init.o)
 .ARM.attributes
                0x00000436       0x34 c:/ac6/systemworkbench/plugins/fr.ac6.mcu.externaltools.arm-none.win32_1.17.0.201812190825/tools/compiler/bin/../lib/gcc/arm-none-eabi/7.3.1/../../../../arm-none-eabi/lib/thumb/v7e-m/fpv4-sp/hard\libc.a(lib_a-memcmp.o)
 .ARM.attributes
                0x0000046a       0x20 c:/ac6/systemworkbench/plugins/fr.ac6.mcu.externaltools.arm-none.win32_1.17.0.201812190825/tools/compiler/bin/../lib/gcc/arm-none-eabi/7.3.1/../../../../arm-none-eabi/lib/thumb/v7e-m/fpv4-sp/hard\libc.a(lib_a-memcpy.o)
 .ARM.attributes
                0x0000048a       0x34 c:/ac6/systemworkbench/plugins/fr.ac6.mcu.externaltools.arm-none.win32_1.17.0.201812190825/tools/compiler/bin/../lib/gcc/arm-none-eabi/7.3.1/../../../../arm-none-eabi/lib/thumb/v7e-m/fpv4-sp/hard\libc.a(lib_a-memset.o)
 .ARM.attributes
                0x000004be       0x34 c:/ac6/systemworkbench/plugins/fr.ac6.mcu.externaltools.arm-none.win32_1.17.0.201812190825/tools/compiler/bin/../lib/gcc/arm-none-eabi/7.3.1/../../../../arm-none-eabi/lib/thumb/v7e-m/fpv4-sp/hard\libc.a(lib_a-__call_atexit.o)
 .ARM.attributes
                0x000004f2       0x34 c:/ac6/systemworkbench/plugins/fr.ac6.mcu.externaltools.arm-none.win32_1.17.0.201812190825/tools/compiler/bin/../lib/gcc/arm-none-eabi/7.3.1/../../../../arm-none-eabi/lib/thumb/v7e-m/fpv4-sp/hard\libc.a(lib_a-atexit.o)
 .ARM.attributes
                0x00000526       0x34 c:/ac6/systemworkbench/plugins/fr.ac6.mcu.externaltools.arm-none.win32_1.17.0.201812190825/tools/compiler/bin/../lib/gcc/arm-none-eabi/7.3.1/../../../../arm-none-eabi/lib/thumb/v7e-m/fpv4-sp/hard\libc.a(lib_a-fini.o)
 .ARM.attributes
                0x0000055a       0x34 c:/ac6/systemworkbench/plugins/fr.ac6.mcu.externaltools.arm-none.win32_1.17.0.201812190825/tools/compiler/bin/../lib/gcc/arm-none-eabi/7.3.1/../../../../arm-none-eabi/lib/thumb/v7e-m/fpv4-sp/hard\libc.a(lib_a-lock.o)
 .ARM.attributes
                0x0000058e       0x34 c:/ac6/systemworkbench/plugins/fr.ac6.mcu.externaltools.arm-none.win32_1.17.0.201812190825/tools/compiler/bin/../lib/gcc/arm-none-eabi/7.3.1/../../../../arm-none-eabi/lib/thumb/v7e-m/fpv4-sp/hard\libc.a(lib_a-__atexit.o)
 .ARM.attributes
                0x000005c2       0x22 c:/ac6/systemworkbench/plugins/fr.ac6.mcu.externaltools.arm-none.win32_1.17.0.201812190825/tools/compiler/bin/../lib/gcc/arm-none-eabi/7.3.1/thumb/v7e-m/fpv4-sp/hard/crtn.o
OUTPUT(STM32_FreeRTOS_TaskDelete.elf elf32-littlearm)

.debug_info     0x00000000     0xe218
 .debug_info    0x00000000      0x358 StdPeriph_Driver/src/stm32f4xx_exti.o
 .debug_info    0x00000358      0x62b StdPeriph_Driver/src/stm32f4xx_gpio.o
 .debug_info    0x00000983      0xf8e StdPeriph_Driver/src/stm32f4xx_rcc.o
 .debug_info    0x00001911      0x2a6 StdPeriph_Driver/src/stm32f4xx_syscfg.o
 .debug_info    0x00001bb7      0x9d4 StdPeriph_Driver/src/stm32f4xx_usart.o
 .debug_info    0x0000258b      0xadb Third_party/FreeRTOS/org/Source/list.o
 .debug_info    0x00003066     0x2683 Third_party/FreeRTOS/org/Source/tasks.o
 .debug_info    0x000056e9      0x533 Third_party/FreeRTOS/org/Source/portable/GCC/ARM_CM4F/port.o
 .debug_info    0x00005c1c      0xbfc Third_party/FreeRTOS/org/Source/portable/MemMang/heap_4.o
 .debug_info    0x00006818      0x10f Third_party/SEGGER/Config/SEGGER_SYSVIEW_Config_FreeRTOS.o
 .debug_info    0x00006927      0xb8d Third_party/SEGGER/OS/SEGGER_SYSVIEW_FreeRTOS.o
 .debug_info    0x000074b4     0x16b9 Third_party/SEGGER/SEGGER/SEGGER_RTT.o
 .debug_info    0x00008b6d     0x3aea Third_party/SEGGER/SEGGER/SEGGER_SYSVIEW.o
 .debug_info    0x0000c657     0x157e src/Priority_Reverse.o
 .debug_info    0x0000dbd5      0x621 src/system_stm32f4xx.o
 .debug_info    0x0000e1f6       0x22 startup/startup_stm32.o

.debug_abbrev   0x00000000     0x2066
 .debug_abbrev  0x00000000      0x1c3 StdPeriph_Driver/src/stm32f4xx_exti.o
 .debug_abbrev  0x000001c3      0x1bf StdPeriph_Driver/src/stm32f4xx_gpio.o
 .debug_abbrev  0x00000382      0x1d4 StdPeriph_Driver/src/stm32f4xx_rcc.o
 .debug_abbrev  0x00000556      0x14b StdPeriph_Driver/src/stm32f4xx_syscfg.o
 .debug_abbrev  0x000006a1      0x187 StdPeriph_Driver/src/stm32f4xx_usart.o
 .debug_abbrev  0x00000828      0x205 Third_party/FreeRTOS/org/Source/list.o
 .debug_abbrev  0x00000a2d      0x388 Third_party/FreeRTOS/org/Source/tasks.o
 .debug_abbrev  0x00000db5      0x210 Third_party/FreeRTOS/org/Source/portable/GCC/ARM_CM4F/port.o
 .debug_abbrev  0x00000fc5      0x2d4 Third_party/FreeRTOS/org/Source/portable/MemMang/heap_4.o
 .debug_abbrev  0x00001299       0xb5 Third_party/SEGGER/Config/SEGGER_SYSVIEW_Config_FreeRTOS.o
 .debug_abbrev  0x0000134e      0x223 Third_party/SEGGER/OS/SEGGER_SYSVIEW_FreeRTOS.o
 .debug_abbrev  0x00001571      0x2d6 Third_party/SEGGER/SEGGER/SEGGER_RTT.o
 .debug_abbrev  0x00001847      0x336 Third_party/SEGGER/SEGGER/SEGGER_SYSVIEW.o
 .debug_abbrev  0x00001b7d      0x37a src/Priority_Reverse.o
 .debug_abbrev  0x00001ef7      0x15d src/system_stm32f4xx.o
 .debug_abbrev  0x00002054       0x12 startup/startup_stm32.o

.debug_aranges  0x00000000      0xbc8
 .debug_aranges
                0x00000000       0x58 StdPeriph_Driver/src/stm32f4xx_exti.o
 .debug_aranges
                0x00000058       0x88 StdPeriph_Driver/src/stm32f4xx_gpio.o
 .debug_aranges
                0x000000e0      0x1e8 StdPeriph_Driver/src/stm32f4xx_rcc.o
 .debug_aranges
                0x000002c8       0x50 StdPeriph_Driver/src/stm32f4xx_syscfg.o
 .debug_aranges
                0x00000318      0x100 StdPeriph_Driver/src/stm32f4xx_usart.o
 .debug_aranges
                0x00000418       0x40 Third_party/FreeRTOS/org/Source/list.o
 .debug_aranges
                0x00000458      0x1d8 Third_party/FreeRTOS/org/Source/tasks.o
 .debug_aranges
                0x00000630       0x80 Third_party/FreeRTOS/org/Source/portable/GCC/ARM_CM4F/port.o
 .debug_aranges
                0x000006b0       0x50 Third_party/FreeRTOS/org/Source/portable/MemMang/heap_4.o
 .debug_aranges
                0x00000700       0x28 Third_party/SEGGER/Config/SEGGER_SYSVIEW_Config_FreeRTOS.o
 .debug_aranges
                0x00000728       0x48 Third_party/SEGGER/OS/SEGGER_SYSVIEW_FreeRTOS.o
 .debug_aranges
                0x00000770      0x110 Third_party/SEGGER/SEGGER/SEGGER_RTT.o
 .debug_aranges
                0x00000880      0x268 Third_party/SEGGER/SEGGER/SEGGER_SYSVIEW.o
 .debug_aranges
                0x00000ae8       0x88 src/Priority_Reverse.o
 .debug_aranges
                0x00000b70       0x30 src/system_stm32f4xx.o
 .debug_aranges
                0x00000ba0       0x28 startup/startup_stm32.o

.debug_ranges   0x00000000      0xad0
 .debug_ranges  0x00000000       0x48 StdPeriph_Driver/src/stm32f4xx_exti.o
 .debug_ranges  0x00000048       0x78 StdPeriph_Driver/src/stm32f4xx_gpio.o
 .debug_ranges  0x000000c0      0x1d8 StdPeriph_Driver/src/stm32f4xx_rcc.o
 .debug_ranges  0x00000298       0x40 StdPeriph_Driver/src/stm32f4xx_syscfg.o
 .debug_ranges  0x000002d8       0xf0 StdPeriph_Driver/src/stm32f4xx_usart.o
 .debug_ranges  0x000003c8       0x30 Third_party/FreeRTOS/org/Source/list.o
 .debug_ranges  0x000003f8      0x1c8 Third_party/FreeRTOS/org/Source/tasks.o
 .debug_ranges  0x000005c0       0x70 Third_party/FreeRTOS/org/Source/portable/GCC/ARM_CM4F/port.o
 .debug_ranges  0x00000630       0x40 Third_party/FreeRTOS/org/Source/portable/MemMang/heap_4.o
 .debug_ranges  0x00000670       0x18 Third_party/SEGGER/Config/SEGGER_SYSVIEW_Config_FreeRTOS.o
 .debug_ranges  0x00000688       0x38 Third_party/SEGGER/OS/SEGGER_SYSVIEW_FreeRTOS.o
 .debug_ranges  0x000006c0      0x100 Third_party/SEGGER/SEGGER/SEGGER_RTT.o
 .debug_ranges  0x000007c0      0x258 Third_party/SEGGER/SEGGER/SEGGER_SYSVIEW.o
 .debug_ranges  0x00000a18       0x78 src/Priority_Reverse.o
 .debug_ranges  0x00000a90       0x20 src/system_stm32f4xx.o
 .debug_ranges  0x00000ab0       0x20 startup/startup_stm32.o

.debug_macro    0x00000000     0x30f2
 .debug_macro   0x00000000      0x1fe StdPeriph_Driver/src/stm32f4xx_exti.o
 .debug_macro   0x000001fe       0xaf StdPeriph_Driver/src/stm32f4xx_exti.o
 .debug_macro   0x000002ad      0x1fc StdPeriph_Driver/src/stm32f4xx_gpio.o
 .debug_macro   0x000004a9      0x33b StdPeriph_Driver/src/stm32f4xx_gpio.o
 .debug_macro   0x000007e4      0x2cb StdPeriph_Driver/src/stm32f4xx_rcc.o
 .debug_macro   0x00000aaf      0x24a StdPeriph_Driver/src/stm32f4xx_syscfg.o
 .debug_macro   0x00000cf9      0x10e StdPeriph_Driver/src/stm32f4xx_syscfg.o
 .debug_macro   0x00000e07      0x214 StdPeriph_Driver/src/stm32f4xx_usart.o
 .debug_macro   0x0000101b      0x21d StdPeriph_Driver/src/stm32f4xx_usart.o
 .debug_macro   0x00001238      0x1ba Third_party/FreeRTOS/org/Source/list.o
 .debug_macro   0x000013f2      0x2b5 Third_party/FreeRTOS/org/Source/tasks.o
 .debug_macro   0x000016a7       0x10 Third_party/FreeRTOS/org/Source/tasks.o
 .debug_macro   0x000016b7      0x1d6 Third_party/FreeRTOS/org/Source/portable/GCC/ARM_CM4F/port.o
 .debug_macro   0x0000188d      0x1e1 Third_party/FreeRTOS/org/Source/portable/MemMang/heap_4.o
 .debug_macro   0x00001a6e      0x116 Third_party/SEGGER/Config/SEGGER_SYSVIEW_Config_FreeRTOS.o
 .debug_macro   0x00001b84      0x1d0 Third_party/SEGGER/OS/SEGGER_SYSVIEW_FreeRTOS.o
 .debug_macro   0x00001d54      0x164 Third_party/SEGGER/SEGGER/SEGGER_RTT.o
 .debug_macro   0x00001eb8       0x4f Third_party/SEGGER/SEGGER/SEGGER_RTT.o
 .debug_macro   0x00001f07      0x115 Third_party/SEGGER/SEGGER/SEGGER_RTT.o
 .debug_macro   0x0000201c      0x1f8 Third_party/SEGGER/SEGGER/SEGGER_SYSVIEW.o
 .debug_macro   0x00002214       0x65 Third_party/SEGGER/SEGGER/SEGGER_SYSVIEW.o
 .debug_macro   0x00002279       0x35 Third_party/SEGGER/SEGGER/SEGGER_SYSVIEW.o
 .debug_macro   0x000022ae      0x11b Third_party/SEGGER/SEGGER/SEGGER_SYSVIEW.o
 .debug_macro   0x000023c9      0x433 src/Priority_Reverse.o
 .debug_macro   0x000027fc       0x16 src/Priority_Reverse.o
 .debug_macro   0x00002812       0x97 src/Priority_Reverse.o
 .debug_macro   0x000028a9       0xfd src/Priority_Reverse.o
 .debug_macro   0x000029a6       0x10 src/Priority_Reverse.o
 .debug_macro   0x000029b6       0x10 src/Priority_Reverse.o
 .debug_macro   0x000029c6       0x1c src/Priority_Reverse.o
 .debug_macro   0x000029e2       0x52 src/Priority_Reverse.o
 .debug_macro   0x00002a34       0x40 src/Priority_Reverse.o
 .debug_macro   0x00002a74       0x10 src/Priority_Reverse.o
 .debug_macro   0x00002a84       0x40 src/Priority_Reverse.o
 .debug_macro   0x00002ac4       0xd7 src/Priority_Reverse.o
 .debug_macro   0x00002b9b       0x1c src/Priority_Reverse.o
 .debug_macro   0x00002bb7       0x3d src/Priority_Reverse.o
 .debug_macro   0x00002bf4       0x16 src/Priority_Reverse.o
 .debug_macro   0x00002c0a      0x16f src/Priority_Reverse.o
 .debug_macro   0x00002d79      0x114 src/Priority_Reverse.o
 .debug_macro   0x00002e8d       0x4c src/Priority_Reverse.o
 .debug_macro   0x00002ed9      0x219 src/system_stm32f4xx.o

.debug_line     0x00000000     0x99ab
 .debug_line    0x00000000      0x786 StdPeriph_Driver/src/stm32f4xx_exti.o
 .debug_line    0x00000786      0x85e StdPeriph_Driver/src/stm32f4xx_gpio.o
 .debug_line    0x00000fe4      0xbdb StdPeriph_Driver/src/stm32f4xx_rcc.o
 .debug_line    0x00001bbf      0x759 StdPeriph_Driver/src/stm32f4xx_syscfg.o
 .debug_line    0x00002318      0x9a4 StdPeriph_Driver/src/stm32f4xx_usart.o
 .debug_line    0x00002cbc      0x73f Third_party/FreeRTOS/org/Source/list.o
 .debug_line    0x000033fb     0x1382 Third_party/FreeRTOS/org/Source/tasks.o
 .debug_line    0x0000477d      0x875 Third_party/FreeRTOS/org/Source/portable/GCC/ARM_CM4F/port.o
 .debug_line    0x00004ff2      0x825 Third_party/FreeRTOS/org/Source/portable/MemMang/heap_4.o
 .debug_line    0x00005817      0x660 Third_party/SEGGER/Config/SEGGER_SYSVIEW_Config_FreeRTOS.o
 .debug_line    0x00005e77      0x7d0 Third_party/SEGGER/OS/SEGGER_SYSVIEW_FreeRTOS.o
 .debug_line    0x00006647      0x7de Third_party/SEGGER/SEGGER/SEGGER_RTT.o
 .debug_line    0x00006e25     0x16b1 Third_party/SEGGER/SEGGER/SEGGER_SYSVIEW.o
 .debug_line    0x000084d6      0xcee src/Priority_Reverse.o
 .debug_line    0x000091c4      0x76b src/system_stm32f4xx.o
 .debug_line    0x0000992f       0x7c startup/startup_stm32.o

.debug_str      0x00000000    0x7f2cd
 .debug_str     0x00000000    0x6ce45 StdPeriph_Driver/src/stm32f4xx_exti.o
                              0x6d0e7 (size before relaxing)
 .debug_str     0x0006ce45      0x2c5 StdPeriph_Driver/src/stm32f4xx_gpio.o
                              0x6d219 (size before relaxing)
 .debug_str     0x0006d10a      0xe76 StdPeriph_Driver/src/stm32f4xx_rcc.o
                              0x6ddf5 (size before relaxing)
 .debug_str     0x0006df80      0x40c StdPeriph_Driver/src/stm32f4xx_syscfg.o
                              0x6d337 (size before relaxing)
 .debug_str     0x0006e38c      0x53a StdPeriph_Driver/src/stm32f4xx_usart.o
                              0x6d52c (size before relaxing)
 .debug_str     0x0006e8c6     0x9d81 Third_party/FreeRTOS/org/Source/list.o
                               0xdada (size before relaxing)
 .debug_str     0x00078647     0x23d0 Third_party/FreeRTOS/org/Source/tasks.o
                               0xfeec (size before relaxing)
 .debug_str     0x0007aa17      0x7fb Third_party/FreeRTOS/org/Source/portable/GCC/ARM_CM4F/port.o
                               0xbc74 (size before relaxing)
 .debug_str     0x0007b212      0x252 Third_party/FreeRTOS/org/Source/portable/MemMang/heap_4.o
                               0xe2cd (size before relaxing)
 .debug_str     0x0007b464      0x16d Third_party/SEGGER/Config/SEGGER_SYSVIEW_Config_FreeRTOS.o
                               0xa6f0 (size before relaxing)
 .debug_str     0x0007b5d1       0xfb Third_party/SEGGER/OS/SEGGER_SYSVIEW_FreeRTOS.o
                               0xe0cd (size before relaxing)
 .debug_str     0x0007b6cc      0xdca Third_party/SEGGER/SEGGER/SEGGER_RTT.o
                               0x6ddd (size before relaxing)
 .debug_str     0x0007c496     0x12fc Third_party/SEGGER/SEGGER/SEGGER_SYSVIEW.o
                               0x8d83 (size before relaxing)
 .debug_str     0x0007d792     0x1a44 src/Priority_Reverse.o
                              0x78fbb (size before relaxing)
 .debug_str     0x0007f1d6       0xce src/system_stm32f4xx.o
                              0x6d178 (size before relaxing)
 .debug_str     0x0007f2a4       0x29 startup/startup_stm32.o
                                 0x7c (size before relaxing)

.comment        0x00000000       0x7f
 .comment       0x00000000       0x7f StdPeriph_Driver/src/stm32f4xx_exti.o
                                 0x80 (size before relaxing)
 .comment       0x0000007f       0x80 StdPeriph_Driver/src/stm32f4xx_gpio.o
 .comment       0x0000007f       0x80 StdPeriph_Driver/src/stm32f4xx_rcc.o
 .comment       0x0000007f       0x80 StdPeriph_Driver/src/stm32f4xx_syscfg.o
 .comment       0x0000007f       0x80 StdPeriph_Driver/src/stm32f4xx_usart.o
 .comment       0x0000007f       0x80 Third_party/FreeRTOS/org/Source/list.o
 .comment       0x0000007f       0x80 Third_party/FreeRTOS/org/Source/tasks.o
 .comment       0x0000007f       0x80 Third_party/FreeRTOS/org/Source/portable/GCC/ARM_CM4F/port.o
 .comment       0x0000007f       0x80 Third_party/FreeRTOS/org/Source/portable/MemMang/heap_4.o
 .comment       0x0000007f       0x80 Third_party/SEGGER/Config/SEGGER_SYSVIEW_Config_FreeRTOS.o
 .comment       0x0000007f       0x80 Third_party/SEGGER/OS/SEGGER_SYSVIEW_FreeRTOS.o
 .comment       0x0000007f       0x80 Third_party/SEGGER/SEGGER/SEGGER_RTT.o
 .comment       0x0000007f       0x80 Third_party/SEGGER/SEGGER/SEGGER_SYSVIEW.o
 .comment       0x0000007f       0x80 src/Priority_Reverse.o
 .comment       0x0000007f       0x80 src/system_stm32f4xx.o

.debug_frame    0x00000000     0x3394
 .debug_frame   0x00000000      0x148 StdPeriph_Driver/src/stm32f4xx_exti.o
 .debug_frame   0x00000148      0x23c StdPeriph_Driver/src/stm32f4xx_gpio.o
 .debug_frame   0x00000384      0x904 StdPeriph_Driver/src/stm32f4xx_rcc.o
 .debug_frame   0x00000c88      0x11c StdPeriph_Driver/src/stm32f4xx_syscfg.o
 .debug_frame   0x00000da4      0x490 StdPeriph_Driver/src/stm32f4xx_usart.o
 .debug_frame   0x00001234       0xd8 Third_party/FreeRTOS/org/Source/list.o
 .debug_frame   0x0000130c      0x820 Third_party/FreeRTOS/org/Source/tasks.o
 .debug_frame   0x00001b2c      0x1a8 Third_party/FreeRTOS/org/Source/portable/GCC/ARM_CM4F/port.o
 .debug_frame   0x00001cd4      0x108 Third_party/FreeRTOS/org/Source/portable/MemMang/heap_4.o
 .debug_frame   0x00001ddc       0x48 Third_party/SEGGER/Config/SEGGER_SYSVIEW_Config_FreeRTOS.o
 .debug_frame   0x00001e24      0x100 Third_party/SEGGER/OS/SEGGER_SYSVIEW_FreeRTOS.o
 .debug_frame   0x00001f24      0x478 Third_party/SEGGER/SEGGER/SEGGER_RTT.o
 .debug_frame   0x0000239c      0xb5c Third_party/SEGGER/SEGGER/SEGGER_SYSVIEW.o
 .debug_frame   0x00002ef8      0x1f0 src/Priority_Reverse.o
 .debug_frame   0x000030e8       0x7c src/system_stm32f4xx.o
 .debug_frame   0x00003164       0x2c c:/ac6/systemworkbench/plugins/fr.ac6.mcu.externaltools.arm-none.win32_1.17.0.201812190825/tools/compiler/bin/../lib/gcc/arm-none-eabi/7.3.1/../../../../arm-none-eabi/lib/thumb/v7e-m/fpv4-sp/hard\libc.a(lib_a-init.o)
 .debug_frame   0x00003190       0x38 c:/ac6/systemworkbench/plugins/fr.ac6.mcu.externaltools.arm-none.win32_1.17.0.201812190825/tools/compiler/bin/../lib/gcc/arm-none-eabi/7.3.1/../../../../arm-none-eabi/lib/thumb/v7e-m/fpv4-sp/hard\libc.a(lib_a-memcmp.o)
 .debug_frame   0x000031c8       0x38 c:/ac6/systemworkbench/plugins/fr.ac6.mcu.externaltools.arm-none.win32_1.17.0.201812190825/tools/compiler/bin/../lib/gcc/arm-none-eabi/7.3.1/../../../../arm-none-eabi/lib/thumb/v7e-m/fpv4-sp/hard\libc.a(lib_a-memset.o)
 .debug_frame   0x00003200       0x5c c:/ac6/systemworkbench/plugins/fr.ac6.mcu.externaltools.arm-none.win32_1.17.0.201812190825/tools/compiler/bin/../lib/gcc/arm-none-eabi/7.3.1/../../../../arm-none-eabi/lib/thumb/v7e-m/fpv4-sp/hard\libc.a(lib_a-__call_atexit.o)
 .debug_frame   0x0000325c       0x20 c:/ac6/systemworkbench/plugins/fr.ac6.mcu.externaltools.arm-none.win32_1.17.0.201812190825/tools/compiler/bin/../lib/gcc/arm-none-eabi/7.3.1/../../../../arm-none-eabi/lib/thumb/v7e-m/fpv4-sp/hard\libc.a(lib_a-atexit.o)
 .debug_frame   0x0000327c       0x34 c:/ac6/systemworkbench/plugins/fr.ac6.mcu.externaltools.arm-none.win32_1.17.0.201812190825/tools/compiler/bin/../lib/gcc/arm-none-eabi/7.3.1/../../../../arm-none-eabi/lib/thumb/v7e-m/fpv4-sp/hard\libc.a(lib_a-fini.o)
 .debug_frame   0x000032b0       0xb0 c:/ac6/systemworkbench/plugins/fr.ac6.mcu.externaltools.arm-none.win32_1.17.0.201812190825/tools/compiler/bin/../lib/gcc/arm-none-eabi/7.3.1/../../../../arm-none-eabi/lib/thumb/v7e-m/fpv4-sp/hard\libc.a(lib_a-lock.o)
 .debug_frame   0x00003360       0x34 c:/ac6/systemworkbench/plugins/fr.ac6.mcu.externaltools.arm-none.win32_1.17.0.201812190825/tools/compiler/bin/../lib/gcc/arm-none-eabi/7.3.1/../../../../arm-none-eabi/lib/thumb/v7e-m/fpv4-sp/hard\libc.a(lib_a-__atexit.o)
