13:50:24 **** Incremental Build of configuration Debug for project STM32_FreeRTOS_LED_BUTTON ****
make -j8 all 
Building file: ../src/001LED_BUTTON.c
Building file: ../Third_party/SEGGER/OS/SEGGER_SYSVIEW_FreeRTOS.c
Building file: ../Third_party/SEGGER/Config/SEGGER_SYSVIEW_Config_FreeRTOS.c
Invoking: MCU GCC Compiler
Building file: ../Third_party/FreeRTOS/org/Source/portable/MemMang/heap_4.c
Building file: ../Third_party/FreeRTOS/org/Source/portable/GCC/ARM_CM4F/port.c
Invoking: MCU GCC Compiler
Invoking: MCU GCC Compiler
C:\Users\hvrsh\OneDrive\Desktop\FreeRTOS Workspace\STM32_FreeRTOS_LED_BUTTON\Debug
Building file: ../Third_party/FreeRTOS/org/Source/croutine.c
arm-none-eabi-gcc -mcpu=cortex-m4 -mthumb -mfloat-abi=hard -mfpu=fpv4-sp-d16 -DSTM32 -DSTM32F4 -DSTM32F446RETx -DNUCLEO_F446RE -DDEBUG -DSTM32F446xx -DUSE_STDPERIPH_DRIVER -I"C:/Users/hvrsh/OneDrive/Desktop/FreeRTOS Workspace/STM32_FreeRTOS_LED_BUTTON/StdPeriph_Driver/inc" -I"C:/Users/hvrsh/OneDrive/Desktop/FreeRTOS Workspace/STM32_FreeRTOS_LED_BUTTON/Third_party/SEGGER/Config" -I"C:/Users/hvrsh/OneDrive/Desktop/FreeRTOS Workspace/STM32_FreeRTOS_LED_BUTTON/Third_party/SEGGER/OS" -I"C:/Users/hvrsh/OneDrive/Desktop/FreeRTOS Workspace/STM32_FreeRTOS_LED_BUTTON/Third_party/SEGGER/SEGGER" -I"C:/Users/hvrsh/OneDrive/Desktop/FreeRTOS Workspace/STM32_FreeRTOS_LED_BUTTON/config" -I"C:/Users/hvrsh/OneDrive/Desktop/FreeRTOS Workspace/STM32_FreeRTOS_LED_BUTTON/Third_party/FreeRTOS/org/Source/portable/GCC/ARM_CM4F" -I"C:/Users/hvrsh/OneDrive/Desktop/FreeRTOS Workspace/STM32_FreeRTOS_LED_BUTTON/Third_party/FreeRTOS/org/Source/include" -I"C:/Users/hvrsh/OneDrive/Desktop/FreeRTOS Workspace/STM32_FreeRTOS_LED_BUTTON/inc" -I"C:/Users/hvrsh/OneDrive/Desktop/FreeRTOS Workspace/STM32_FreeRTOS_LED_BUTTON/CMSIS/device" -I"C:/Users/hvrsh/OneDrive/Desktop/FreeRTOS Workspace/STM32_FreeRTOS_LED_BUTTON/CMSIS/core" -O0 -g3 -Wall -fmessage-length=0 -ffunction-sections -c -MMD -MP -MF"src/001LED_BUTTON.d" -MT"src/001LED_BUTTON.o" -o "src/001LED_BUTTON.o" "../src/001LED_BUTTON.c"
Invoking: MCU GCC Compiler
Invoking: MCU GCC Compiler
Building file: ../Third_party/FreeRTOS/org/Source/event_groups.c
C:\Users\hvrsh\OneDrive\Desktop\FreeRTOS Workspace\STM32_FreeRTOS_LED_BUTTON\Debug
C:\Users\hvrsh\OneDrive\Desktop\FreeRTOS Workspace\STM32_FreeRTOS_LED_BUTTON\Debug
arm-none-eabi-gcc -mcpu=cortex-m4 -mthumb -mfloat-abi=hard -mfpu=fpv4-sp-d16 -DSTM32 -DSTM32F4 -DSTM32F446RETx -DNUCLEO_F446RE -DDEBUG -DSTM32F446xx -DUSE_STDPERIPH_DRIVER -I"C:/Users/hvrsh/OneDrive/Desktop/FreeRTOS Workspace/STM32_FreeRTOS_LED_BUTTON/StdPeriph_Driver/inc" -I"C:/Users/hvrsh/OneDrive/Desktop/FreeRTOS Workspace/STM32_FreeRTOS_LED_BUTTON/Third_party/SEGGER/Config" -I"C:/Users/hvrsh/OneDrive/Desktop/FreeRTOS Workspace/STM32_FreeRTOS_LED_BUTTON/Third_party/SEGGER/OS" -I"C:/Users/hvrsh/OneDrive/Desktop/FreeRTOS Workspace/STM32_FreeRTOS_LED_BUTTON/Third_party/SEGGER/SEGGER" -I"C:/Users/hvrsh/OneDrive/Desktop/FreeRTOS Workspace/STM32_FreeRTOS_LED_BUTTON/config" -I"C:/Users/hvrsh/OneDrive/Desktop/FreeRTOS Workspace/STM32_FreeRTOS_LED_BUTTON/Third_party/FreeRTOS/org/Source/portable/GCC/ARM_CM4F" -I"C:/Users/hvrsh/OneDrive/Desktop/FreeRTOS Workspace/STM32_FreeRTOS_LED_BUTTON/Third_party/FreeRTOS/org/Source/include" -I"C:/Users/hvrsh/OneDrive/Desktop/FreeRTOS Workspace/STM32_FreeRTOS_LED_BUTTON/inc" -I"C:/Users/hvrsh/OneDrive/Desktop/FreeRTOS Workspace/STM32_FreeRTOS_LED_BUTTON/CMSIS/device" -I"C:/Users/hvrsh/OneDrive/Desktop/FreeRTOS Workspace/STM32_FreeRTOS_LED_BUTTON/CMSIS/core" -O0 -g3 -Wall -fmessage-length=0 -ffunction-sections -c -MMD -MP -MF"Third_party/SEGGER/OS/SEGGER_SYSVIEW_FreeRTOS.d" -MT"Third_party/SEGGER/OS/SEGGER_SYSVIEW_FreeRTOS.o" -o "Third_party/SEGGER/OS/SEGGER_SYSVIEW_FreeRTOS.o" "../Third_party/SEGGER/OS/SEGGER_SYSVIEW_FreeRTOS.c"
Invoking: MCU GCC Compiler
arm-none-eabi-gcc -mcpu=cortex-m4 -mthumb -mfloat-abi=hard -mfpu=fpv4-sp-d16 -DSTM32 -DSTM32F4 -DSTM32F446RETx -DNUCLEO_F446RE -DDEBUG -DSTM32F446xx -DUSE_STDPERIPH_DRIVER -I"C:/Users/hvrsh/OneDrive/Desktop/FreeRTOS Workspace/STM32_FreeRTOS_LED_BUTTON/StdPeriph_Driver/inc" -I"C:/Users/hvrsh/OneDrive/Desktop/FreeRTOS Workspace/STM32_FreeRTOS_LED_BUTTON/Third_party/SEGGER/Config" -I"C:/Users/hvrsh/OneDrive/Desktop/FreeRTOS Workspace/STM32_FreeRTOS_LED_BUTTON/Third_party/SEGGER/OS" -I"C:/Users/hvrsh/OneDrive/Desktop/FreeRTOS Workspace/STM32_FreeRTOS_LED_BUTTON/Third_party/SEGGER/SEGGER" -I"C:/Users/hvrsh/OneDrive/Desktop/FreeRTOS Workspace/STM32_FreeRTOS_LED_BUTTON/config" -I"C:/Users/hvrsh/OneDrive/Desktop/FreeRTOS Workspace/STM32_FreeRTOS_LED_BUTTON/Third_party/FreeRTOS/org/Source/portable/GCC/ARM_CM4F" -I"C:/Users/hvrsh/OneDrive/Desktop/FreeRTOS Workspace/STM32_FreeRTOS_LED_BUTTON/Third_party/FreeRTOS/org/Source/include" -I"C:/Users/hvrsh/OneDrive/Desktop/FreeRTOS Workspace/STM32_FreeRTOS_LED_BUTTON/inc" -I"C:/Users/hvrsh/OneDrive/Desktop/FreeRTOS Workspace/STM32_FreeRTOS_LED_BUTTON/CMSIS/device" -I"C:/Users/hvrsh/OneDrive/Desktop/FreeRTOS Workspace/STM32_FreeRTOS_LED_BUTTON/CMSIS/core" -O0 -g3 -Wall -fmessage-length=0 -ffunction-sections -c -MMD -MP -MF"Third_party/SEGGER/Config/SEGGER_SYSVIEW_Config_FreeRTOS.d" -MT"Third_party/SEGGER/Config/SEGGER_SYSVIEW_Config_FreeRTOS.o" -o "Third_party/SEGGER/Config/SEGGER_SYSVIEW_Config_FreeRTOS.o" "../Third_party/SEGGER/Config/SEGGER_SYSVIEW_Config_FreeRTOS.c"
C:\Users\hvrsh\OneDrive\Desktop\FreeRTOS Workspace\STM32_FreeRTOS_LED_BUTTON\Debug
C:\Users\hvrsh\OneDrive\Desktop\FreeRTOS Workspace\STM32_FreeRTOS_LED_BUTTON\Debug
arm-none-eabi-gcc -mcpu=cortex-m4 -mthumb -mfloat-abi=hard -mfpu=fpv4-sp-d16 -DSTM32 -DSTM32F4 -DSTM32F446RETx -DNUCLEO_F446RE -DDEBUG -DSTM32F446xx -DUSE_STDPERIPH_DRIVER -I"C:/Users/hvrsh/OneDrive/Desktop/FreeRTOS Workspace/STM32_FreeRTOS_LED_BUTTON/StdPeriph_Driver/inc" -I"C:/Users/hvrsh/OneDrive/Desktop/FreeRTOS Workspace/STM32_FreeRTOS_LED_BUTTON/Third_party/SEGGER/Config" -I"C:/Users/hvrsh/OneDrive/Desktop/FreeRTOS Workspace/STM32_FreeRTOS_LED_BUTTON/Third_party/SEGGER/OS" -I"C:/Users/hvrsh/OneDrive/Desktop/FreeRTOS Workspace/STM32_FreeRTOS_LED_BUTTON/Third_party/SEGGER/SEGGER" -I"C:/Users/hvrsh/OneDrive/Desktop/FreeRTOS Workspace/STM32_FreeRTOS_LED_BUTTON/config" -I"C:/Users/hvrsh/OneDrive/Desktop/FreeRTOS Workspace/STM32_FreeRTOS_LED_BUTTON/Third_party/FreeRTOS/org/Source/portable/GCC/ARM_CM4F" -I"C:/Users/hvrsh/OneDrive/Desktop/FreeRTOS Workspace/STM32_FreeRTOS_LED_BUTTON/Third_party/FreeRTOS/org/Source/include" -I"C:/Users/hvrsh/OneDrive/Desktop/FreeRTOS Workspace/STM32_FreeRTOS_LED_BUTTON/inc" -I"C:/Users/hvrsh/OneDrive/Desktop/FreeRTOS Workspace/STM32_FreeRTOS_LED_BUTTON/CMSIS/device" -I"C:/Users/hvrsh/OneDrive/Desktop/FreeRTOS Workspace/STM32_FreeRTOS_LED_BUTTON/CMSIS/core" -O0 -g3 -Wall -fmessage-length=0 -ffunction-sections -c -MMD -MP -MF"Third_party/FreeRTOS/org/Source/portable/MemMang/heap_4.d" -MT"Third_party/FreeRTOS/org/Source/portable/MemMang/heap_4.o" -o "Third_party/FreeRTOS/org/Source/portable/MemMang/heap_4.o" "../Third_party/FreeRTOS/org/Source/portable/MemMang/heap_4.c"
Invoking: MCU GCC Compiler
arm-none-eabi-gcc -mcpu=cortex-m4 -mthumb -mfloat-abi=hard -mfpu=fpv4-sp-d16 -DSTM32 -DSTM32F4 -DSTM32F446RETx -DNUCLEO_F446RE -DDEBUG -DSTM32F446xx -DUSE_STDPERIPH_DRIVER -I"C:/Users/hvrsh/OneDrive/Desktop/FreeRTOS Workspace/STM32_FreeRTOS_LED_BUTTON/StdPeriph_Driver/inc" -I"C:/Users/hvrsh/OneDrive/Desktop/FreeRTOS Workspace/STM32_FreeRTOS_LED_BUTTON/Third_party/SEGGER/Config" -I"C:/Users/hvrsh/OneDrive/Desktop/FreeRTOS Workspace/STM32_FreeRTOS_LED_BUTTON/Third_party/SEGGER/OS" -I"C:/Users/hvrsh/OneDrive/Desktop/FreeRTOS Workspace/STM32_FreeRTOS_LED_BUTTON/Third_party/SEGGER/SEGGER" -I"C:/Users/hvrsh/OneDrive/Desktop/FreeRTOS Workspace/STM32_FreeRTOS_LED_BUTTON/config" -I"C:/Users/hvrsh/OneDrive/Desktop/FreeRTOS Workspace/STM32_FreeRTOS_LED_BUTTON/Third_party/FreeRTOS/org/Source/portable/GCC/ARM_CM4F" -I"C:/Users/hvrsh/OneDrive/Desktop/FreeRTOS Workspace/STM32_FreeRTOS_LED_BUTTON/Third_party/FreeRTOS/org/Source/include" -I"C:/Users/hvrsh/OneDrive/Desktop/FreeRTOS Workspace/STM32_FreeRTOS_LED_BUTTON/inc" -I"C:/Users/hvrsh/OneDrive/Desktop/FreeRTOS Workspace/STM32_FreeRTOS_LED_BUTTON/CMSIS/device" -I"C:/Users/hvrsh/OneDrive/Desktop/FreeRTOS Workspace/STM32_FreeRTOS_LED_BUTTON/CMSIS/core" -O0 -g3 -Wall -fmessage-length=0 -ffunction-sections -c -MMD -MP -MF"Third_party/FreeRTOS/org/Source/portable/GCC/ARM_CM4F/port.d" -MT"Third_party/FreeRTOS/org/Source/portable/GCC/ARM_CM4F/port.o" -o "Third_party/FreeRTOS/org/Source/portable/GCC/ARM_CM4F/port.o" "../Third_party/FreeRTOS/org/Source/portable/GCC/ARM_CM4F/port.c"
C:\Users\hvrsh\OneDrive\Desktop\FreeRTOS Workspace\STM32_FreeRTOS_LED_BUTTON\Debug
Building file: ../Third_party/FreeRTOS/org/Source/list.c
arm-none-eabi-gcc -mcpu=cortex-m4 -mthumb -mfloat-abi=hard -mfpu=fpv4-sp-d16 -DSTM32 -DSTM32F4 -DSTM32F446RETx -DNUCLEO_F446RE -DDEBUG -DSTM32F446xx -DUSE_STDPERIPH_DRIVER -I"C:/Users/hvrsh/OneDrive/Desktop/FreeRTOS Workspace/STM32_FreeRTOS_LED_BUTTON/StdPeriph_Driver/inc" -I"C:/Users/hvrsh/OneDrive/Desktop/FreeRTOS Workspace/STM32_FreeRTOS_LED_BUTTON/Third_party/SEGGER/Config" -I"C:/Users/hvrsh/OneDrive/Desktop/FreeRTOS Workspace/STM32_FreeRTOS_LED_BUTTON/Third_party/SEGGER/OS" -I"C:/Users/hvrsh/OneDrive/Desktop/FreeRTOS Workspace/STM32_FreeRTOS_LED_BUTTON/Third_party/SEGGER/SEGGER" -I"C:/Users/hvrsh/OneDrive/Desktop/FreeRTOS Workspace/STM32_FreeRTOS_LED_BUTTON/config" -I"C:/Users/hvrsh/OneDrive/Desktop/FreeRTOS Workspace/STM32_FreeRTOS_LED_BUTTON/Third_party/FreeRTOS/org/Source/portable/GCC/ARM_CM4F" -I"C:/Users/hvrsh/OneDrive/Desktop/FreeRTOS Workspace/STM32_FreeRTOS_LED_BUTTON/Third_party/FreeRTOS/org/Source/include" -I"C:/Users/hvrsh/OneDrive/Desktop/FreeRTOS Workspace/STM32_FreeRTOS_LED_BUTTON/inc" -I"C:/Users/hvrsh/OneDrive/Desktop/FreeRTOS Workspace/STM32_FreeRTOS_LED_BUTTON/CMSIS/device" -I"C:/Users/hvrsh/OneDrive/Desktop/FreeRTOS Workspace/STM32_FreeRTOS_LED_BUTTON/CMSIS/core" -O0 -g3 -Wall -fmessage-length=0 -ffunction-sections -c -MMD -MP -MF"Third_party/FreeRTOS/org/Source/croutine.d" -MT"Third_party/FreeRTOS/org/Source/croutine.o" -o "Third_party/FreeRTOS/org/Source/croutine.o" "../Third_party/FreeRTOS/org/Source/croutine.c"
C:\Users\hvrsh\OneDrive\Desktop\FreeRTOS Workspace\STM32_FreeRTOS_LED_BUTTON\Debug
arm-none-eabi-gcc -mcpu=cortex-m4 -mthumb -mfloat-abi=hard -mfpu=fpv4-sp-d16 -DSTM32 -DSTM32F4 -DSTM32F446RETx -DNUCLEO_F446RE -DDEBUG -DSTM32F446xx -DUSE_STDPERIPH_DRIVER -I"C:/Users/hvrsh/OneDrive/Desktop/FreeRTOS Workspace/STM32_FreeRTOS_LED_BUTTON/StdPeriph_Driver/inc" -I"C:/Users/hvrsh/OneDrive/Desktop/FreeRTOS Workspace/STM32_FreeRTOS_LED_BUTTON/Third_party/SEGGER/Config" -I"C:/Users/hvrsh/OneDrive/Desktop/FreeRTOS Workspace/STM32_FreeRTOS_LED_BUTTON/Third_party/SEGGER/OS" -I"C:/Users/hvrsh/OneDrive/Desktop/FreeRTOS Workspace/STM32_FreeRTOS_LED_BUTTON/Third_party/SEGGER/SEGGER" -I"C:/Users/hvrsh/OneDrive/Desktop/FreeRTOS Workspace/STM32_FreeRTOS_LED_BUTTON/config" -I"C:/Users/hvrsh/OneDrive/Desktop/FreeRTOS Workspace/STM32_FreeRTOS_LED_BUTTON/Third_party/FreeRTOS/org/Source/portable/GCC/ARM_CM4F" -I"C:/Users/hvrsh/OneDrive/Desktop/FreeRTOS Workspace/STM32_FreeRTOS_LED_BUTTON/Third_party/FreeRTOS/org/Source/include" -I"C:/Users/hvrsh/OneDrive/Desktop/FreeRTOS Workspace/STM32_FreeRTOS_LED_BUTTON/inc" -I"C:/Users/hvrsh/OneDrive/Desktop/FreeRTOS Workspace/STM32_FreeRTOS_LED_BUTTON/CMSIS/device" -I"C:/Users/hvrsh/OneDrive/Desktop/FreeRTOS Workspace/STM32_FreeRTOS_LED_BUTTON/CMSIS/core" -O0 -g3 -Wall -fmessage-length=0 -ffunction-sections -c -MMD -MP -MF"Third_party/FreeRTOS/org/Source/event_groups.d" -MT"Third_party/FreeRTOS/org/Source/event_groups.o" -o "Third_party/FreeRTOS/org/Source/event_groups.o" "../Third_party/FreeRTOS/org/Source/event_groups.c"
Invoking: MCU GCC Compiler
C:\Users\hvrsh\OneDrive\Desktop\FreeRTOS Workspace\STM32_FreeRTOS_LED_BUTTON\Debug
arm-none-eabi-gcc -mcpu=cortex-m4 -mthumb -mfloat-abi=hard -mfpu=fpv4-sp-d16 -DSTM32 -DSTM32F4 -DSTM32F446RETx -DNUCLEO_F446RE -DDEBUG -DSTM32F446xx -DUSE_STDPERIPH_DRIVER -I"C:/Users/hvrsh/OneDrive/Desktop/FreeRTOS Workspace/STM32_FreeRTOS_LED_BUTTON/StdPeriph_Driver/inc" -I"C:/Users/hvrsh/OneDrive/Desktop/FreeRTOS Workspace/STM32_FreeRTOS_LED_BUTTON/Third_party/SEGGER/Config" -I"C:/Users/hvrsh/OneDrive/Desktop/FreeRTOS Workspace/STM32_FreeRTOS_LED_BUTTON/Third_party/SEGGER/OS" -I"C:/Users/hvrsh/OneDrive/Desktop/FreeRTOS Workspace/STM32_FreeRTOS_LED_BUTTON/Third_party/SEGGER/SEGGER" -I"C:/Users/hvrsh/OneDrive/Desktop/FreeRTOS Workspace/STM32_FreeRTOS_LED_BUTTON/config" -I"C:/Users/hvrsh/OneDrive/Desktop/FreeRTOS Workspace/STM32_FreeRTOS_LED_BUTTON/Third_party/FreeRTOS/org/Source/portable/GCC/ARM_CM4F" -I"C:/Users/hvrsh/OneDrive/Desktop/FreeRTOS Workspace/STM32_FreeRTOS_LED_BUTTON/Third_party/FreeRTOS/org/Source/include" -I"C:/Users/hvrsh/OneDrive/Desktop/FreeRTOS Workspace/STM32_FreeRTOS_LED_BUTTON/inc" -I"C:/Users/hvrsh/OneDrive/Desktop/FreeRTOS Workspace/STM32_FreeRTOS_LED_BUTTON/CMSIS/device" -I"C:/Users/hvrsh/OneDrive/Desktop/FreeRTOS Workspace/STM32_FreeRTOS_LED_BUTTON/CMSIS/core" -O0 -g3 -Wall -fmessage-length=0 -ffunction-sections -c -MMD -MP -MF"Third_party/FreeRTOS/org/Source/list.d" -MT"Third_party/FreeRTOS/org/Source/list.o" -o "Third_party/FreeRTOS/org/Source/list.o" "../Third_party/FreeRTOS/org/Source/list.c"
Finished building: ../Third_party/SEGGER/Config/SEGGER_SYSVIEW_Config_FreeRTOS.c
Finished building: ../Third_party/FreeRTOS/org/Source/portable/GCC/ARM_CM4F/port.c
Finished building: ../Third_party/SEGGER/OS/SEGGER_SYSVIEW_FreeRTOS.c
Finished building: ../Third_party/FreeRTOS/org/Source/portable/MemMang/heap_4.c
Finished building: ../Third_party/FreeRTOS/org/Source/event_groups.c
Finished building: ../Third_party/FreeRTOS/org/Source/croutine.c
Finished building: ../Third_party/FreeRTOS/org/Source/list.c
 
 
 
 
 
 
 
Building file: ../Third_party/FreeRTOS/org/Source/queue.c
Building file: ../Third_party/FreeRTOS/org/Source/stream_buffer.c
Building file: ../Third_party/FreeRTOS/org/Source/tasks.c
Building file: ../Third_party/FreeRTOS/org/Source/timers.c
Invoking: MCU GCC Compiler
Invoking: MCU GCC Compiler
Invoking: MCU GCC Compiler
Invoking: MCU GCC Compiler
C:\Users\hvrsh\OneDrive\Desktop\FreeRTOS Workspace\STM32_FreeRTOS_LED_BUTTON\Debug
C:\Users\hvrsh\OneDrive\Desktop\FreeRTOS Workspace\STM32_FreeRTOS_LED_BUTTON\Debug
arm-none-eabi-gcc -mcpu=cortex-m4 -mthumb -mfloat-abi=hard -mfpu=fpv4-sp-d16 -DSTM32 -DSTM32F4 -DSTM32F446RETx -DNUCLEO_F446RE -DDEBUG -DSTM32F446xx -DUSE_STDPERIPH_DRIVER -I"C:/Users/hvrsh/OneDrive/Desktop/FreeRTOS Workspace/STM32_FreeRTOS_LED_BUTTON/StdPeriph_Driver/inc" -I"C:/Users/hvrsh/OneDrive/Desktop/FreeRTOS Workspace/STM32_FreeRTOS_LED_BUTTON/Third_party/SEGGER/Config" -I"C:/Users/hvrsh/OneDrive/Desktop/FreeRTOS Workspace/STM32_FreeRTOS_LED_BUTTON/Third_party/SEGGER/OS" -I"C:/Users/hvrsh/OneDrive/Desktop/FreeRTOS Workspace/STM32_FreeRTOS_LED_BUTTON/Third_party/SEGGER/SEGGER" -I"C:/Users/hvrsh/OneDrive/Desktop/FreeRTOS Workspace/STM32_FreeRTOS_LED_BUTTON/config" -I"C:/Users/hvrsh/OneDrive/Desktop/FreeRTOS Workspace/STM32_FreeRTOS_LED_BUTTON/Third_party/FreeRTOS/org/Source/portable/GCC/ARM_CM4F" -I"C:/Users/hvrsh/OneDrive/Desktop/FreeRTOS Workspace/STM32_FreeRTOS_LED_BUTTON/Third_party/FreeRTOS/org/Source/include" -I"C:/Users/hvrsh/OneDrive/Desktop/FreeRTOS Workspace/STM32_FreeRTOS_LED_BUTTON/inc" -I"C:/Users/hvrsh/OneDrive/Desktop/FreeRTOS Workspace/STM32_FreeRTOS_LED_BUTTON/CMSIS/device" -I"C:/Users/hvrsh/OneDrive/Desktop/FreeRTOS Workspace/STM32_FreeRTOS_LED_BUTTON/CMSIS/core" -O0 -g3 -Wall -fmessage-length=0 -ffunction-sections -c -MMD -MP -MF"Third_party/FreeRTOS/org/Source/stream_buffer.d" -MT"Third_party/FreeRTOS/org/Source/stream_buffer.o" -o "Third_party/FreeRTOS/org/Source/stream_buffer.o" "../Third_party/FreeRTOS/org/Source/stream_buffer.c"
C:\Users\hvrsh\OneDrive\Desktop\FreeRTOS Workspace\STM32_FreeRTOS_LED_BUTTON\Debug
arm-none-eabi-gcc -mcpu=cortex-m4 -mthumb -mfloat-abi=hard -mfpu=fpv4-sp-d16 -DSTM32 -DSTM32F4 -DSTM32F446RETx -DNUCLEO_F446RE -DDEBUG -DSTM32F446xx -DUSE_STDPERIPH_DRIVER -I"C:/Users/hvrsh/OneDrive/Desktop/FreeRTOS Workspace/STM32_FreeRTOS_LED_BUTTON/StdPeriph_Driver/inc" -I"C:/Users/hvrsh/OneDrive/Desktop/FreeRTOS Workspace/STM32_FreeRTOS_LED_BUTTON/Third_party/SEGGER/Config" -I"C:/Users/hvrsh/OneDrive/Desktop/FreeRTOS Workspace/STM32_FreeRTOS_LED_BUTTON/Third_party/SEGGER/OS" -I"C:/Users/hvrsh/OneDrive/Desktop/FreeRTOS Workspace/STM32_FreeRTOS_LED_BUTTON/Third_party/SEGGER/SEGGER" -I"C:/Users/hvrsh/OneDrive/Desktop/FreeRTOS Workspace/STM32_FreeRTOS_LED_BUTTON/config" -I"C:/Users/hvrsh/OneDrive/Desktop/FreeRTOS Workspace/STM32_FreeRTOS_LED_BUTTON/Third_party/FreeRTOS/org/Source/portable/GCC/ARM_CM4F" -I"C:/Users/hvrsh/OneDrive/Desktop/FreeRTOS Workspace/STM32_FreeRTOS_LED_BUTTON/Third_party/FreeRTOS/org/Source/include" -I"C:/Users/hvrsh/OneDrive/Desktop/FreeRTOS Workspace/STM32_FreeRTOS_LED_BUTTON/inc" -I"C:/Users/hvrsh/OneDrive/Desktop/FreeRTOS Workspace/STM32_FreeRTOS_LED_BUTTON/CMSIS/device" -I"C:/Users/hvrsh/OneDrive/Desktop/FreeRTOS Workspace/STM32_FreeRTOS_LED_BUTTON/CMSIS/core" -O0 -g3 -Wall -fmessage-length=0 -ffunction-sections -c -MMD -MP -MF"Third_party/FreeRTOS/org/Source/queue.d" -MT"Third_party/FreeRTOS/org/Source/queue.o" -o "Third_party/FreeRTOS/org/Source/queue.o" "../Third_party/FreeRTOS/org/Source/queue.c"
C:\Users\hvrsh\OneDrive\Desktop\FreeRTOS Workspace\STM32_FreeRTOS_LED_BUTTON\Debug
arm-none-eabi-gcc -mcpu=cortex-m4 -mthumb -mfloat-abi=hard -mfpu=fpv4-sp-d16 -DSTM32 -DSTM32F4 -DSTM32F446RETx -DNUCLEO_F446RE -DDEBUG -DSTM32F446xx -DUSE_STDPERIPH_DRIVER -I"C:/Users/hvrsh/OneDrive/Desktop/FreeRTOS Workspace/STM32_FreeRTOS_LED_BUTTON/StdPeriph_Driver/inc" -I"C:/Users/hvrsh/OneDrive/Desktop/FreeRTOS Workspace/STM32_FreeRTOS_LED_BUTTON/Third_party/SEGGER/Config" -I"C:/Users/hvrsh/OneDrive/Desktop/FreeRTOS Workspace/STM32_FreeRTOS_LED_BUTTON/Third_party/SEGGER/OS" -I"C:/Users/hvrsh/OneDrive/Desktop/FreeRTOS Workspace/STM32_FreeRTOS_LED_BUTTON/Third_party/SEGGER/SEGGER" -I"C:/Users/hvrsh/OneDrive/Desktop/FreeRTOS Workspace/STM32_FreeRTOS_LED_BUTTON/config" -I"C:/Users/hvrsh/OneDrive/Desktop/FreeRTOS Workspace/STM32_FreeRTOS_LED_BUTTON/Third_party/FreeRTOS/org/Source/portable/GCC/ARM_CM4F" -I"C:/Users/hvrsh/OneDrive/Desktop/FreeRTOS Workspace/STM32_FreeRTOS_LED_BUTTON/Third_party/FreeRTOS/org/Source/include" -I"C:/Users/hvrsh/OneDrive/Desktop/FreeRTOS Workspace/STM32_FreeRTOS_LED_BUTTON/inc" -I"C:/Users/hvrsh/OneDrive/Desktop/FreeRTOS Workspace/STM32_FreeRTOS_LED_BUTTON/CMSIS/device" -I"C:/Users/hvrsh/OneDrive/Desktop/FreeRTOS Workspace/STM32_FreeRTOS_LED_BUTTON/CMSIS/core" -O0 -g3 -Wall -fmessage-length=0 -ffunction-sections -c -MMD -MP -MF"Third_party/FreeRTOS/org/Source/tasks.d" -MT"Third_party/FreeRTOS/org/Source/tasks.o" -o "Third_party/FreeRTOS/org/Source/tasks.o" "../Third_party/FreeRTOS/org/Source/tasks.c"
arm-none-eabi-gcc -mcpu=cortex-m4 -mthumb -mfloat-abi=hard -mfpu=fpv4-sp-d16 -DSTM32 -DSTM32F4 -DSTM32F446RETx -DNUCLEO_F446RE -DDEBUG -DSTM32F446xx -DUSE_STDPERIPH_DRIVER -I"C:/Users/hvrsh/OneDrive/Desktop/FreeRTOS Workspace/STM32_FreeRTOS_LED_BUTTON/StdPeriph_Driver/inc" -I"C:/Users/hvrsh/OneDrive/Desktop/FreeRTOS Workspace/STM32_FreeRTOS_LED_BUTTON/Third_party/SEGGER/Config" -I"C:/Users/hvrsh/OneDrive/Desktop/FreeRTOS Workspace/STM32_FreeRTOS_LED_BUTTON/Third_party/SEGGER/OS" -I"C:/Users/hvrsh/OneDrive/Desktop/FreeRTOS Workspace/STM32_FreeRTOS_LED_BUTTON/Third_party/SEGGER/SEGGER" -I"C:/Users/hvrsh/OneDrive/Desktop/FreeRTOS Workspace/STM32_FreeRTOS_LED_BUTTON/config" -I"C:/Users/hvrsh/OneDrive/Desktop/FreeRTOS Workspace/STM32_FreeRTOS_LED_BUTTON/Third_party/FreeRTOS/org/Source/portable/GCC/ARM_CM4F" -I"C:/Users/hvrsh/OneDrive/Desktop/FreeRTOS Workspace/STM32_FreeRTOS_LED_BUTTON/Third_party/FreeRTOS/org/Source/include" -I"C:/Users/hvrsh/OneDrive/Desktop/FreeRTOS Workspace/STM32_FreeRTOS_LED_BUTTON/inc" -I"C:/Users/hvrsh/OneDrive/Desktop/FreeRTOS Workspace/STM32_FreeRTOS_LED_BUTTON/CMSIS/device" -I"C:/Users/hvrsh/OneDrive/Desktop/FreeRTOS Workspace/STM32_FreeRTOS_LED_BUTTON/CMSIS/core" -O0 -g3 -Wall -fmessage-length=0 -ffunction-sections -c -MMD -MP -MF"Third_party/FreeRTOS/org/Source/timers.d" -MT"Third_party/FreeRTOS/org/Source/timers.o" -o "Third_party/FreeRTOS/org/Source/timers.o" "../Third_party/FreeRTOS/org/Source/timers.c"
Finished building: ../src/001LED_BUTTON.c
 
Finished building: ../Third_party/FreeRTOS/org/Source/timers.c
Finished building: ../Third_party/FreeRTOS/org/Source/stream_buffer.c
 
 
Finished building: ../Third_party/FreeRTOS/org/Source/queue.c
 
Finished building: ../Third_party/FreeRTOS/org/Source/tasks.c
 
Building target: STM32_FreeRTOS_LED_BUTTON.elf
Invoking: MCU GCC Linker
arm-none-eabi-gcc -mcpu=cortex-m4 -mthumb -mfloat-abi=hard -mfpu=fpv4-sp-d16 -specs=rdimon.specs -lc -lrdimon -T"C:/Users/hvrsh/OneDrive/Desktop/FreeRTOS Workspace/STM32_FreeRTOS_LED_BUTTON/LinkerScript.ld" -Wl,-Map=output.map -Wl,--gc-sections -o "STM32_FreeRTOS_LED_BUTTON.elf" @"objects.list"   -lm
Finished building target: STM32_FreeRTOS_LED_BUTTON.elf
 
make --no-print-directory post-build
Generating binary and Printing size information:
arm-none-eabi-objcopy -O binary "STM32_FreeRTOS_LED_BUTTON.elf" "STM32_FreeRTOS_LED_BUTTON.bin"
arm-none-eabi-size "STM32_FreeRTOS_LED_BUTTON.elf"
   text	   data	    bss	    dec	    hex	filename
  22180	   1120	  88172	 111472	  1b370	STM32_FreeRTOS_LED_BUTTON.elf
 

13:50:29 Build Finished (took 4s.504ms)

